 PSINS

 Timestamp is 61f26e8d (Thu Jan 27 18:06:05 2022)

 Preferred load address is 00400000

 Start         Length     Name                   Class
 0001:00000000 00049844H .text                   CODE
 0001:00049850 000005e3H .text$x                 CODE
 0002:00000000 00002130H .rdata                  DATA
 0002:00002130 0000017cH .rdata$r                DATA
 0002:000022b0 00000818H .xdata$x                DATA
 0002:00002ad0 00000699H .edata                  DATA
 0003:00000000 00000004H .CRT$XCA                DATA
 0003:00000004 0000001cH .CRT$XCU                DATA
 0003:00000020 00000004H .CRT$XCZ                DATA
 0003:00000024 00000004H .CRT$XIA                DATA
 0003:00000028 0000000cH .CRT$XIC                DATA
 0003:00000034 00000004H .CRT$XIY                DATA
 0003:00000038 00000004H .CRT$XIZ                DATA
 0003:0000003c 00000004H .CRT$XPA                DATA
 0003:00000040 00000008H .CRT$XPX                DATA
 0003:00000048 00000004H .CRT$XPZ                DATA
 0003:0000004c 00000004H .CRT$XTA                DATA
 0003:00000050 00000004H .CRT$XTB                DATA
 0003:00000054 00000004H .CRT$XTZ                DATA
 0003:00000060 00003714H .data                   DATA
 0003:00003780 00001ee9H .bss                    DATA
 0004:00000000 0000003cH .idata$2                DATA
 0004:0000003c 00000014H .idata$3                DATA
 0004:00000050 000001b0H .idata$4                DATA
 0004:00000200 000001b0H .idata$5                DATA
 0004:000003b0 00000784H .idata$6                DATA

  Address         Publics by Value              Rva+Base     Lib:Object

 0001:00000000       ??0CKFApp@@QAE@N@Z         00401000 f   KFApp.obj
 0001:00000060       ?Init@CKFApp@@UAEXABVCSINS@@H@Z 00401060 f   KFApp.obj
 0001:00000500       ?RTOutput@CSINSTDKF@@UAEXXZ 00401500 f i KFApp.obj
 0001:00000530       ?Miscellanous@CSINSTDKF@@UAEXXZ 00401530 f i KFApp.obj
 0001:00000560       ?SecretAttitude@CSINSTDKF@@UAEXXZ 00401560 f i KFApp.obj
 0001:00000590       ?SetMeas@CSINSGNSS@@UAEXXZ 00401590 f i KFApp.obj
 0001:000005c0       _main                      004015c0 f   Main_SinsGps.obj
 0001:00000a00       ??1CFileRdSr@@QAE@XZ       00401a00 f i Main_SinsGps.obj
 0001:00000a40       ??0CFileRdSr@@QAE@PBD@Z    00401a40 f i Main_SinsGps.obj
 0001:00000b00       ?load@CFileRdSr@@QAEHH@Z   00401b00 f i Main_SinsGps.obj
 0001:00000b50       ??0DataSensor@@QAE@XZ      00401b50 f i Main_SinsGps.obj
 0001:00000f20       ??0CGLV@@QAE@NNNN@Z        00401f20 f   PSINS.obj
 0001:00001210       ??0CComplex@@QAE@NN@Z      00402210 f   PSINS.obj
 0001:00001260       ??HCComplex@@QBE?AV0@ABV0@@Z 00402260 f   PSINS.obj
 0001:000012e0       ??HCComplex@@QBE?AV0@N@Z   004022e0 f   PSINS.obj
 0001:00001350       ??H@YA?AVCComplex@@NABV0@@Z 00402350 f   PSINS.obj
 0001:000013c0       ??GCComplex@@QBE?AV0@ABV0@@Z 004023c0 f   PSINS.obj
 0001:00001440       ??GCComplex@@QBE?AV0@N@Z   00402440 f   PSINS.obj
 0001:000014b0       ??G@YA?AVCComplex@@NABV0@@Z 004024b0 f   PSINS.obj
 0001:00001520       ??DCComplex@@QBE?AV0@ABV0@@Z 00402520 f   PSINS.obj
 0001:000015b0       ??DCComplex@@QBE?AV0@N@Z   004025b0 f   PSINS.obj
 0001:00001630       ??D@YA?AVCComplex@@NABV0@@Z 00402630 f   PSINS.obj
 0001:000016a0       ??KCComplex@@QBE?AV0@ABV0@@Z 004026a0 f   PSINS.obj
 0001:00001790       ??KCComplex@@QBE?AV0@N@Z   00402790 f   PSINS.obj
 0001:00001850       ??K@YA?AVCComplex@@NABV0@@Z 00402850 f   PSINS.obj
 0001:000018c0       ??G@YA?AVCComplex@@ABV0@@Z 004028c0 f   PSINS.obj
 0001:00001930       ??4CComplex@@QAEAAV0@N@Z   00402930 f   PSINS.obj
 0001:00001980       ??S@YA?AVCComplex@@ABV0@@Z 00402980 f   PSINS.obj
 0001:000019f0       ?real@@YANABVCComplex@@@Z  004029f0 f   PSINS.obj
 0001:00001a20       ?img@@YANABVCComplex@@@Z   00402a20 f   PSINS.obj
 0001:00001a50       ?norm@@YANABVCComplex@@@Z  00402a50 f   PSINS.obj
 0001:00001aa0       ?arg@@YANABVCComplex@@@Z   00402aa0 f   PSINS.obj
 0001:00001b20       ?pow@@YA?AVCComplex@@ABV1@N@Z 00402b20 f   PSINS.obj
 0001:00001c30       ?sqrt@@YA?AVCComplex@@ABV1@@Z 00402c30 f   PSINS.obj
 0001:00001d00       ?m33abc@@YA?AVCVect3@@ABVCMat3@@@Z 00402d00 f   PSINS.obj
 0001:00001e10       ?realrt3@@YA?AVCVect3@@NNN@Z 00402e10 f   PSINS.obj
 0001:00002170       ??0CComplex@@QAE@XZ        00403170 f i PSINS.obj
 0001:000021a0       ?ShengJin@@YA?AVCVect3@@NNN@Z 004031a0 f   PSINS.obj
 0001:00002350       ??0CVect3@@QAE@XZ          00403350 f   PSINS.obj
 0001:00002380       ??0CVect3@@QAE@N@Z         00403380 f   PSINS.obj
 0001:000023e0       ??0CVect3@@QAE@NNN@Z       004033e0 f   PSINS.obj
 0001:00002440       ??0CVect3@@QAE@PBN@Z       00403440 f   PSINS.obj
 0001:000024b0       ??0CVect3@@QAE@PBM@Z       004034b0 f   PSINS.obj
 0001:00002510       ?IsZero@@YAHABVCVect3@@N@Z 00403510 f   PSINS.obj
 0001:000025b0       ?IsZeroXY@@YAHABVCVect3@@N@Z 004035b0 f   PSINS.obj
 0001:00002630       ?IsNaN@@YAHABVCVect3@@@Z   00403630 f   PSINS.obj
 0001:00002660       ??HCVect3@@QBE?AV0@ABV0@@Z 00403660 f   PSINS.obj
 0001:000026e0       ??GCVect3@@QBE?AV0@ABV0@@Z 004036e0 f   PSINS.obj
 0001:00002760       ??DCVect3@@QBE?AV0@ABV0@@Z 00403760 f   PSINS.obj
 0001:00002810       ??DCVect3@@QBE?AV0@N@Z     00403810 f   PSINS.obj
 0001:00002890       ??DCVect3@@QBE?AV0@ABVCMat3@@@Z 00403890 f   PSINS.obj
 0001:00002960       ??KCVect3@@QBE?AV0@N@Z     00403960 f   PSINS.obj
 0001:000029e0       ??KCVect3@@QBE?AV0@ABV0@@Z 004039e0 f   PSINS.obj
 0001:00002a60       ??4CVect3@@QAEAAV0@N@Z     00403a60 f   PSINS.obj
 0001:00002ac0       ??4CVect3@@QAEAAV0@PBN@Z   00403ac0 f   PSINS.obj
 0001:00002b30       ??YCVect3@@QAEAAV0@ABV0@@Z 00403b30 f   PSINS.obj
 0001:00002b90       ??ZCVect3@@QAEAAV0@ABV0@@Z 00403b90 f   PSINS.obj
 0001:00002bf0       ??XCVect3@@QAEAAV0@N@Z     00403bf0 f   PSINS.obj
 0001:00002c50       ??_0CVect3@@QAEAAV0@N@Z    00403c50 f   PSINS.obj
 0001:00002cb0       ??_0CVect3@@QAEAAV0@ABV0@@Z 00403cb0 f   PSINS.obj
 0001:00002d10       ??D@YA?AVCVect3@@NABV0@@Z  00403d10 f   PSINS.obj
 0001:00002d80       ??G@YA?AVCVect3@@ABV0@@Z   00403d80 f   PSINS.obj
 0001:00002df0       ?vxv@@YA?AVCMat3@@ABVCVect3@@0@Z 00403df0 f   PSINS.obj
 0001:00002ee0       ?sqrt@@YA?AVCVect3@@ABV1@@Z 00403ee0 f   PSINS.obj
 0001:00002f60       ?pow@@YA?AVCVect3@@ABV1@H@Z 00403f60 f   PSINS.obj
 0001:00002fe0       ?abs@@YA?AVCVect3@@ABV1@@Z 00403fe0 f   PSINS.obj
 0001:000030d0       ?norm@@YANABVCVect3@@@Z    004040d0 f   PSINS.obj
 0001:00003130       ?normInf@@YANABVCVect3@@@Z 00404130 f   PSINS.obj
 0001:00003270       ?normXY@@YANABVCVect3@@@Z  00404270 f   PSINS.obj
 0001:000032c0       ?dot@@YANABVCVect3@@0@Z    004042c0 f   PSINS.obj
 0001:00003310       ?dotmul@@YA?AVCVect3@@ABV1@0@Z 00404310 f   PSINS.obj
 0001:00003390       ?rv2q@@YA?AVCQuat@@ABVCVect3@@@Z 00404390 f   PSINS.obj
 0001:000034e0       ?askew@@YA?AVCMat3@@ABVCVect3@@@Z 004044e0 f   PSINS.obj
 0001:00003580       ?pos2Cen@@YA?AVCMat3@@ABVCVect3@@@Z 00404580 f   PSINS.obj
 0001:00003680       ?pp2vn@@YA?AVCVect3@@ABV1@0NPAVCEarth@@@Z 00404680 f   PSINS.obj
 0001:000037d0       ?sinAng@@YANABVCVect3@@0@Z 004047d0 f   PSINS.obj
 0001:00003880       ?MagYaw@@YANABVCVect3@@0N@Z 00404880 f   PSINS.obj
 0001:00003970       ?xyz2blh@@YA?AVCVect3@@ABV1@@Z 00404970 f   PSINS.obj
 0001:00003b30       ?blh2xyz@@YA?AVCVect3@@ABV1@@Z 00404b30 f   PSINS.obj
 0001:00003c40       ?Vxyz2enu@@YA?AVCVect3@@ABV1@0@Z 00404c40 f   PSINS.obj
 0001:00003ca0       ?sort@@YA?AVCVect3@@ABV1@@Z 00404ca0 f   PSINS.obj
 0001:00003d70       ??0CQuat@@QAE@XZ           00404d70 f   PSINS.obj
 0001:00003da0       ??0CQuat@@QAE@NABVCVect3@@@Z 00404da0 f   PSINS.obj
 0001:00003e10       ??0CQuat@@QAE@NNNN@Z       00404e10 f   PSINS.obj
 0001:00003e80       ??0CQuat@@QAE@PBN@Z        00404e80 f   PSINS.obj
 0001:00003f10       ??HCQuat@@QBE?AV0@ABVCVect3@@@Z 00404f10 f   PSINS.obj
 0001:00003fa0       ??GCQuat@@QBE?AV0@ABVCVect3@@@Z 00404fa0 f   PSINS.obj
 0001:00004020       ??GCQuat@@QBE?AVCVect3@@AAV0@@Z 00405020 f   PSINS.obj
 0001:00004160       ??DCQuat@@QBE?AV0@ABV0@@Z  00405160 f   PSINS.obj
 0001:00004290       ??XCQuat@@QAEAAV0@ABV0@@Z  00405290 f   PSINS.obj
 0001:000042e0       ??ZCQuat@@QAEAAV0@ABVCVect3@@@Z 004052e0 f   PSINS.obj
 0001:00004360       ??S@YA?AVCQuat@@ABV0@@Z    00405360 f   PSINS.obj
 0001:000043e0       ??DCQuat@@QBE?AVCVect3@@ABV1@@Z 004053e0 f   PSINS.obj
 0001:00004570       ?SetYaw@CQuat@@QAEXN@Z     00405570 f   PSINS.obj
 0001:000045f0       ?normlize@@YAXPAVCQuat@@@Z 004055f0 f   PSINS.obj
 0001:000046a0       ?q2rv@@YA?AVCVect3@@ABVCQuat@@@Z 004056a0 f   PSINS.obj
 0001:000047d0       ?qq2phi@@YA?AVCVect3@@ABVCQuat@@0@Z 004057d0 f   PSINS.obj
 0001:00004840       ?addmu@@YA?AVCQuat@@ABV1@ABVCVect3@@@Z 00405840 f   PSINS.obj
 0001:000048a0       ?UpDown@@YA?AVCQuat@@ABV1@@Z 004058a0 f   PSINS.obj
 0001:00004930       ??0CMat3@@QAE@XZ           00405930 f   PSINS.obj
 0001:00004960       ??0CMat3@@QAE@N@Z          00405960 f   PSINS.obj
 0001:00004a10       ??0CMat3@@QAE@PBN@Z        00405a10 f   PSINS.obj
 0001:00004b20       ??0CMat3@@QAE@PBM@Z        00405b20 f   PSINS.obj
 0001:00004c00       ??0CMat3@@QAE@NNN@Z        00405c00 f   PSINS.obj
 0001:00004cc0       ??0CMat3@@QAE@NNNNNNNNN@Z  00405cc0 f   PSINS.obj
 0001:00004d70       ??0CMat3@@QAE@ABVCVect3@@00H@Z 00405d70 f   PSINS.obj
 0001:00004ef0       ?sv2att@@YA?AVCVect3@@ABV1@N0@Z 00405ef0 f   PSINS.obj
 0001:00005040       ?dv2att@@YA?AVCVect3@@ABV1@000@Z 00406040 f   PSINS.obj
 0001:000052d0       ?vn2att@@YA?AVCVect3@@ABV1@@Z 004062d0 f   PSINS.obj
 0001:00005390       ??G@YA?AVCMat3@@ABV0@@Z    00406390 f   PSINS.obj
 0001:00005460       ??S@YA?AVCMat3@@ABV0@@Z    00406460 f   PSINS.obj
 0001:00005510       ??DCMat3@@QBE?AV0@ABV0@@Z  00406510 f   PSINS.obj
 0001:000056e0       ??HCMat3@@QBE?AV0@ABV0@@Z  004066e0 f   PSINS.obj
 0001:000057c0       ??YCMat3@@QAEAAV0@ABV0@@Z  004067c0 f   PSINS.obj
 0001:00005890       ??HCMat3@@QBE?AV0@ABVCVect3@@@Z 00406890 f   PSINS.obj
 0001:00005900       ??YCMat3@@QAEAAV0@ABVCVect3@@@Z 00406900 f   PSINS.obj
 0001:00005960       ??GCMat3@@QBE?AV0@ABV0@@Z  00406960 f   PSINS.obj
 0001:00005a40       ??DCMat3@@QBE?AV0@N@Z      00406a40 f   PSINS.obj
 0001:00005b20       ?SetRow@CMat3@@QAEXHAAVCVect3@@@Z 00406b20 f   PSINS.obj
 0001:00005b90       ?SetClm@CMat3@@QAEXHAAVCVect3@@@Z 00406b90 f   PSINS.obj
 0001:00005c00       ?GetRow@CMat3@@QBE?AVCVect3@@H@Z 00406c00 f   PSINS.obj
 0001:00005c80       ?GetClm@CMat3@@QBE?AVCVect3@@H@Z 00406c80 f   PSINS.obj
 0001:00005d00       ?Rot@@YA?AVCMat3@@ND@Z     00406d00 f   PSINS.obj
 0001:00005e80       ?rcijk@@YA?AVCMat3@@ABV1@H@Z 00406e80 f   PSINS.obj
 0001:00006260       ?symmetry@@YAXAAVCMat3@@@Z 00407260 f   PSINS.obj
 0001:00006300       ??D@YA?AVCMat3@@NABV0@@Z   00407300 f   PSINS.obj
 0001:000063d0       ??DCMat3@@QBE?AVCVect3@@ABV1@@Z 004073d0 f   PSINS.obj
 0001:000064a0       ?det@@YANABVCMat3@@@Z      004074a0 f   PSINS.obj
 0001:00006530       ?trace@@YANABVCMat3@@@Z    00407530 f   PSINS.obj
 0001:00006560       ?pow@@YA?AVCMat3@@ABV1@H@Z 00407560 f   PSINS.obj
 0001:000065f0       ?a2qua@@YA?AVCQuat@@NNN@Z  004075f0 f   PSINS.obj
 0001:00006730       ?a2qua@@YA?AVCQuat@@ABVCVect3@@@Z 00407730 f   PSINS.obj
 0001:000067a0       ?a2mat@@YA?AVCMat3@@ABVCVect3@@@Z 004077a0 f   PSINS.obj
 0001:000068f0       ?ar2mat@@YA?AVCMat3@@ABVCVect3@@@Z 004078f0 f   PSINS.obj
 0001:00006a40       ?ar2qua@@YA?AVCQuat@@ABVCVect3@@@Z 00407a40 f   PSINS.obj
 0001:00006aa0       ?m2att@@YA?AVCVect3@@ABVCMat3@@@Z 00407aa0 f   PSINS.obj
 0001:00006b60       ?m2attr@@YA?AVCVect3@@ABVCMat3@@@Z 00407b60 f   PSINS.obj
 0001:00006c20       ?q2attr@@YA?AVCVect3@@ABVCQuat@@@Z 00407c20 f   PSINS.obj
 0001:00006c80       ?m2qua@@YA?AVCQuat@@ABVCMat3@@@Z 00407c80 f   PSINS.obj
 0001:00006f50       ?q2att@@YA?AVCVect3@@ABVCQuat@@@Z 00407f50 f   PSINS.obj
 0001:000070c0       ?q2mat@@YA?AVCMat3@@ABVCQuat@@@Z 004080c0 f   PSINS.obj
 0001:00007220       ?adj@@YA?AVCMat3@@ABV1@@Z  00408220 f   PSINS.obj
 0001:00007380       ?inv@@YA?AVCMat3@@ABV1@@Z  00408380 f   PSINS.obj
 0001:00007420       ?diag@@YA?AVCVect3@@ABVCMat3@@@Z 00408420 f   PSINS.obj
 0001:00007480       ?diag@@YA?AVCMat3@@ABVCVect3@@@Z 00408480 f   PSINS.obj
 0001:00007510       ?MMT@@YA?AVCMat3@@ABV1@0@Z 00408510 f   PSINS.obj
 0001:000076a0       ?trMMT@@YANABVCMat3@@0@Z   004086a0 f   PSINS.obj
 0001:00007760       ?norm@@YANABVCMat3@@@Z     00408760 f   PSINS.obj
 0001:000077b0       ?sfoam@@YA?AVCMat3@@ABV1@H@Z 004087b0 f   PSINS.obj
 0001:00007ec0       ??0CMat@@QAE@XZ            00408ec0 f   PSINS.obj
 0001:00007ef0       ??0CMat@@QAE@HH@Z          00408ef0 f   PSINS.obj
 0001:00007f40       ??0CMat@@QAE@HHN@Z         00408f40 f   PSINS.obj
 0001:00007fd0       ??0CMat@@QAA@HHNNZZ        00408fd0 f   PSINS.obj
 0001:00008080       ??0CMat@@QAE@HHPBN@Z       00409080 f   PSINS.obj
 0001:00008100       ?Clear@CMat@@QAEXXZ        00409100 f   PSINS.obj
 0001:00008170       ??DCMat@@QBE?AV0@ABV0@@Z   00409170 f   PSINS.obj
 0001:00008360       ??DCMat@@QBE?AVCVect@@ABV1@@Z 00409360 f   PSINS.obj
 0001:000084b0       ??HCMat@@QBE?AV0@ABV0@@Z   004094b0 f   PSINS.obj
 0001:000085b0       ??YCMat@@QAEAAV0@ABVCVect@@@Z 004095b0 f   PSINS.obj
 0001:00008640       ??GCMat@@QBE?AV0@ABV0@@Z   00409640 f   PSINS.obj
 0001:00008740       ??DCMat@@QBE?AV0@N@Z       00409740 f   PSINS.obj
 0001:00008820       ??4CMat@@QAEAAV0@N@Z       00409820 f   PSINS.obj
 0001:00008890       ??YCMat@@QAEAAV0@ABV0@@Z   00409890 f   PSINS.obj
 0001:00008910       ??ZCMat@@QAEAAV0@ABV0@@Z   00409910 f   PSINS.obj
 0001:00008990       ??XCMat@@QAEAAV0@N@Z       00409990 f   PSINS.obj
 0001:00008a00       ??ECMat@@QAEAAV0@XZ        00409a00 f   PSINS.obj
 0001:00008a80       ??S@YA?AVCMat@@ABV0@@Z     00409a80 f   PSINS.obj
 0001:00008b80       ?symmetry@@YAXAAVCMat@@@Z  00409b80 f   PSINS.obj
 0001:00008c70       ?dotmul@@YA?AVCMat@@ABV1@0@Z 00409c70 f   PSINS.obj
 0001:00008d60       ??RCMat@@QAEAANHH@Z        00409d60 f   PSINS.obj
 0001:00008db0       ?SetRow@CMat@@QAAXHNZZ     00409db0 f   PSINS.obj
 0001:00008e40       ?SetRow@CMat@@QAEXHABVCVect@@@Z 00409e40 f   PSINS.obj
 0001:00008ec0       ?SetClm@CMat@@QAAXHNZZ     00409ec0 f   PSINS.obj
 0001:00008f50       ?SetClm@CMat@@QAEXHABVCVect@@@Z 00409f50 f   PSINS.obj
 0001:00008fd0       ?SetClmVect3@CMat@@QAEXHHABVCVect3@@@Z 00409fd0 f   PSINS.obj
 0001:00009060       ?SetRowVect3@CMat@@QAEXHHABVCVect3@@@Z 0040a060 f   PSINS.obj
 0001:000090b0       ?SetDiagVect3@CMat@@QAEXHHABVCVect3@@@Z 0040a0b0 f   PSINS.obj
 0001:00009140       ?GetDiagVect3@CMat@@QAE?AVCVect3@@HH@Z 0040a140 f   PSINS.obj
 0001:00009200       ?SetAskew@CMat@@QAEXHHABVCVect3@@@Z 0040a200 f   PSINS.obj
 0001:000092f0       ?SetMat3@CMat@@QAEXHHABVCMat3@@@Z 0040a2f0 f   PSINS.obj
 0001:00009380       ?GetMat3@CMat@@QBE?AVCMat3@@HH@Z 0040a380 f   PSINS.obj
 0001:00009440       ?SubAddMat3@CMat@@QAEXHHABVCMat3@@@Z 0040a440 f   PSINS.obj
 0001:000094d0       ?GetRow@CMat@@QBE?AVCVect@@H@Z 0040a4d0 f   PSINS.obj
 0001:000095b0       ?GetClm@CMat@@QBE?AVCVect@@H@Z 0040a5b0 f   PSINS.obj
 0001:00009690       ?ZeroRow@CMat@@QAEXH@Z     0040a690 f   PSINS.obj
 0001:00009700       ?ZeroClm@CMat@@QAEXH@Z     0040a700 f   PSINS.obj
 0001:00009770       ?SetDiag@CMat@@QAAXNZZ     0040a770 f   PSINS.obj
 0001:00009850       ?SetDiag2@CMat@@QAAXNZZ    0040a850 f   PSINS.obj
 0001:00009930       ?normInf@@YANAAVCMat@@@Z   0040a930 f   PSINS.obj
 0001:000099d0       ?diag@@YA?AVCVect@@ABVCMat@@@Z 0040a9d0 f   PSINS.obj
 0001:00009ab0       ?RowMul@@YAXAAVCMat@@ABV1@1H@Z 0040aab0 f   PSINS.obj
 0001:00009ba0       ?RowMulT@@YAXAAVCMat@@ABV1@1H@Z 0040aba0 f   PSINS.obj
 0001:00009c80       ?diag@@YA?AVCMat@@ABVCVect@@@Z 0040ac80 f   PSINS.obj
 0001:00009d90       ?DVMDVafa@@YAXABVCVect@@AAVCMat@@N@Z 0040ad90 f   PSINS.obj
 0001:00009e80       ??0CVect@@QAE@XZ           0040ae80 f   PSINS.obj
 0001:00009eb0       ??0CVect@@QAE@HH@Z         0040aeb0 f   PSINS.obj
 0001:00009f20       ??0CVect@@QAE@HN@Z         0040af20 f   PSINS.obj
 0001:00009fa0       ??0CVect@@QAE@HPBN@Z       0040afa0 f   PSINS.obj
 0001:0000a020       ??0CVect@@QAA@HNNZZ        0040b020 f   PSINS.obj
 0001:0000a0f0       ??0CVect@@QAE@ABVCVect3@@@Z 0040b0f0 f   PSINS.obj
 0001:0000a180       ??0CVect@@QAE@ABVCVect3@@V1@@Z 0040b180 f   PSINS.obj
 0001:0000a230       ??S@YA?AVCVect@@ABV0@@Z    0040b230 f   PSINS.obj
 0001:0000a290       ??DCVect@@QBE?AV0@ABVCMat@@@Z 0040b290 f   PSINS.obj
 0001:0000a3f0       ??DCVect@@QBE?AVCMat@@ABV0@@Z 0040b3f0 f   PSINS.obj
 0001:0000a5b0       ??HCVect@@QBE?AV0@ABV0@@Z  0040b5b0 f   PSINS.obj
 0001:0000a690       ??GCVect@@QBE?AV0@ABV0@@Z  0040b690 f   PSINS.obj
 0001:0000a770       ??DCVect@@QBE?AV0@N@Z      0040b770 f   PSINS.obj
 0001:0000a850       ??4CVect@@QAEAAV0@N@Z      0040b850 f   PSINS.obj
 0001:0000a8c0       ??4CVect@@QAEAAV0@PBN@Z    0040b8c0 f   PSINS.obj
 0001:0000a930       ??4CVect@@QAEAAV0@ABVCMat3@@@Z 0040b930 f   PSINS.obj
 0001:0000a9a0       ??YCVect@@QAEAAV0@ABV0@@Z  0040b9a0 f   PSINS.obj
 0001:0000aa20       ??ZCVect@@QAEAAV0@ABV0@@Z  0040ba20 f   PSINS.obj
 0001:0000aaa0       ??XCVect@@QAEAAV0@N@Z      0040baa0 f   PSINS.obj
 0001:0000ab10       ?dot@@YANABVCVect@@0@Z     0040bb10 f   PSINS.obj
 0001:0000ab90       ?dotmul@@YA?AVCVect@@ABV1@0@Z 0040bb90 f   PSINS.obj
 0001:0000ac80       ?pow@@YA?AVCVect@@ABV1@H@Z 0040bc80 f   PSINS.obj
 0001:0000ad70       ?abs@@YA?AVCVect@@ABV1@@Z  0040bd70 f   PSINS.obj
 0001:0000ae80       ?norm@@YANABVCVect@@@Z     0040be80 f   PSINS.obj
 0001:0000af10       ?normInf@@YANABVCVect@@@Z  0040bf10 f   PSINS.obj
 0001:0000afb0       ??RCVect@@QAEAANH@Z        0040bfb0 f   PSINS.obj
 0001:0000afe0       ?Set@CVect@@QAAXNZZ        0040bfe0 f   PSINS.obj
 0001:0000b070       ?Set2@CVect@@QAAXNZZ       0040c070 f   PSINS.obj
 0001:0000b100       ?SetVect3@CVect@@QAEXHABVCVect3@@@Z 0040c100 f   PSINS.obj
 0001:0000b140       ?Set2Vect3@CVect@@QAEXHABVCVect3@@@Z 0040c140 f   PSINS.obj
 0001:0000b1c0       ?SetBit@CVect@@QAEXIN@Z    0040c1c0 f   PSINS.obj
 0001:0000b230       ?SetBit@CVect@@QAEXIABVCVect3@@@Z 0040c230 f   PSINS.obj
 0001:0000b2c0       ?GetVect3@CVect@@QAE?AVCVect3@@H@Z 0040c2c0 f   PSINS.obj
 0001:0000b300       ?sort@@YA?AVCVect@@ABV1@@Z 0040c300 f   PSINS.obj
 0001:0000b420       ??0CIIR@@QAE@XZ            0040c420 f   PSINS.obj
 0001:0000b450       ??0CIIR@@QAE@PAN0H@Z       0040c450 f   PSINS.obj
 0001:0000b510       ?Update@CIIR@@QAENN@Z      0040c510 f   PSINS.obj
 0001:0000b620       ??0CIIRV3@@QAE@XZ          0040c620 f   PSINS.obj
 0001:0000b690       ??0CIIRV3@@QAE@PAN0H00H00H@Z 0040c690 f   PSINS.obj
 0001:0000b7b0       ?Update@CIIRV3@@QAE?AVCVect3@@ABV2@@Z 0040c7b0 f   PSINS.obj
 0001:0000b870       ??0CRAvar@@QAE@XZ          0040c870 f   PSINS.obj
 0001:0000b8a0       ??0CRAvar@@QAE@HH@Z        0040c8a0 f   PSINS.obj
 0001:0000b920       ?set@CRAvar@@QAEXNNNNH@Z   0040c920 f   PSINS.obj
 0001:0000ba40       ?set@CRAvar@@QAEXABVCVect3@@000@Z 0040ca40 f   PSINS.obj
 0001:0000bb00       ?set@CRAvar@@QAEXABVCVect@@000@Z 0040cb00 f   PSINS.obj
 0001:0000bbd0       ?Update@CRAvar@@QAEXNNH@Z  0040cbd0 f   PSINS.obj
 0001:0000bdd0       ?Update@CRAvar@@QAEXABVCVect3@@N@Z 0040cdd0 f   PSINS.obj
 0001:0000be50       ?Update@CRAvar@@QAEXABVCVect@@N@Z 0040ce50 f   PSINS.obj
 0001:0000bed0       ??RCRAvar@@QAENH@Z         0040ced0 f   PSINS.obj
 0001:0000bf50       ??0CVAR@@QAE@HN@Z          0040cf50 f   PSINS.obj
 0001:0000c010       ?Update@CVAR@@QAENNH@Z     0040d010 f   PSINS.obj
 0001:0000c190       ??0CVARn@@QAE@XZ           0040d190 f   PSINS.obj
 0001:0000c1d0       ??0CVARn@@QAE@HH@Z         0040d1d0 f   PSINS.obj
 0001:0000c350       ??1CVARn@@QAE@XZ           0040d350 f   PSINS.obj
 0001:0000c3b0       ?Reset@CVARn@@QAEXXZ       0040d3b0 f   PSINS.obj
 0001:0000c440       ?Update@CVARn@@QAEHPBN@Z   0040d440 f   PSINS.obj
 0001:0000c680       ?Update@CVARn@@QAAHNZZ     0040d680 f   PSINS.obj
 0001:0000c710       ??0CContLarge@@QAE@XZ      0040d710 f   PSINS.obj
 0001:0000c740       ??0CContLarge@@QAE@NNH@Z   0040d740 f   PSINS.obj
 0001:0000c7b0       ?Update@CContLarge@@QAEHNN@Z 0040d7b0 f   PSINS.obj
 0001:0000c870       ??0CAbnomalCnt@@QAE@XZ     0040d870 f   PSINS.obj
 0001:0000c8a0       ??0CAbnomalCnt@@QAE@HNNN@Z 0040d8a0 f   PSINS.obj
 0001:0000c950       ?Update@CAbnomalCnt@@QAEHNN@Z 0040d950 f   PSINS.obj
 0001:0000ca10       ??0CWzhold@@QAE@XZ         0040da10 f   PSINS.obj
 0001:0000ca40       ?Init@CWzhold@@QAEXNNNH@Z  0040da40 f   PSINS.obj
 0001:0000cb00       ?Reset@CWzhold@@QAEXXZ     0040db00 f   PSINS.obj
 0001:0000cb70       ?Update@CWzhold@@QAEHN@Z   0040db70 f   PSINS.obj
 0001:0000ceb0       ??0CMaxMin@@QAE@HHN@Z      0040deb0 f   PSINS.obj
 0001:0000cfc0       ?Update@CMaxMin@@QAEHN@Z   0040dfc0 f   PSINS.obj
 0001:0000d160       ??0CMaxMinn@@QAE@HHHN@Z    0040e160 f   PSINS.obj
 0001:0000d210       ??_FCMaxMin@@QAEXXZ        0040e210 f i PSINS.obj
 0001:0000d250       ??_H@YGXPAXIHP6EX0@Z@Z     0040e250 f i PSINS.obj
 0001:0000d2b0       ?Update@CMaxMinn@@QAAHNZZ  0040e2b0 f   PSINS.obj
 0001:0000d350       ?Update@CMaxMinn@@QAEHABVCVect3@@@Z 0040e350 f   PSINS.obj
 0001:0000d3e0       ?Update@CMaxMinn@@QAEHABVCVect3@@0@Z 0040e3e0 f   PSINS.obj
 0001:0000d4b0       ??0CKalman@@QAE@XZ         0040e4b0 f   PSINS.obj
 0001:0000d690       ??0CKalman@@QAE@HH@Z       0040e690 f   PSINS.obj
 0001:0000d890       ?Init@CKalman@@QAEXHH@Z    0040e890 f   PSINS.obj
 0001:0000dd60       ?SetRmaxcount@CKalman@@QAEXH@Z 0040ed60 f   PSINS.obj
 0001:0000ddd0       ?TimeUpdate@CKalman@@QAEXNH@Z 0040edd0 f   PSINS.obj
 0001:0000dff0       ?SetMeasFlag@CKalman@@QAEXI@Z 0040eff0 f   PSINS.obj
 0001:0000e040       ?SetMeasMask@CKalman@@QAEXHI@Z 0040f040 f   PSINS.obj
 0001:0000e100       ?SetMeasStop@CKalman@@QAEXNI@Z 0040f100 f   PSINS.obj
 0001:0000e150       ?SetRadptStop@CKalman@@QAEXNI@Z 0040f150 f   PSINS.obj
 0001:0000e1a0       ?MeasUpdate@CKalman@@QAEHN@Z 0040f1a0 f   PSINS.obj
 0001:0000e540       ?RAdaptive@CKalman@@QAEHHNN@Z 0040f540 f   PSINS.obj
 0001:0000e6d0       ?RPkFading@CKalman@@QAEXH@Z 0040f6d0 f   PSINS.obj
 0001:0000e7c0       ?XPConstrain@CKalman@@QAEXXZ 0040f7c0 f   PSINS.obj
 0001:0000eb00       ?PmaxPminCheck@CKalman@@QAEXXZ 0040fb00 f   PSINS.obj
 0001:0000ec00       ?Feedback@CKalman@@UAEXHN@Z 0040fc00 f   PSINS.obj
 0001:0000ee50       ?RtFading@CKalman@@QAEXHN@Z 0040fe50 f   PSINS.obj
 0001:0000efa0       ?fusion@@YAXPAN0PBN1H00@Z  0040ffa0 f   PSINS.obj
 0001:0000f150       ?fusion@@YAXAAVCVect3@@0V1@1@Z 00410150 f   PSINS.obj
 0001:0000f1a0       ?fusion@@YAXAAVCVect3@@0V1@100@Z 004101a0 f   PSINS.obj
 0001:0000f1f0       ??0CSINSTDKF@@QAE@XZ       004101f0 f   PSINS.obj
 0001:0000f2d0       ??0CSINSTDKF@@QAE@HH@Z     004102d0 f   PSINS.obj
 0001:0000f3c0       ?Init@CSINSTDKF@@QAEXABVCSINS@@@Z 004103c0 f   PSINS.obj
 0001:0000f590       ?TDReset@CSINSTDKF@@QAEXXZ 00410590 f   PSINS.obj
 0001:0000f600       ?TDUpdate@CSINSTDKF@@QAEHPBVCVect3@@0HNH@Z 00410600 f   PSINS.obj
 0001:00010050       ?MeasUpdate@CSINSTDKF@@QAEXABVCVect@@NN@Z 00411050 f   PSINS.obj
 0001:00010210       ?MarkovGyro@CSINSTDKF@@QAEXABVCVect3@@0H@Z 00411210 f   PSINS.obj
 0001:00010290       ?MarkovAcc@CSINSTDKF@@QAEXABVCVect3@@0H@Z 00411290 f   PSINS.obj
 0001:00010310       ?SetYaw@CSINSTDKF@@QAEXNHH@Z 00411310 f   PSINS.obj
 0001:00010510       ?PSetVertCh@CSINSTDKF@@QAEXNNN@Z 00411510 f   PSINS.obj
 0001:000105f0       ?SetCalcuBurden@CSINSTDKF@@QAENIH@Z 004115f0 f   PSINS.obj
 0001:00010770       ??0CSINSGNSS@@QAE@XZ       00411770 f   PSINS.obj
 0001:000107d0       ??0CSINSGNSS@@QAE@HHNH@Z   004117d0 f   PSINS.obj
 0001:00010a00       ?Init@CSINSGNSS@@QAEXABVCSINS@@H@Z 00411a00 f   PSINS.obj
 0001:00011cb0       ?SetFt@CSINSGNSS@@UAEXH@Z  00412cb0 f   PSINS.obj
 0001:00012130       ?SetHk@CSINSGNSS@@UAEXH@Z  00413130 f   PSINS.obj
 0001:00012290       ?Feedback@CSINSGNSS@@UAEXHN@Z 00413290 f   PSINS.obj
 0001:000125c0       ?SetMeasGNSS@CSINSGNSS@@QAEXABVCVect3@@0NN@Z 004135c0 f   PSINS.obj
 0001:00012790       ?Update@CSINSGNSS@@QAEHPBVCVect3@@0HNH@Z 00413790 f   PSINS.obj
 0001:00012820       ??6CSINSGNSS@@QAEXAAVCFileRdWt@@@Z 00413820 f   PSINS.obj
 0001:00012920       ??0CPOS618@@QAE@XZ         00413920 f   PSINS.obj
 0001:000129c0       ??0CPOS618@@QAE@NNH@Z      004139c0 f   PSINS.obj
 0001:00012c00       ??1CPOS618@@QAE@XZ         00413c00 f   PSINS.obj
 0001:00012df0       ??_GCRMemory@@QAEPAXI@Z    00413df0 f i PSINS.obj
 0001:00012e50       ??_GCSmooth@@QAEPAXI@Z     00413e50 f i PSINS.obj
 0001:00012eb0       ??_GCFileRdWt@@QAEPAXI@Z   00413eb0 f i PSINS.obj
 0001:00012f10       ?Load@CPOS618@@QAEHPADNN@Z 00413f10 f   PSINS.obj
 0001:00013380       ?Init@CPOS618@@QAEXNABVCVect3@@@Z 00414380 f   PSINS.obj
 0001:00013820       ?Forward@CPOS618@@QAEXXZ   00414820 f   PSINS.obj
 0001:00013bc0       ?Backward@CPOS618@@QAEXXZ  00414bc0 f   PSINS.obj
 0001:000140c0       ?Reverse@CPOS618@@QAEXXZ   004150c0 f   PSINS.obj
 0001:000142f0       ?Smooth@CPOS618@@QAEXXZ    004152f0 f   PSINS.obj
 0001:00014320       ?Process@CPOS618@@QAEXPADH@Z 00415320 f   PSINS.obj
 0001:00014400       ??0CSINSGNSSCNS@@QAE@XZ    00415400 f   PSINS.obj
 0001:00014460       ??0CSINSGNSSCNS@@QAE@N@Z   00415460 f   PSINS.obj
 0001:00014530       ?SetCNS@CSINSGNSSCNS@@QAEXHHHNNN@Z 00415530 f   PSINS.obj
 0001:000145d0       ?Init@CSINSGNSSCNS@@QAEXABVCSINS@@H@Z 004155d0 f   PSINS.obj
 0001:000149a0       ?SetHk@CSINSGNSSCNS@@UAEXH@Z 004159a0 f   PSINS.obj
 0001:00014a50       ?Feedback@CSINSGNSSCNS@@UAEXHN@Z 00415a50 f   PSINS.obj
 0001:00014ae0       ?SetMeasCNS@CSINSGNSSCNS@@QAEXAAVCQuat@@@Z 00415ae0 f   PSINS.obj
 0001:00014bb0       ?SetMeasCNS@CSINSGNSSCNS@@QAEXAAVCVect3@@@Z 00415bb0 f   PSINS.obj
 0001:00014c60       ??0CSINSGNSSDR@@QAE@XZ     00415c60 f   PSINS.obj
 0001:00014ce0       ?SetHk@CSINSGNSSDR@@UAEXH@Z 00415ce0 f i PSINS.obj
 0001:00014d10       ??0CSINSGNSSDR@@QAE@N@Z    00415d10 f   PSINS.obj
 0001:00014ea0       ?Init@CSINSGNSSDR@@QAEXABVCSINS@@H@Z 00415ea0 f   PSINS.obj
 0001:00015490       ?SetFt@CSINSGNSSDR@@UAEXH@Z 00416490 f   PSINS.obj
 0001:00015630       ?Feedback@CSINSGNSSDR@@UAEXHN@Z 00416630 f   PSINS.obj
 0001:00015720       ?SetMeas@CSINSGNSSDR@@UAEXXZ 00416720 f   PSINS.obj
 0001:000157b0       ?SetMeasGNSS@CSINSGNSSDR@@QAEXABVCVect3@@0N@Z 004167b0 f   PSINS.obj
 0001:000159f0       ?Update@CSINSGNSSDR@@QAEHPBVCVect3@@0NHNH@Z 004169f0 f   PSINS.obj
 0001:00015b50       ??0CSINSGNSSOD@@QAE@XZ     00416b50 f   PSINS.obj
 0001:00015c50       ?SetMeas@CSINSGNSSOD@@UAEXXZ 00416c50 f i PSINS.obj
 0001:00015c80       ??0CSINSGNSSOD@@QAE@HHNH@Z 00416c80 f   PSINS.obj
 0001:00015e50       ?Init@CSINSGNSSOD@@QAEXABVCSINS@@H@Z 00416e50 f   PSINS.obj
 0001:00015ee0       ?ODKappa@CSINSGNSSOD@@QAE?AVCVect3@@ABV2@@Z 00416ee0 f   PSINS.obj
 0001:00015fe0       ?ODVelUpdate@CSINSGNSSOD@@QAEHN@Z 00416fe0 f   PSINS.obj
 0001:000164b0       ?Update@CSINSGNSSOD@@QAEHPBVCVect3@@0NHNH@Z 004174b0 f   PSINS.obj
 0001:00016550       ??6CSINSGNSSOD@@QAEXAAVCFileRdWt@@@Z 00417550 f   PSINS.obj
 0001:000166a0       ??0CAutoDrive@@QAE@XZ      004176a0 f   PSINS.obj
 0001:000166f0       ?SetMeas@CAutoDrive@@UAEXXZ 004176f0 f i PSINS.obj
 0001:00016720       ??0CAutoDrive@@QAE@N@Z     00417720 f   PSINS.obj
 0001:00016860       ?Init@CAutoDrive@@QAEXABVCSINS@@H@Z 00417860 f   PSINS.obj
 0001:00016d20       ?SetFt@CAutoDrive@@UAEXH@Z 00417d20 f   PSINS.obj
 0001:00016d60       ?SetHk@CAutoDrive@@UAEXH@Z 00417d60 f   PSINS.obj
 0001:00016d90       ?Feedback@CAutoDrive@@UAEXHN@Z 00417d90 f   PSINS.obj
 0001:00016e60       ?ZUPTtest@CAutoDrive@@QAEXXZ 00417e60 f   PSINS.obj
 0001:00016f40       ?ZIHRtest@CAutoDrive@@QAEXXZ 00417f40 f   PSINS.obj
 0001:00017010       ?NHCtest@CAutoDrive@@QAEXXZ 00418010 f   PSINS.obj
 0001:00017100       ?Update@CAutoDrive@@QAEHPBVCVect3@@0NHNH@Z 00418100 f   PSINS.obj
 0001:00017280       ??0CSGOClbt@@QAE@N@Z       00418280 f   PSINS.obj
 0001:00017350       ?Init@CSGOClbt@@QAEXABVCSINS@@H@Z 00418350 f   PSINS.obj
 0001:00017870       ?SetFt@CSGOClbt@@UAEXH@Z   00418870 f   PSINS.obj
 0001:000178b0       ?SetHk@CSGOClbt@@UAEXH@Z   004188b0 f   PSINS.obj
 0001:00017970       ?Feedback@CSGOClbt@@UAEXHN@Z 00418970 f   PSINS.obj
 0001:00017a90       ?Update@CSGOClbt@@QAEHPBVCVect3@@0NHNH@Z 00418a90 f   PSINS.obj
 0001:00017ba0       ??0CVAutoPOS@@QAE@XZ       00418ba0 f   PSINS.obj
 0001:00017bf0       ??0CVAutoPOS@@QAE@N@Z      00418bf0 f   PSINS.obj
 0001:00017c50       ?Init@CVAutoPOS@@UAEXABVCSINS@@H@Z 00418c50 f   PSINS.obj
 0001:00017ed0       ?SetFt@CVAutoPOS@@UAEXH@Z  00418ed0 f   PSINS.obj
 0001:00017f10       ?SetHk@CVAutoPOS@@UAEXH@Z  00418f10 f   PSINS.obj
 0001:00017f40       ?Feedback@CVAutoPOS@@UAEXHN@Z 00418f40 f   PSINS.obj
 0001:00018010       ?Update@CVAutoPOS@@QAEHPBVCVect3@@0NHNH@Z 00419010 f   PSINS.obj
 0001:00018100       ?Init@CCAM@@QAEXABVCVect3@@0NN@Z 00419100 f   PSINS.obj
 0001:000181d0       ?Init@CCAM@@QAEXABVCVect3@@NN@Z 004191d0 f   PSINS.obj
 0001:00018240       ?Update@CCAM@@QAEXNNNN@Z   00419240 f   PSINS.obj
 0001:00018340       ?Update@CCAM@@QAEXNN@Z     00419340 f   PSINS.obj
 0001:000185a0       ?Init@CCALLH@@QAEXAAVCSINS@@ABVCVect3@@@Z 004195a0 f   PSINS.obj
 0001:00018770       ?Update@CCALLH@@QAEXABVCSINS@@ABVCVect3@@1@Z 00419770 f   PSINS.obj
 0001:00018960       ?Update@CCALLH@@QAEXABVCVect3@@0@Z 00419960 f   PSINS.obj
 0001:00018a10       ?OutLLH@CCALLH@@QAEXXZ     00419a10 f   PSINS.obj
 0001:00018c10       ??0CEarth@@QAE@NNN@Z       00419c10 f   PSINS.obj
 0001:00018d70       ?Update@CEarth@@QAEXABVCVect3@@0H@Z 00419d70 f   PSINS.obj
 0001:00019130       ?vn2dpos@CEarth@@QBE?AVCVect3@@ABV2@N@Z 0041a130 f   PSINS.obj
 0001:000191c0       ??0CIMU@@QAE@XZ            0041a1c0 f   PSINS.obj
 0001:00019340       ?SetRFU@CIMU@@QAEXPBD@Z    0041a340 f   PSINS.obj
 0001:000193b0       ?SetgSens@CIMU@@QAEXABVCMat3@@00@Z 0041a3b0 f   PSINS.obj
 0001:00019450       ?SetKa2@CIMU@@QAEXABVCVect3@@@Z 0041a450 f   PSINS.obj
 0001:000194a0       ?Update@CIMU@@QAEXPBVCVect3@@0HN@Z 0041a4a0 f   PSINS.obj
 0001:00019bc0       ?IMURFU@@YAXPAVCVect3@@HPBD@Z 0041abc0 f   PSINS.obj
 0001:00019d10       ?IMURFU@@YAXPAVCVect3@@0HPBD@Z 0041ad10 f   PSINS.obj
 0001:00019d70       ?IMUStatic@@YAXAAVCVect3@@000N@Z 0041ad70 f   PSINS.obj
 0001:00019ea0       ??0CSINS@@QAE@AANABVCVect3@@N@Z 0041aea0 f   PSINS.obj
 0001:0001a220       ??0CSINS@@QAE@ABVCVect3@@00N@Z 0041b220 f   PSINS.obj
 0001:0001a580       ??0CSINS@@QAE@ABVCQuat@@ABVCVect3@@1N@Z 0041b580 f   PSINS.obj
 0001:0001a8d0       ?Init@CSINS@@QAEXABVCQuat@@ABVCVect3@@1N@Z 0041b8d0 f   PSINS.obj
 0001:0001adb0       ?SetTauGA@CSINS@@QAEXABVCVect3@@0@Z 0041bdb0 f   PSINS.obj
 0001:0001afd0       ?Update@CSINS@@QAEXPBVCVect3@@0HN@Z 0041bfd0 f   PSINS.obj
 0001:0001c0c0       ?Extrap@CSINS@@QAEXABVCVect3@@0N@Z 0041d0c0 f   PSINS.obj
 0001:0001c280       ?Extrap@CSINS@@QAEXN@Z     0041d280 f   PSINS.obj
 0001:0001c400       ?lever@CSINS@@QAEXABVCVect3@@PAV2@1@Z 0041d400 f   PSINS.obj
 0001:0001c640       ?etm@CSINS@@QAEXXZ         0041d640 f   PSINS.obj
 0001:0001cb70       ?AddErr@CSINS@@QAEXABVCVect3@@00@Z 0041db70 f   PSINS.obj
 0001:0001cc20       ?AddErr@CSINS@@QAEXNABVCVect3@@0@Z 0041dc20 f   PSINS.obj
 0001:0001cc80       ??0CDR@@QAE@XZ             0041dc80 f   PSINS.obj
 0001:0001cd40       ?Init@CDR@@QAEXABVCSINS@@ABVCVect3@@@Z 0041dd40 f   PSINS.obj
 0001:0001cdd0       ?Init@CDR@@QAEXABVCVect3@@00N@Z 0041ddd0 f   PSINS.obj
 0001:0001cf70       ?Update@CDR@@QAEXABVCVect3@@NN@Z 0041df70 f   PSINS.obj
 0001:0001d200       ??0CCNS@@QAE@XZ            0041e200 f   PSINS.obj
 0001:0001d370       ?SetdT@CCNS@@QAEXNN@Z      0041e370 f   PSINS.obj
 0001:0001d3d0       ?Setxyp@CCNS@@QAEXNN@Z     0041e3d0 f   PSINS.obj
 0001:0001d4c0       ?JD@CCNS@@QAENHHHN@Z       0041e4c0 f   PSINS.obj
 0001:0001d590       ?Precmat@CCNS@@QAE?AVCMat3@@N@Z 0041e590 f   PSINS.obj
 0001:0001d6c0       ?Equinox@CCNS@@QAEXN@Z     0041e6c0 f   PSINS.obj
 0001:0001d8d0       ?Nutmat@CCNS@@QAE?AVCMat3@@N@Z 0041e8d0 f   PSINS.obj
 0001:0001d9c0       ?GAST@CCNS@@QAENNN@Z       0041e9c0 f   PSINS.obj
 0001:0001db10       ?GetCie@CCNS@@QAE?AVCMat3@@NN@Z 0041eb10 f   PSINS.obj
 0001:0001dc90       ?GetCns@CCNS@@QAE?AVCMat3@@ABVCQuat@@ABVCVect3@@NABV2@@Z 0041ec90 f   PSINS.obj
 0001:0001dde0       ??0CAVPInterp@@QAE@XZ      0041ede0 f   PSINS.obj
 0001:0001de80       ?Init@CAVPInterp@@QAEXABVCSINS@@NH@Z 0041ee80 f   PSINS.obj
 0001:0001df20       ?Init@CAVPInterp@@QAEXABVCVect3@@00N@Z 0041ef20 f   PSINS.obj
 0001:0001e000       ?Push@CAVPInterp@@QAEXABVCSINS@@H@Z 0041f000 f   PSINS.obj
 0001:0001e090       ?Push@CAVPInterp@@QAEXABVCVect3@@00@Z 0041f090 f   PSINS.obj
 0001:0001e130       ?Interp@CAVPInterp@@QAEHNH@Z 0041f130 f   PSINS.obj
 0001:0001e540       ?time2fname@@YAPADXZ       0041f540 f   PSINS.obj
 0001:0001e5b0       ?DirI@CFileRdWt@@SAXPBD@Z  0041f5b0 f   PSINS.obj
 0001:0001e640       ?DirO@CFileRdWt@@SAXPBD@Z  0041f640 f   PSINS.obj
 0001:0001e6d0       ?Dir@CFileRdWt@@SAXPBD0@Z  0041f6d0 f   PSINS.obj
 0001:0001e730       ??0CFileRdWt@@QAE@XZ       0041f730 f   PSINS.obj
 0001:0001e760       ??0CFileRdWt@@QAE@PBDH@Z   0041f760 f   PSINS.obj
 0001:0001e7d0       ??1CFileRdWt@@QAE@XZ       0041f7d0 f   PSINS.obj
 0001:0001e820       ?Init@CFileRdWt@@QAEXPBDH@Z 0041f820 f   PSINS.obj
 0001:0001ebb0       ?load@CFileRdWt@@QAEHHH@Z  0041fbb0 f   PSINS.obj
 0001:0001f080       ?loadf32@CFileRdWt@@QAEHH@Z 00420080 f   PSINS.obj
 0001:0001f170       ?load@CFileRdWt@@QAEJPAEJ@Z 00420170 f   PSINS.obj
 0001:0001f220       ?bwseek@CFileRdWt@@QAEXHH@Z 00420220 f   PSINS.obj
 0001:0001f290       ?filesize@CFileRdWt@@QAEJH@Z 00420290 f   PSINS.obj
 0001:0001f360       ?getl@CFileRdWt@@QAEHXZ    00420360 f   PSINS.obj
 0001:0001f3c0       ?waitfor@CFileRdWt@@QAEHHNN@Z 004203c0 f   PSINS.obj
 0001:0001f460       ??6CFileRdWt@@QAEAAV0@N@Z  00420460 f   PSINS.obj
 0001:0001f4b0       ??6CFileRdWt@@QAEAAV0@ABVCVect3@@@Z 004204b0 f   PSINS.obj
 0001:0001f500       ??6CFileRdWt@@QAEAAV0@ABVCQuat@@@Z 00420500 f   PSINS.obj
 0001:0001f550       ??6CFileRdWt@@QAEAAV0@ABVCMat3@@@Z 00420550 f   PSINS.obj
 0001:0001f5a0       ??6CFileRdWt@@QAEAAV0@ABVCVect@@@Z 004205a0 f   PSINS.obj
 0001:0001f600       ??6CFileRdWt@@QAEAAV0@ABVCMat@@@Z 00420600 f   PSINS.obj
 0001:0001f660       ??6CFileRdWt@@QAEAAV0@ABVCRAvar@@@Z 00420660 f   PSINS.obj
 0001:0001f6c0       ??6CFileRdWt@@QAEAAV0@ABVCMaxMinn@@@Z 004206c0 f   PSINS.obj
 0001:0001f7a0       ??6CFileRdWt@@QAEAAV0@ABVCAligni0@@@Z 004207a0 f   PSINS.obj
 0001:0001f830       ??6CFileRdWt@@QAEAAV0@ABVCSINS@@@Z 00420830 f   PSINS.obj
 0001:0001f940       ??6CFileRdWt@@QAEAAV0@ABVCDR@@@Z 00420940 f   PSINS.obj
 0001:0001f9c0       ??6CFileRdWt@@QAEAAV0@ABVCRMemory@@@Z 004209c0 f   PSINS.obj
 0001:0001fa10       ??6CFileRdWt@@QAEAAV0@AAVCKalman@@@Z 00420a10 f   PSINS.obj
 0001:0001faf0       ??5CFileRdWt@@QAEAAV0@AAN@Z 00420af0 f   PSINS.obj
 0001:0001fb40       ??5CFileRdWt@@QAEAAV0@AAVCVect3@@@Z 00420b40 f   PSINS.obj
 0001:0001fb90       ??5CFileRdWt@@QAEAAV0@AAVCQuat@@@Z 00420b90 f   PSINS.obj
 0001:0001fbe0       ??5CFileRdWt@@QAEAAV0@AAVCMat3@@@Z 00420be0 f   PSINS.obj
 0001:0001fc30       ??5CFileRdWt@@QAEAAV0@AAVCVect@@@Z 00420c30 f   PSINS.obj
 0001:0001fc90       ??5CFileRdWt@@QAEAAV0@AAVCMat@@@Z 00420c90 f   PSINS.obj
 0001:0001fcf0       ??0CRMemory@@QAE@XZ        00420cf0 f   PSINS.obj
 0001:0001fd20       ??0CRMemory@@QAE@JH@Z      00420d20 f   PSINS.obj
 0001:0001fdc0       ??0CRMemory@@QAE@PAEJH@Z   00420dc0 f   PSINS.obj
 0001:0001fe50       ??1CRMemory@@QAE@XZ        00420e50 f   PSINS.obj
 0001:0001fea0       ?pop@CRMemory@@QAEEPAE@Z   00420ea0 f   PSINS.obj
 0001:0001ff90       ?get@CRMemory@@QAEPAEH@Z   00420f90 f   PSINS.obj
 0001:0001ffd0       ?set@CRMemory@@QAEPAEHPBE@Z 00420fd0 f   PSINS.obj
 0001:00020070       ?push@CRMemory@@QAEHPBE@Z  00421070 f   PSINS.obj
 0001:00020180       ??0CSmooth@@QAE@HH@Z       00421180 f   PSINS.obj
 0001:000202d0       ??1CSmooth@@QAE@XZ         004212d0 f   PSINS.obj
 0001:00020340       ?Update@CSmooth@@QAE?AVCVect@@PBNPAN@Z 00421340 f   PSINS.obj
 0001:00020490       ??0CInterp@@QAE@PAPANHH@Z  00421490 f   PSINS.obj
 0001:000205b0       ??0CInterp@@QAE@PBDH@Z     004215b0 f   PSINS.obj
 0001:000207d0       ??1CInterp@@QAE@XZ         004217d0 f   PSINS.obj
 0001:00020880       ?Interp@CInterp@@QAENNPAN@Z 00421880 f   PSINS.obj
 0001:00020b60       ?Alignsb@@YA?AVCVect3@@V1@0N@Z 00421b60 f   PSINS.obj
 0001:00020db0       ??0CAligni0@@QAE@ABVCVect3@@0H@Z 00421db0 f   PSINS.obj
 0001:00020f10       ?Init@CAligni0@@QAEXABVCVect3@@0H@Z 00421f10 f   PSINS.obj
 0001:000210a0       ?Update@CAligni0@@QAE?AVCQuat@@PBVCVect3@@0HNABV3@@Z 004220a0 f   PSINS.obj
 0001:00021720       ??0CAlignkf@@QAE@XZ        00422720 f   PSINS.obj
 0001:00021780       ??0CAlignkf@@QAE@N@Z       00422780 f   PSINS.obj
 0001:00021820       ??0CAlignkf@@QAE@ABVCSINS@@N@Z 00422820 f   PSINS.obj
 0001:000218a0       ?Init@CAlignkf@@QAEXABVCSINS@@@Z 004228a0 f   PSINS.obj
 0001:00021d90       ?Update@CAlignkf@@QAEHPBVCVect3@@0HNH@Z 00422d90 f   PSINS.obj
 0001:00021e70       ?Update@CAlignkf@@QAEHPBVCVect3@@0HNABV2@H@Z 00422e70 f   PSINS.obj
 0001:00021f50       ??0CAligntrkang@@QAE@NNNN@Z 00422f50 f   PSINS.obj
 0001:00022020       ?Init@CAligntrkang@@QAEXABVCSINS@@@Z 00423020 f   PSINS.obj
 0001:00022500       ?Update@CAligntrkang@@QAEHPBVCVect3@@0HNABV2@H@Z 00423500 f   PSINS.obj
 0001:00022810       ??0CAlignsv@@QAE@XZ        00423810 f   PSINS.obj
 0001:00022870       ??0CAlignsv@@QAE@N@Z       00423870 f   PSINS.obj
 0001:000228f0       ??0CAlignsv@@QAE@ABVCVect3@@NNN@Z 004238f0 f   PSINS.obj
 0001:00022990       ?Init@CAlignsv@@QAEXABVCVect3@@NNN@Z 00423990 f   PSINS.obj
 0001:00022b70       ??1CAlignsv@@QAE@XZ        00423b70 f   PSINS.obj
 0001:00022bf0       ?Update@CAlignsv@@QAEHPBVCVect3@@0H@Z 00423bf0 f   PSINS.obj
 0001:00022e30       ??0CAligntf@@QAE@N@Z       00423e30 f   PSINS.obj
 0001:00022ed0       ??0CAligntf@@QAE@ABVCSINS@@N@Z 00423ed0 f   PSINS.obj
 0001:00022f50       ?Init@CAligntf@@QAEXABVCSINS@@@Z 00423f50 f   PSINS.obj
 0001:00023460       ?SetFt@CAligntf@@UAEXH@Z   00424460 f   PSINS.obj
 0001:000234f0       ?SetHk@CAligntf@@UAEXH@Z   004244f0 f   PSINS.obj
 0001:00023630       ?Feedback@CAligntf@@UAEXHN@Z 00424630 f   PSINS.obj
 0001:00023720       ?Update@CAligntf@@QAEHPBVCVect3@@0HNH@Z 00424720 f   PSINS.obj
 0001:000237b0       ?SetMeasVnAtt@CAligntf@@QAEXABVCVect3@@0@Z 004247b0 f   PSINS.obj
 0001:00023920       ?swap16@@YAGG@Z            00424920 f   PSINS.obj
 0001:00023970       ?swap24@@YAPAEPAE0@Z       00424970 f   PSINS.obj
 0001:000239d0       ?swap32@@YAII@Z            004249d0 f   PSINS.obj
 0001:00023a40       ?swap64@@YAKK@Z            00424a40 f   PSINS.obj
 0001:00023ae0       ?int24@@YAPAEPAEH@Z        00424ae0 f   PSINS.obj
 0001:00023b50       ?diffint24@@YAHPBE0@Z      00424b50 f   PSINS.obj
 0001:00023c30       ?r2dm@@YANN@Z              00424c30 f   PSINS.obj
 0001:00023cd0       ?dm2r@@YANN@Z              00424cd0 f   PSINS.obj
 0001:00023d70       ?logtrigger@@YAHHN@Z       00424d70 f   PSINS.obj
 0001:00023de0       ?IsZero@@YAHNN@Z           00424de0 f i PSINS.obj
 0001:00023e30       ?sign@@YAHNN@Z             00424e30 f   PSINS.obj
 0001:00023e90       ?range@@YANNNN@Z           00424e90 f   PSINS.obj
 0001:00023f00       ?atan2Ex@@YANNN@Z          00424f00 f   PSINS.obj
 0001:00023fa0       ?diffYaw@@YANNN@Z          00424fa0 f   PSINS.obj
 0001:00024010       ?MKQt@@YANNN@Z             00425010 f   PSINS.obj
 0001:00024040       ?MKQt@@YA?AVCVect3@@ABV1@0@Z 00425040 f   PSINS.obj
 0001:000240d0       ?randn@@YANNN@Z            004250d0 f   PSINS.obj
 0001:00024190       ?randn@@YA?AVCVect3@@ABV1@0@Z 00425190 f   PSINS.obj
 0001:00024240       ?randn@@YA?AVCVect@@ABV1@0@Z 00425240 f   PSINS.obj
 0001:00024350       ?randn@@YA?AVCMat3@@ABV1@0@Z 00425350 f   PSINS.obj
 0001:00024410       ?Demo_User@@YAXXZ          00425410 f   PSINS_Demo.obj
 0001:00024570       ?Demo_CIIRV3@@YAXXZ        00425570 f   PSINS_Demo.obj
 0001:00024750       ?Demo_CMaxMin@@YAXXZ       00425750 f   PSINS_Demo.obj
 0001:000248d0       ?Demo_CVAR@@YAXXZ          004258d0 f   PSINS_Demo.obj
 0001:00024a20       ?Demo_CVARn@@YAXXZ         00425a20 f   PSINS_Demo.obj
 0001:00024b90       ?Demo_CRAvar@@YAXXZ        00425b90 f   PSINS_Demo.obj
 0001:00024d20       ?Demo_CSINS_static@@YAXXZ  00425d20 f   PSINS_Demo.obj
 0001:000251c0       ?Demo_CAlignsv@@YAXXZ      004261c0 f   PSINS_Demo.obj
 0001:00025390       ??1CFileIMU6@@QAE@XZ       00426390 f i PSINS_Demo.obj
 0001:000253d0       ?Demo_CAligntf@@YAXXZ      004263d0 f   PSINS_Demo.obj
 0001:000256a0       ??0CFileIMU6@@QAE@PBD@Z    004266a0 f i PSINS_Demo.obj
 0001:00025940       ?load@CFileIMU6@@QAEHHH@Z  00426940 f i PSINS_Demo.obj
 0001:00025a50       ?Demo_CAlign_CSINS@@YAXXZ  00426a50 f   PSINS_Demo.obj
 0001:00025d00       ?Demo_CSINSGNSS@@YAXXZ     00426d00 f   PSINS_Demo.obj
 0001:00026230       ??0CFileIMUGNSS@@QAE@PBD@Z 00427230 f i PSINS_Demo.obj
 0001:00026430       ?load@CFileIMUGNSS@@QAEHH@Z 00427430 f i PSINS_Demo.obj
 0001:000264a0       ??1CFileIMUGNSS@@QAE@XZ    004274a0 f i PSINS_Demo.obj
 0001:000264e0       ?Demo_CSINSGNSSDR@@YAXXZ   004274e0 f   PSINS_Demo.obj
 0001:000267e0       ??0CFileRdSr49@@QAE@PBD@Z  004277e0 f i PSINS_Demo.obj
 0001:000268e0       ?load@CFileRdSr49@@QAEHH@Z 004278e0 f i PSINS_Demo.obj
 0001:00026aa0       ?waitforgps@CFileRdSr49@@QAEHXZ 00427aa0 f i PSINS_Demo.obj
 0001:00026b10       ??0DataSensor49@@QAE@XZ    00427b10 f i PSINS_Demo.obj
 0001:00026ba0       ??1CFileRdSr49@@QAE@XZ     00427ba0 f i PSINS_Demo.obj
 0001:00026be0       ?Demo_SINSOD@@YAXXZ        00427be0 f   PSINS_Demo.obj
 0001:00026e90       ?Demo_POS618@@YAXXZ        00427e90 f   PSINS_Demo.obj
 0001:00026fa0       ?Demo_CNS_PrecNut@@YAXXZ   00427fa0 f   PSINS_Demo.obj
 0001:00027180       ?Demo_SINSCNS@@YAXXZ       00428180 f   PSINS_Demo.obj
 0001:000274e0       ?Demo_CVCFileFind@@YAXXZ   004284e0 f   PSINS_Demo.obj
 0001:00027500       ?Demo_DSP_main@@YAXXZ      00428500 f   PSINS_Demo.obj
 0001:00027520       ?Demo_CONSOLE_UART@@YAXXZ  00428520 f   PSINS_Demo.obj
 0001:00027540       ?getRegKeyValues@@YA_NV?$basic_string@DU?$char_traits@D@std@@V?$allocator@D@2@@std@@AAV?$list@V?$basic_string@DU?$char_traits@D@std@@V?$allocator@D@2@@std@@V?$allocator@V?$basic_string@DU?$char_traits@D@std@@V?$allocator@D@2@@std@@@2@@2@@Z 00428540 f   SerialPort.obj
 0001:00027850       ??0CSerialPort@itas109@@QAE@XZ 00428850 f   SerialPort.obj
 0001:000279a0       ??1CSerialPort@itas109@@UAE@XZ 004289a0 f   SerialPort.obj
 0001:00027a90       ?InitPort@CSerialPort@itas109@@QAEHPAUHWND__@@IIDIIKIKKKKK@Z 00428a90 f   SerialPort.obj
 0001:00028030       ?CommThread@CSerialPort@itas109@@KGKPAX@Z 00429030 f   SerialPort.obj
 0001:00028490       ?StartMonitoring@CSerialPort@itas109@@QAEHXZ 00429490 f   SerialPort.obj
 0001:00028500       ?ResumeMonitoring@CSerialPort@itas109@@QAEHXZ 00429500 f   SerialPort.obj
 0001:00028550       ?SuspendMonitoring@CSerialPort@itas109@@QAEHXZ 00429550 f   SerialPort.obj
 0001:000285a0       ?IsThreadSuspend@CSerialPort@itas109@@QAEHPAX@Z 004295a0 f   SerialPort.obj
 0001:00028610       ?ProcessErrorMessage@CSerialPort@itas109@@IAEXPAD@Z 00429610 f   SerialPort.obj
 0001:000286d0       ?WriteChar@CSerialPort@itas109@@KAXPAV12@@Z 004296d0 f   SerialPort.obj
 0001:00028a00       ?ReceiveChar@CSerialPort@itas109@@KAXPAV12@@Z 00429a00 f   SerialPort.obj
 0001:00028cc0       ?ReceiveStr@CSerialPort@itas109@@KAXPAV12@@Z 00429cc0 f   SerialPort.obj
 0001:00028fc0       ?GetDCB@CSerialPort@itas109@@QAE?AU_DCB@@XZ 00429fc0 f   SerialPort.obj
 0001:00029000       ?GetCommEvents@CSerialPort@itas109@@QAEKXZ 0042a000 f   SerialPort.obj
 0001:00029030       ?GetWriteBufferSize@CSerialPort@itas109@@QAEKXZ 0042a030 f   SerialPort.obj
 0001:00029060       ?IsOpened@CSerialPort@itas109@@QAEHXZ 0042a060 f   SerialPort.obj
 0001:000290a0       ?ClosePort@CSerialPort@itas109@@QAEXXZ 0042a0a0 f   SerialPort.obj
 0001:00029260       ?WriteToPort@CSerialPort@itas109@@QAEXPADI@Z 0042a260 f   SerialPort.obj
 0001:00029350       ?WriteToPort@CSerialPort@itas109@@QAEXPAEI@Z 0042a350 f   SerialPort.obj
 0001:00029440       ?GetVersion@CSerialPort@itas109@@QAE?AV?$basic_string@DU?$char_traits@D@std@@V?$allocator@D@2@@std@@XZ 0042a440 f   SerialPort.obj
 0001:000294e0       ??0CSerialPortInfo@itas109@@QAE@XZ 0042a4e0 f   SerialPort.obj
 0001:00029510       ??1CSerialPortInfo@itas109@@QAE@XZ 0042a510 f   SerialPort.obj
 0001:00029540       ?availablePorts@CSerialPortInfo@itas109@@SA?AV?$list@V?$basic_string@DU?$char_traits@D@std@@V?$allocator@D@2@@std@@V?$allocator@V?$basic_string@DU?$char_traits@D@std@@V?$allocator@D@2@@std@@@2@@std@@XZ 0042a540 f   SerialPort.obj
 0001:00029610       ??0?$basic_string@DU?$char_traits@D@std@@V?$allocator@D@2@@std@@QAE@ABV?$allocator@D@1@@Z 0042a610 f i SerialPort.obj
 0001:00029660       ??0?$basic_string@DU?$char_traits@D@std@@V?$allocator@D@2@@std@@QAE@ABV01@@Z 0042a660 f i SerialPort.obj
 0001:000296c0       ??0?$basic_string@DU?$char_traits@D@std@@V?$allocator@D@2@@std@@QAE@PBDABV?$allocator@D@1@@Z 0042a6c0 f i SerialPort.obj
 0001:00029720       ??1?$basic_string@DU?$char_traits@D@std@@V?$allocator@D@2@@std@@QAE@XZ 0042a720 f i SerialPort.obj
 0001:00029760       ??4?$basic_string@DU?$char_traits@D@std@@V?$allocator@D@2@@std@@QAEAAV01@ABV01@@Z 0042a760 f i SerialPort.obj
 0001:000297a0       ?c_str@?$basic_string@DU?$char_traits@D@std@@V?$allocator@D@2@@std@@QBEPBDXZ 0042a7a0 f i SerialPort.obj
 0001:000297f0       ??0?$list@UserialPortBuffer@@V?$allocator@UserialPortBuffer@@@std@@@std@@QAE@ABV?$allocator@UserialPortBuffer@@@1@@Z 0042a7f0 f i SerialPort.obj
 0001:00029850       ??1?$list@UserialPortBuffer@@V?$allocator@UserialPortBuffer@@@std@@@std@@QAE@XZ 0042a850 f i SerialPort.obj
 0001:000298d0       ?begin@?$list@UserialPortBuffer@@V?$allocator@UserialPortBuffer@@@std@@@std@@QAE?AViterator@12@XZ 0042a8d0 f i SerialPort.obj
 0001:00029930       ?end@?$list@UserialPortBuffer@@V?$allocator@UserialPortBuffer@@@std@@@std@@QAE?AViterator@12@XZ 0042a930 f i SerialPort.obj
 0001:00029980       ?size@?$list@UserialPortBuffer@@V?$allocator@UserialPortBuffer@@@std@@@std@@QBEIXZ 0042a980 f i SerialPort.obj
 0001:000299b0       ?push_back@?$list@UserialPortBuffer@@V?$allocator@UserialPortBuffer@@@std@@@std@@QAEXABUserialPortBuffer@@@Z 0042a9b0 f i SerialPort.obj
 0001:00029a00       ?erase@?$list@UserialPortBuffer@@V?$allocator@UserialPortBuffer@@@std@@@std@@QAE?AViterator@12@V312@@Z 0042aa00 f i SerialPort.obj
 0001:00029ae0       ??0iterator@?$list@UserialPortBuffer@@V?$allocator@UserialPortBuffer@@@std@@@std@@QAE@XZ 0042aae0 f i SerialPort.obj
 0001:00029b20       ??Diterator@?$list@UserialPortBuffer@@V?$allocator@UserialPortBuffer@@@std@@@std@@QBEAAUserialPortBuffer@@XZ 0042ab20 f i SerialPort.obj
 0001:00029b60       ??Eiterator@?$list@UserialPortBuffer@@V?$allocator@UserialPortBuffer@@@std@@@std@@QAE?AV012@H@Z 0042ab60 f i SerialPort.obj
 0001:00029bb0       ??9iterator@?$list@UserialPortBuffer@@V?$allocator@UserialPortBuffer@@@std@@@std@@QBE_NABV012@@Z 0042abb0 f i SerialPort.obj
 0001:00029c00       ??0?$list@V?$basic_string@DU?$char_traits@D@std@@V?$allocator@D@2@@std@@V?$allocator@V?$basic_string@DU?$char_traits@D@std@@V?$allocator@D@2@@std@@@2@@std@@QAE@ABV?$allocator@V?$basic_string@DU?$char_traits@D@std@@V?$allocator@D@2@@std@@@1@@Z 0042ac00 f i SerialPort.obj
 0001:00029c60       ??0?$list@V?$basic_string@DU?$char_traits@D@std@@V?$allocator@D@2@@std@@V?$allocator@V?$basic_string@DU?$char_traits@D@std@@V?$allocator@D@2@@std@@@2@@std@@QAE@ABV01@@Z 0042ac60 f i SerialPort.obj
 0001:00029cf0       ??1?$list@V?$basic_string@DU?$char_traits@D@std@@V?$allocator@D@2@@std@@V?$allocator@V?$basic_string@DU?$char_traits@D@std@@V?$allocator@D@2@@std@@@2@@std@@QAE@XZ 0042acf0 f i SerialPort.obj
 0001:00029d70       ?empty@?$list@V?$basic_string@DU?$char_traits@D@std@@V?$allocator@D@2@@std@@V?$allocator@V?$basic_string@DU?$char_traits@D@std@@V?$allocator@D@2@@std@@@2@@std@@QBE_NXZ 0042ad70 f i SerialPort.obj
 0001:00029db0       ?push_back@?$list@V?$basic_string@DU?$char_traits@D@std@@V?$allocator@D@2@@std@@V?$allocator@V?$basic_string@DU?$char_traits@D@std@@V?$allocator@D@2@@std@@@2@@std@@QAEXABV?$basic_string@DU?$char_traits@D@std@@V?$allocator@D@2@@2@@Z 0042adb0 f i SerialPort.obj
 0001:00029e00       ?clear@?$list@V?$basic_string@DU?$char_traits@D@std@@V?$allocator@D@2@@std@@V?$allocator@V?$basic_string@DU?$char_traits@D@std@@V?$allocator@D@2@@std@@@2@@std@@QAEXXZ 0042ae00 f i SerialPort.obj
 0001:00029e60       ?assign@?$basic_string@DU?$char_traits@D@std@@V?$allocator@D@2@@std@@QAEAAV12@ABV12@@Z 0042ae60 f i SerialPort.obj
 0001:00029eb0       ?assign@?$basic_string@DU?$char_traits@D@std@@V?$allocator@D@2@@std@@QAEAAV12@ABV12@II@Z 0042aeb0 f i SerialPort.obj
 0001:0002a030       ?copy@?$char_traits@D@std@@SAPADPADPBDI@Z 0042b030 f i SerialPort.obj
 0001:0002a070       ?size@?$basic_string@DU?$char_traits@D@std@@V?$allocator@D@2@@std@@QBEIXZ 0042b070 f i SerialPort.obj
 0001:0002a0a0       ?assign@?$basic_string@DU?$char_traits@D@std@@V?$allocator@D@2@@std@@QAEAAV12@PBD@Z 0042b0a0 f i SerialPort.obj
 0001:0002a0f0       ?length@?$char_traits@D@std@@SAIPBD@Z 0042b0f0 f i SerialPort.obj
 0001:0002a130       ?_Nullstr@?$basic_string@DU?$char_traits@D@std@@V?$allocator@D@2@@std@@CAPBDXZ 0042b130 f i SerialPort.obj
 0001:0002a160       ?_Tidy@?$basic_string@DU?$char_traits@D@std@@V?$allocator@D@2@@std@@AAEX_N@Z 0042b160 f i SerialPort.obj
 0001:0002a240       ?insert@?$list@UserialPortBuffer@@V?$allocator@UserialPortBuffer@@@std@@@std@@QAE?AViterator@12@V312@ABUserialPortBuffer@@@Z 0042b240 f i SerialPort.obj
 0001:0002a320       ?erase@?$list@UserialPortBuffer@@V?$allocator@UserialPortBuffer@@@std@@@std@@QAE?AViterator@12@V312@0@Z 0042b320 f i SerialPort.obj
 0001:0002a390       ?_Buynode@?$list@UserialPortBuffer@@V?$allocator@UserialPortBuffer@@@std@@@std@@IAEPAU_Node@12@PAU312@0@Z 0042b390 f i SerialPort.obj
 0001:0002a420       ?_Freenode@?$list@UserialPortBuffer@@V?$allocator@UserialPortBuffer@@@std@@@std@@IAEXPAU_Node@12@@Z 0042b420 f i SerialPort.obj
 0001:0002a460       ?_Next@_Acc@?$list@UserialPortBuffer@@V?$allocator@UserialPortBuffer@@@std@@@std@@SAAAPAU_Node@23@PAU423@@Z 0042b460 f i SerialPort.obj
 0001:0002a490       ?_Prev@_Acc@?$list@UserialPortBuffer@@V?$allocator@UserialPortBuffer@@@std@@@std@@SAAAPAU_Node@23@PAU423@@Z 0042b490 f i SerialPort.obj
 0001:0002a4c0       ?_Value@_Acc@?$list@UserialPortBuffer@@V?$allocator@UserialPortBuffer@@@std@@@std@@SAAAUserialPortBuffer@@PAU_Node@23@@Z 0042b4c0 f i SerialPort.obj
 0001:0002a4f0       ?destroy@?$allocator@UserialPortBuffer@@@std@@QAEXPAUserialPortBuffer@@@Z 0042b4f0 f i SerialPort.obj
 0001:0002a530       ??0const_iterator@?$list@UserialPortBuffer@@V?$allocator@UserialPortBuffer@@@std@@@std@@QAE@XZ 0042b530 f i SerialPort.obj
 0001:0002a560       ?_Mynode@const_iterator@?$list@UserialPortBuffer@@V?$allocator@UserialPortBuffer@@@std@@@std@@QBEPAU_Node@23@XZ 0042b560 f i SerialPort.obj
 0001:0002a590       ??0iterator@?$list@UserialPortBuffer@@V?$allocator@UserialPortBuffer@@@std@@@std@@QAE@PAU_Node@12@@Z 0042b590 f i SerialPort.obj
 0001:0002a5d0       ??Eiterator@?$list@UserialPortBuffer@@V?$allocator@UserialPortBuffer@@@std@@@std@@QAEAAV012@XZ 0042b5d0 f i SerialPort.obj
 0001:0002a620       ??8iterator@?$list@UserialPortBuffer@@V?$allocator@UserialPortBuffer@@@std@@@std@@QBE_NABV012@@Z 0042b620 f i SerialPort.obj
 0001:0002a660       ?begin@?$list@V?$basic_string@DU?$char_traits@D@std@@V?$allocator@D@2@@std@@V?$allocator@V?$basic_string@DU?$char_traits@D@std@@V?$allocator@D@2@@std@@@2@@std@@QAE?AViterator@12@XZ 0042b660 f i SerialPort.obj
 0001:0002a6c0       ?begin@?$list@V?$basic_string@DU?$char_traits@D@std@@V?$allocator@D@2@@std@@V?$allocator@V?$basic_string@DU?$char_traits@D@std@@V?$allocator@D@2@@std@@@2@@std@@QBE?AVconst_iterator@12@XZ 0042b6c0 f i SerialPort.obj
 0001:0002a720       ?end@?$list@V?$basic_string@DU?$char_traits@D@std@@V?$allocator@D@2@@std@@V?$allocator@V?$basic_string@DU?$char_traits@D@std@@V?$allocator@D@2@@std@@@2@@std@@QAE?AViterator@12@XZ 0042b720 f i SerialPort.obj
 0001:0002a770       ??0CSerialPort@itas109@@QAE@ABV01@@Z 0042b770 f i SerialPort.obj
 0001:0002a900       ??0?$list@UserialPortBuffer@@V?$allocator@UserialPortBuffer@@@std@@@std@@QAE@ABV01@@Z 0042b900 f i SerialPort.obj
 0001:0002a990       ?begin@?$list@UserialPortBuffer@@V?$allocator@UserialPortBuffer@@@std@@@std@@QBE?AVconst_iterator@12@XZ 0042b990 f i SerialPort.obj
 0001:0002a9f0       ?end@?$list@UserialPortBuffer@@V?$allocator@UserialPortBuffer@@@std@@@std@@QBE?AVconst_iterator@12@XZ 0042b9f0 f i SerialPort.obj
 0001:0002aa40       ?insert@?$list@UserialPortBuffer@@V?$allocator@UserialPortBuffer@@@std@@@std@@QAEXViterator@12@Vconst_iterator@12@1@Z 0042ba40 f i SerialPort.obj
 0001:0002aab0       ??Dconst_iterator@?$list@UserialPortBuffer@@V?$allocator@UserialPortBuffer@@@std@@@std@@QBEABUserialPortBuffer@@XZ 0042bab0 f i SerialPort.obj
 0001:0002aaf0       ??Econst_iterator@?$list@UserialPortBuffer@@V?$allocator@UserialPortBuffer@@@std@@@std@@QAEAAV012@XZ 0042baf0 f i SerialPort.obj
 0001:0002ab40       ??9const_iterator@?$list@UserialPortBuffer@@V?$allocator@UserialPortBuffer@@@std@@@std@@QBE_NABV012@@Z 0042bb40 f i SerialPort.obj
 0001:0002ab90       ?end@?$list@V?$basic_string@DU?$char_traits@D@std@@V?$allocator@D@2@@std@@V?$allocator@V?$basic_string@DU?$char_traits@D@std@@V?$allocator@D@2@@std@@@2@@std@@QBE?AVconst_iterator@12@XZ 0042bb90 f i SerialPort.obj
 0001:0002abe0       ?size@?$list@V?$basic_string@DU?$char_traits@D@std@@V?$allocator@D@2@@std@@V?$allocator@V?$basic_string@DU?$char_traits@D@std@@V?$allocator@D@2@@std@@@2@@std@@QBEIXZ 0042bbe0 f i SerialPort.obj
 0001:0002ac10       ?insert@?$list@V?$basic_string@DU?$char_traits@D@std@@V?$allocator@D@2@@std@@V?$allocator@V?$basic_string@DU?$char_traits@D@std@@V?$allocator@D@2@@std@@@2@@std@@QAE?AViterator@12@V312@ABV?$basic_string@DU?$char_traits@D@std@@V?$allocator@D@2@@2@@Z 0042bc10 f i SerialPort.obj
 0001:0002acf0       ??4CSerialPort@itas109@@QAEAAV01@ABV01@@Z 0042bcf0 f i SerialPort.obj
 0001:0002ae90       ??4?$list@UserialPortBuffer@@V?$allocator@UserialPortBuffer@@@std@@@std@@QAEAAV01@ABV01@@Z 0042be90 f i SerialPort.obj
 0001:0002afa0       ?insert@?$list@V?$basic_string@DU?$char_traits@D@std@@V?$allocator@D@2@@std@@V?$allocator@V?$basic_string@DU?$char_traits@D@std@@V?$allocator@D@2@@std@@@2@@std@@QAEXViterator@12@Vconst_iterator@12@1@Z 0042bfa0 f i SerialPort.obj
 0001:0002b010       ?erase@?$list@V?$basic_string@DU?$char_traits@D@std@@V?$allocator@D@2@@std@@V?$allocator@V?$basic_string@DU?$char_traits@D@std@@V?$allocator@D@2@@std@@@2@@std@@QAE?AViterator@12@V312@0@Z 0042c010 f i SerialPort.obj
 0001:0002b080       ?_Buynode@?$list@V?$basic_string@DU?$char_traits@D@std@@V?$allocator@D@2@@std@@V?$allocator@V?$basic_string@DU?$char_traits@D@std@@V?$allocator@D@2@@std@@@2@@std@@IAEPAU_Node@12@PAU312@0@Z 0042c080 f i SerialPort.obj
 0001:0002b110       ?_Freenode@?$list@V?$basic_string@DU?$char_traits@D@std@@V?$allocator@D@2@@std@@V?$allocator@V?$basic_string@DU?$char_traits@D@std@@V?$allocator@D@2@@std@@@2@@std@@IAEXPAU_Node@12@@Z 0042c110 f i SerialPort.obj
 0001:0002b150       ??_GCSerialPort@itas109@@UAEPAXI@Z 0042c150 f i SerialPort.obj
 0001:0002b1b0       ?assign@?$basic_string@DU?$char_traits@D@std@@V?$allocator@D@2@@std@@QAEAAV12@PBDI@Z 0042c1b0 f i SerialPort.obj
 0001:0002b220       ??_ECSerialPort@itas109@@UAEPAXI@Z 0042c220 f i SerialPort.obj
 0001:0002b2c0       ?erase@?$basic_string@DU?$char_traits@D@std@@V?$allocator@D@2@@std@@QAEAAV12@II@Z 0042c2c0 f i SerialPort.obj
 0001:0002b390       ?move@?$char_traits@D@std@@SAPADPADPBDI@Z 0042c390 f i SerialPort.obj
 0001:0002b3d0       ??4CSerialPortInfo@itas109@@QAEAAV01@ABV01@@Z 0042c3d0 f i SerialPort.obj
 0001:0002b410       ?capacity@?$basic_string@DU?$char_traits@D@std@@V?$allocator@D@2@@std@@QBEIXZ 0042c410 f i SerialPort.obj
 0001:0002b440       ?_Eos@?$basic_string@DU?$char_traits@D@std@@V?$allocator@D@2@@std@@AAEXI@Z 0042c440 f i SerialPort.obj
 0001:0002b4a0       ?assign@?$char_traits@D@std@@SAXAADABD@Z 0042c4a0 f i SerialPort.obj
 0001:0002b4d0       ?_Grow@?$basic_string@DU?$char_traits@D@std@@V?$allocator@D@2@@std@@AAE_NI_N@Z 0042c4d0 f i SerialPort.obj
 0001:0002b630       ?_Refcnt@?$basic_string@DU?$char_traits@D@std@@V?$allocator@D@2@@std@@AAEAAEPBD@Z 0042c630 f i SerialPort.obj
 0001:0002b660       ?deallocate@?$allocator@D@std@@QAEXPAXI@Z 0042c660 f i SerialPort.obj
 0001:0002b6a0       ?_Charalloc@?$allocator@UserialPortBuffer@@@std@@QAEPADI@Z 0042c6a0 f i SerialPort.obj
 0001:0002b6e0       ?deallocate@?$allocator@UserialPortBuffer@@@std@@QAEXPAXI@Z 0042c6e0 f i SerialPort.obj
 0001:0002b720       ?construct@?$allocator@UserialPortBuffer@@@std@@QAEXPAUserialPortBuffer@@ABU3@@Z 0042c720 f i SerialPort.obj
 0001:0002b760       ??0const_iterator@?$list@UserialPortBuffer@@V?$allocator@UserialPortBuffer@@@std@@@std@@QAE@PAU_Node@12@@Z 0042c760 f i SerialPort.obj
 0001:0002b7a0       ??8const_iterator@?$list@UserialPortBuffer@@V?$allocator@UserialPortBuffer@@@std@@@std@@QBE_NABV012@@Z 0042c7a0 f i SerialPort.obj
 0001:0002b7e0       ?erase@?$list@V?$basic_string@DU?$char_traits@D@std@@V?$allocator@D@2@@std@@V?$allocator@V?$basic_string@DU?$char_traits@D@std@@V?$allocator@D@2@@std@@@2@@std@@QAE?AViterator@12@V312@@Z 0042c7e0 f i SerialPort.obj
 0001:0002b8c0       ?_Next@_Acc@?$list@V?$basic_string@DU?$char_traits@D@std@@V?$allocator@D@2@@std@@V?$allocator@V?$basic_string@DU?$char_traits@D@std@@V?$allocator@D@2@@std@@@2@@std@@SAAAPAU_Node@23@PAU423@@Z 0042c8c0 f i SerialPort.obj
 0001:0002b8f0       ?_Prev@_Acc@?$list@V?$basic_string@DU?$char_traits@D@std@@V?$allocator@D@2@@std@@V?$allocator@V?$basic_string@DU?$char_traits@D@std@@V?$allocator@D@2@@std@@@2@@std@@SAAAPAU_Node@23@PAU423@@Z 0042c8f0 f i SerialPort.obj
 0001:0002b920       ?_Value@_Acc@?$list@V?$basic_string@DU?$char_traits@D@std@@V?$allocator@D@2@@std@@V?$allocator@V?$basic_string@DU?$char_traits@D@std@@V?$allocator@D@2@@std@@@2@@std@@SAAAV?$basic_string@DU?$char_traits@D@std@@V?$allocator@D@2@@3@PAU_Node@23@@Z 0042c920 f i SerialPort.obj
 0001:0002b950       ?_Charalloc@?$allocator@V?$basic_string@DU?$char_traits@D@std@@V?$allocator@D@2@@std@@@std@@QAEPADI@Z 0042c950 f i SerialPort.obj
 0001:0002b990       ?deallocate@?$allocator@V?$basic_string@DU?$char_traits@D@std@@V?$allocator@D@2@@std@@@std@@QAEXPAXI@Z 0042c990 f i SerialPort.obj
 0001:0002b9d0       ?construct@?$allocator@V?$basic_string@DU?$char_traits@D@std@@V?$allocator@D@2@@std@@@std@@QAEXPAV?$basic_string@DU?$char_traits@D@std@@V?$allocator@D@2@@2@ABV32@@Z 0042c9d0 f i SerialPort.obj
 0001:0002ba10       ??0const_iterator@?$list@V?$basic_string@DU?$char_traits@D@std@@V?$allocator@D@2@@std@@V?$allocator@V?$basic_string@DU?$char_traits@D@std@@V?$allocator@D@2@@std@@@2@@std@@QAE@PAU_Node@12@@Z 0042ca10 f i SerialPort.obj
 0001:0002ba50       ??Dconst_iterator@?$list@V?$basic_string@DU?$char_traits@D@std@@V?$allocator@D@2@@std@@V?$allocator@V?$basic_string@DU?$char_traits@D@std@@V?$allocator@D@2@@std@@@2@@std@@QBEABV?$basic_string@DU?$char_traits@D@std@@V?$allocator@D@2@@2@XZ 0042ca50 f i SerialPort.obj
 0001:0002ba90       ??Econst_iterator@?$list@V?$basic_string@DU?$char_traits@D@std@@V?$allocator@D@2@@std@@V?$allocator@V?$basic_string@DU?$char_traits@D@std@@V?$allocator@D@2@@std@@@2@@std@@QAEAAV012@XZ 0042ca90 f i SerialPort.obj
 0001:0002bae0       ??9const_iterator@?$list@V?$basic_string@DU?$char_traits@D@std@@V?$allocator@D@2@@std@@V?$allocator@V?$basic_string@DU?$char_traits@D@std@@V?$allocator@D@2@@std@@@2@@std@@QBE_NABV012@@Z 0042cae0 f i SerialPort.obj
 0001:0002bb30       ?_Mynode@const_iterator@?$list@V?$basic_string@DU?$char_traits@D@std@@V?$allocator@D@2@@std@@V?$allocator@V?$basic_string@DU?$char_traits@D@std@@V?$allocator@D@2@@std@@@2@@std@@QBEPAU_Node@23@XZ 0042cb30 f i SerialPort.obj
 0001:0002bb60       ??0iterator@?$list@V?$basic_string@DU?$char_traits@D@std@@V?$allocator@D@2@@std@@V?$allocator@V?$basic_string@DU?$char_traits@D@std@@V?$allocator@D@2@@std@@@2@@std@@QAE@PAU_Node@12@@Z 0042cb60 f i SerialPort.obj
 0001:0002bba0       ??Eiterator@?$list@V?$basic_string@DU?$char_traits@D@std@@V?$allocator@D@2@@std@@V?$allocator@V?$basic_string@DU?$char_traits@D@std@@V?$allocator@D@2@@std@@@2@@std@@QAE?AV012@H@Z 0042cba0 f i SerialPort.obj
 0001:0002bbf0       ??9iterator@?$list@V?$basic_string@DU?$char_traits@D@std@@V?$allocator@D@2@@std@@V?$allocator@V?$basic_string@DU?$char_traits@D@std@@V?$allocator@D@2@@std@@@2@@std@@QBE_NABV012@@Z 0042cbf0 f i SerialPort.obj
 0001:0002bc40       ?max_size@?$basic_string@DU?$char_traits@D@std@@V?$allocator@D@2@@std@@QBEIXZ 0042cc40 f i SerialPort.obj
 0001:0002bca0       ?_Copy@?$basic_string@DU?$char_traits@D@std@@V?$allocator@D@2@@std@@AAEXI@Z 0042cca0 f i SerialPort.obj
 0001:0002be00       ?_Split@?$basic_string@DU?$char_traits@D@std@@V?$allocator@D@2@@std@@AAEXXZ 0042ce00 f i SerialPort.obj
 0001:0002be90       ?destroy@?$allocator@V?$basic_string@DU?$char_traits@D@std@@V?$allocator@D@2@@std@@@std@@QAEXPAV?$basic_string@DU?$char_traits@D@std@@V?$allocator@D@2@@2@@Z 0042ce90 f i SerialPort.obj
 0001:0002bed0       ??8const_iterator@?$list@V?$basic_string@DU?$char_traits@D@std@@V?$allocator@D@2@@std@@V?$allocator@V?$basic_string@DU?$char_traits@D@std@@V?$allocator@D@2@@std@@@2@@std@@QBE_NABV012@@Z 0042ced0 f i SerialPort.obj
 0001:0002bf10       ??Eiterator@?$list@V?$basic_string@DU?$char_traits@D@std@@V?$allocator@D@2@@std@@V?$allocator@V?$basic_string@DU?$char_traits@D@std@@V?$allocator@D@2@@std@@@2@@std@@QAEAAV012@XZ 0042cf10 f i SerialPort.obj
 0001:0002bf60       ??8iterator@?$list@V?$basic_string@DU?$char_traits@D@std@@V?$allocator@D@2@@std@@V?$allocator@V?$basic_string@DU?$char_traits@D@std@@V?$allocator@D@2@@std@@@2@@std@@QBE_NABV012@@Z 0042cf60 f i SerialPort.obj
 0001:0002bfa0       ?allocate@?$allocator@D@std@@QAEPADIPBX@Z 0042cfa0 f i SerialPort.obj
 0001:0002bfe0       ?max_size@?$allocator@D@std@@QBEIXZ 0042cfe0 f i SerialPort.obj
 0001:0002c030       ??8std@@YA_NABV?$allocator@D@0@0@Z 0042d030 f i SerialPort.obj
 0001:0002c060       ?_Destroy@std@@YAXPAUserialPortBuffer@@@Z 0042d060 f i SerialPort.obj
 0001:0002c080       ?_Allocate@std@@YAPADHPAD@Z 0042d080 f i SerialPort.obj
 0001:0002c0d0       ?_Construct@std@@YAXPAUserialPortBuffer@@ABU2@@Z 0042d0d0 f i SerialPort.obj
 0001:0002c130       ??2@YAPAXIPAX@Z            0042d130 f i SerialPort.obj
 0001:0002c160       ?_Construct@std@@YAXPAV?$basic_string@DU?$char_traits@D@std@@V?$allocator@D@2@@1@ABV21@@Z 0042d160 f i SerialPort.obj
 0001:0002c1f0       ??3@YAXPAX0@Z              0042d1f0 f i SerialPort.obj
 0001:0002c210       ?_Destroy@std@@YAXPAV?$basic_string@DU?$char_traits@D@std@@V?$allocator@D@2@@1@@Z 0042d210 f i SerialPort.obj
 0001:0002c250       ??_G?$basic_string@DU?$char_traits@D@std@@V?$allocator@D@2@@std@@QAEPAXI@Z 0042d250 f i SerialPort.obj
 0001:0002c2f0       ?id@?$ctype@G@std@@$D      0042d2f0 f i SerialPort.obj
 0001:0002c370       ?id@?$ctype@G@std@@$E      0042d370 f i SerialPort.obj
 0001:0002c390       _InitializeCriticalSection@4 0042d390 f   kernel32:KERNEL32.dll
 0001:0002c396       _CreateEventA@16           0042d396 f   kernel32:KERNEL32.dll
 0001:0002c39c       _DeleteCriticalSection@4   0042d39c f   kernel32:KERNEL32.dll
 0001:0002c3a2       _CloseHandle@4             0042d3a2 f   kernel32:KERNEL32.dll
 0001:0002c3a8       _PurgeComm@8               0042d3a8 f   kernel32:KERNEL32.dll
 0001:0002c3ae       _SetCommState@8            0042d3ae f   kernel32:KERNEL32.dll
 0001:0002c3b4       _GetCommState@8            0042d3b4 f   kernel32:KERNEL32.dll
 0001:0002c3ba       _SetCommMask@8             0042d3ba f   kernel32:KERNEL32.dll
 0001:0002c3c0       _SetCommTimeouts@8         0042d3c0 f   kernel32:KERNEL32.dll
 0001:0002c3c6       _LeaveCriticalSection@4    0042d3c6 f   kernel32:KERNEL32.dll
 0001:0002c3cc       _GetLastError@0            0042d3cc f   kernel32:KERNEL32.dll
 0001:0002c3d2       _CreateFileA@28            0042d3d2 f   kernel32:KERNEL32.dll
 0001:0002c3d8       _EnterCriticalSection@4    0042d3d8 f   kernel32:KERNEL32.dll
 0001:0002c3de       _GetCommMask@8             0042d3de f   kernel32:KERNEL32.dll
 0001:0002c3e4       _ExitThread@4              0042d3e4 f   kernel32:KERNEL32.dll
 0001:0002c3ea       _WaitForSingleObject@8     0042d3ea f   kernel32:KERNEL32.dll
 0001:0002c3f0       _ClearCommError@12         0042d3f0 f   kernel32:KERNEL32.dll
 0001:0002c3f6       _WaitCommEvent@12          0042d3f6 f   kernel32:KERNEL32.dll
 0001:0002c3fc       _CreateThread@24           0042d3fc f   kernel32:KERNEL32.dll
 0001:0002c402       _ResumeThread@4            0042d402 f   kernel32:KERNEL32.dll
 0001:0002c408       _SuspendThread@4           0042d408 f   kernel32:KERNEL32.dll
 0001:0002c40e       _LocalFree@4               0042d40e f   kernel32:KERNEL32.dll
 0001:0002c414       _FormatMessageA@28         0042d414 f   kernel32:KERNEL32.dll
 0001:0002c41a       _GetOverlappedResult@16    0042d41a f   kernel32:KERNEL32.dll
 0001:0002c420       _WriteFile@20              0042d420 f   kernel32:KERNEL32.dll
 0001:0002c426       _ResetEvent@4              0042d426 f   kernel32:KERNEL32.dll
 0001:0002c42c       _ReadFile@20               0042d42c f   kernel32:KERNEL32.dll
 0001:0002c432       _Sleep@4                   0042d432 f   kernel32:KERNEL32.dll
 0001:0002c438       _SetEvent@4                0042d438 f   kernel32:KERNEL32.dll
 0001:0002c43e       _MessageBoxA@16            0042d43e f   user32:USER32.dll
 0001:0002c444       _SendMessageA@16           0042d444 f   user32:USER32.dll
 0001:0002c44a       _MsgWaitForMultipleObjects@20 0042d44a f   user32:USER32.dll
 0001:0002c450       _PostMessageA@16           0042d450 f   user32:USER32.dll
 0001:0002c456       _DispatchMessageA@4        0042d456 f   user32:USER32.dll
 0001:0002c45c       _TranslateMessage@4        0042d45c f   user32:USER32.dll
 0001:0002c462       _PeekMessageA@20           0042d462 f   user32:USER32.dll
 0001:0002c468       _RegCloseKey@4             0042d468 f   advapi32:ADVAPI32.dll
 0001:0002c46e       _RegEnumValueA@32          0042d46e f   advapi32:ADVAPI32.dll
 0001:0002c474       _RegQueryInfoKeyA@48       0042d474 f   advapi32:ADVAPI32.dll
 0001:0002c47a       _RegOpenKeyExA@20          0042d47a f   advapi32:ADVAPI32.dll
 0001:0002c480       __fpmath                   0042d480 f   LIBCD:fpinit.obj
 0001:0002c4b0       __fpclear                  0042d4b0 f   LIBCD:fpinit.obj
 0001:0002c4c0       __cfltcvt_init             0042d4c0 f   LIBCD:fpinit.obj
 0001:0002c510       ___setfflag                0042d510 f   LIBCD:fpinit.obj
 0001:0002c530       __chkesp                   0042d530 f   LIBCD:chkesp.obj
 0001:0002c570       _printf                    0042d570 f   LIBCD:printf.obj
 0001:0002c5f0       __cinit                    0042d5f0 f   LIBCD:crt0dat.obj
 0001:0002c630       _exit                      0042d630 f   LIBCD:crt0dat.obj
 0001:0002c650       __exit                     0042d650 f   LIBCD:crt0dat.obj
 0001:0002c670       __cexit                    0042d670 f   LIBCD:crt0dat.obj
 0001:0002c690       __c_exit                   0042d690 f   LIBCD:crt0dat.obj
 0001:0002c7c0       ?_JumpToContinuation@@YGXPAXPAUEHRegistrationNode@@@Z 0042d7c0 f   LIBCD:trnsctrl.obj
 0001:0002c800       ?_CallMemberFunction0@@YGXPAX0@Z 0042d800 f   LIBCD:trnsctrl.obj
 0001:0002c810       ?_CallMemberFunction1@@YGXPAX00@Z 0042d810 f   LIBCD:trnsctrl.obj
 0001:0002c820       ?_CallMemberFunction2@@YGXPAX00H@Z 0042d820 f   LIBCD:trnsctrl.obj
 0001:0002c830       ?_UnwindNestedFrames@@YGXPAUEHRegistrationNode@@PAUEHExceptionRecord@@@Z 0042d830 f   LIBCD:trnsctrl.obj
 0001:0002c890       ___CxxFrameHandler         0042d890 f   LIBCD:trnsctrl.obj
 0001:0002c8d0       ___CxxLongjmpUnwind@4      0042d8d0 f   LIBCD:trnsctrl.obj
 0001:0002c900       ?_CallCatchBlock2@@YAPAXPAUEHRegistrationNode@@PBU_s_FuncInfo@@PAXHK@Z 0042d900 f   LIBCD:trnsctrl.obj
 0001:0002c9b0       ?_CallSETranslator@@YAHPAUEHExceptionRecord@@PAUEHRegistrationNode@@PAX2PBU_s_FuncInfo@@H1@Z 0042d9b0 f   LIBCD:trnsctrl.obj
 0001:0002cb10       ?_GetRangeOfTrysToCheck@@YAPBU_s_TryBlockMapEntry@@PBU_s_FuncInfo@@HHPAI1@Z 0042db10 f   LIBCD:trnsctrl.obj
 0001:0002cba0       __chkstk                   0042dba0 f   LIBCD:chkstk.obj
 0001:0002cba0       __alloca_probe             0042dba0 f   LIBCD:chkstk.obj
 0001:0002cbd0       __global_unwind2           0042dbd0 f   LIBCD:exsup.obj
 0001:0002cc12       __local_unwind2            0042dc12 f   LIBCD:exsup.obj
 0001:0002cc6a       __NLG_Return2              0042dc6a f   LIBCD:exsup.obj
 0001:0002cc7a       __abnormal_termination     0042dc7a f   LIBCD:exsup.obj
 0001:0002cc9d       __NLG_Notify1              0042dc9d f   LIBCD:exsup.obj
 0001:0002cca6       __NLG_Notify               0042dca6 f   LIBCD:exsup.obj
 0001:0002ccb9       __NLG_Dispatch             0042dcb9 f   LIBCD:exsup.obj
 0001:0002ccc0       __CIsqrt                   0042dcc0 f   LIBCD:sqrt.obj
 0001:0002ccd4       _sqrt                      0042dcd4 f   LIBCD:sqrt.obj
 0001:0002cd80       _atan2                     0042dd80 f   LIBCD:87ctriga.obj
 0001:0002cd8a       __CIatan2                  0042dd8a f   LIBCD:87ctriga.obj
 0001:0002cda0       __CIcos                    0042dda0 f   LIBCD:cos.obj
 0001:0002cdb4       _cos                       0042ddb4 f   LIBCD:cos.obj
 0001:0002ce50       __CIsin                    0042de50 f   LIBCD:sin.obj
 0001:0002ce64       _sin                       0042de64 f   LIBCD:sin.obj
 0001:0002cf00       __CIpow                    0042df00 f   LIBCD:pow.obj
 0001:0002cf19       _pow                       0042df19 f   LIBCD:pow.obj
 0001:0002d120       __CIacos                   0042e120 f   LIBCD:acos.obj
 0001:0002d134       _acos                      0042e134 f   LIBCD:acos.obj
 0001:0002d1f0       __CIasin                   0042e1f0 f   LIBCD:asin.obj
 0001:0002d204       _asin                      0042e204 f   LIBCD:asin.obj
 0001:0002d2c0       _fabs                      0042e2c0 f   LIBCD:fabs.obj
 0001:0002d3c0       _memcpy                    0042e3c0 f   LIBCD:memcpy.obj
 0001:0002d700       ??2@YAPAXI@Z               0042e700 f   LIBCD:new.obj
 0001:0002d720       ??3@YAXPAX@Z               0042e720 f   LIBCD:dbgdel.obj
 0001:0002d7b0       _memset                    0042e7b0 f   LIBCD:memset.obj
 0001:0002d810       __purecall                 0042e810 f   LIBCD:purevirt.obj
 0001:0002d820       __ftol                     0042e820 f   LIBCD:ftol.obj
 0001:0002d850       _fmod                      0042e850 f   LIBCD:87fmod.obj
 0001:0002d85a       __CIfmod                   0042e85a f   LIBCD:87fmod.obj
 0001:0002d890       __Getdays                  0042e890 f   LIBCD:strftime.obj
 0001:0002d9c0       __Getmonths                0042e9c0 f   LIBCD:strftime.obj
 0001:0002daf0       __Gettnames                0042eaf0 f   LIBCD:strftime.obj
 0001:0002de60       _strftime                  0042ee60 f   LIBCD:strftime.obj
 0001:0002de80       __Strftime                 0042ee80 f   LIBCD:strftime.obj
 0001:0002ed50       _localtime                 0042fd50 f   LIBCD:localtim.obj
 0001:0002efb0       _time                      0042ffb0 f   LIBCD:time.obj
 0001:0002f140       __access                   00430140 f   LIBCD:access.obj
 0001:0002f1a0       _strlen                    004301a0 f   LIBCD:strlen.obj
 0001:0002f220       _fclose                    00430220 f   LIBCD:fclose.obj
 0001:0002f300       _fsetpos                   00430300 f   LIBCD:fsetpos.obj
 0001:0002f320       _fgets                     00430320 f   LIBCD:fgets.obj
 0001:0002f450       _ftell                     00430450 f   LIBCD:ftell.obj
 0001:0002f6e0       __fsopen                   004306e0 f   LIBCD:fopen.obj
 0001:0002f7d0       _fopen                     004307d0 f   LIBCD:fopen.obj
 0001:0002f7f0       _strcpy                    004307f0 f   LIBCD:strcat.obj
 0001:0002f800       _strcat                    00430800 f   LIBCD:strcat.obj
 0001:0002f8e0       _sscanf                    004308e0 f   LIBCD:sscanf.obj
 0001:0002f9a0       _fread                     004309a0 f   LIBCD:fread.obj
 0001:0002fb70       _fseek                     00430b70 f   LIBCD:fseek.obj
 0001:0002fca0       _fwrite                    00430ca0 f   LIBCD:fwrite.obj
 0001:0002fec0       _malloc                    00430ec0 f   LIBCD:dbgheap.obj
 0001:0002fef0       __malloc_dbg               00430ef0 f   LIBCD:dbgheap.obj
 0001:0002ff20       __nh_malloc                00430f20 f   LIBCD:dbgheap.obj
 0001:0002ff40       __nh_malloc_dbg            00430f40 f   LIBCD:dbgheap.obj
 0001:0002ff90       __heap_alloc               00430f90 f   LIBCD:dbgheap.obj
 0001:0002ffb0       __heap_alloc_dbg           00430fb0 f   LIBCD:dbgheap.obj
 0001:000302d0       _calloc                    004312d0 f   LIBCD:dbgheap.obj
 0001:00030300       __calloc_dbg               00431300 f   LIBCD:dbgheap.obj
 0001:00030360       _realloc                   00431360 f   LIBCD:dbgheap.obj
 0001:00030390       __realloc_dbg              00431390 f   LIBCD:dbgheap.obj
 0001:000308e0       __expand                   004318e0 f   LIBCD:dbgheap.obj
 0001:00030910       __expand_dbg               00431910 f   LIBCD:dbgheap.obj
 0001:00030940       _free                      00431940 f   LIBCD:dbgheap.obj
 0001:00030960       __free_dbg                 00431960 f   LIBCD:dbgheap.obj
 0001:00030d50       __msize                    00431d50 f   LIBCD:dbgheap.obj
 0001:00030d70       __msize_dbg                00431d70 f   LIBCD:dbgheap.obj
 0001:00030ec0       __CrtSetBreakAlloc         00431ec0 f   LIBCD:dbgheap.obj
 0001:00030ee0       __CrtSetDbgBlockType       00431ee0 f   LIBCD:dbgheap.obj
 0001:00030f70       __CrtSetAllocHook          00431f70 f   LIBCD:dbgheap.obj
 0001:00031020       __CrtCheckMemory           00432020 f   LIBCD:dbgheap.obj
 0001:00031380       __CrtSetDbgFlag            00432380 f   LIBCD:dbgheap.obj
 0001:000313b0       __CrtDoForAllClientObjects 004323b0 f   LIBCD:dbgheap.obj
 0001:00031410       __CrtIsValidPointer        00432410 f   LIBCD:dbgheap.obj
 0001:00031460       __CrtIsValidHeapPointer    00432460 f   LIBCD:dbgheap.obj
 0001:00031590       __CrtIsMemoryBlock         00432590 f   LIBCD:dbgheap.obj
 0001:00031670       __CrtSetDumpClient         00432670 f   LIBCD:dbgheap.obj
 0001:00031690       __CrtMemCheckpoint         00432690 f   LIBCD:dbgheap.obj
 0001:000317f0       __CrtMemDifference         004327f0 f   LIBCD:dbgheap.obj
 0001:00031920       __CrtMemDumpAllObjectsSince 00432920 f   LIBCD:dbgheap.obj
 0001:00031cf0       __CrtDumpMemoryLeaks       00432cf0 f   LIBCD:dbgheap.obj
 0001:00031d70       __CrtMemDumpStatistics     00432d70 f   LIBCD:dbgheap.obj
 0001:00031e40       __CItan                    00432e40 f   LIBCD:tan.obj
 0001:00031e54       _tan                       00432e54 f   LIBCD:tan.obj
 0001:00031f00       _srand                     00432f00 f   LIBCD:rand.obj
 0001:00031f10       _rand                      00432f10 f   LIBCD:rand.obj
 0001:00031f40       _fprintf                   00432f40 f   LIBCD:fprintf.obj
 0001:00031ff0       __mbctoupper               00432ff0 f   LIBCD:mbtoupr.obj
 0001:000320d0       _sprintf                   004330d0 f   LIBCD:sprintf.obj
 0001:000321d0       __assert                   004331d0 f   LIBCD:assert.obj
 0001:00032550       ??_M@YGXPAXIHP6EX0@Z@Z     00433550 f   LIBCD:ehvecdtr.obj
 0001:00032600       ?__ArrayUnwind@@YGXPAXIHP6EX0@Z@Z 00433600 f   LIBCD:ehvecdtr.obj
 0001:000326b0       _memmove                   004336b0 f   LIBCD:memmove.obj
 0001:000329f0       __onexit                   004339f0 f   LIBCD:onexit.obj
 0001:00032aa0       _atexit                    00433aa0 f   LIBCD:onexit.obj
 0001:00032ac0       ___onexitinit              00433ac0 f   LIBCD:onexit.obj
 0001:00032b10       _mainCRTStartup            00433b10 f   LIBCD:crt0.obj
 0001:00032c40       __amsg_exit                00433c40 f   LIBCD:crt0.obj
 0001:00032ca0       __setdefaultprecision      00433ca0 f   LIBCD:fp8.obj
 0001:00032cc0       __ms_p5_test_fdiv          00433cc0 f   LIBCD:testfdiv.obj
 0001:00032d20       __ms_p5_mp_test_fdiv       00433d20 f   LIBCD:testfdiv.obj
 0001:00032d70       __forcdecpt                00433d70 f   LIBCD:cvt.obj
 0001:00032e20       __cropzeros                00433e20 f   LIBCD:cvt.obj
 0001:00032f00       __positive                 00433f00 f   LIBCD:cvt.obj
 0001:00032f30       __fassign                  00433f30 f   LIBCD:cvt.obj
 0001:00032f80       __cftoe                    00433f80 f   LIBCD:cvt.obj
 0001:00033140       __cftof                    00434140 f   LIBCD:cvt.obj
 0001:000332d0       __cftog                    004342d0 f   LIBCD:cvt.obj
 0001:00033440       __cfltcvt                  00434440 f   LIBCD:cvt.obj
 0001:000334d0       __CrtDbgBreak              004344d0 f   LIBCD:dbgrpt.obj
 0001:000334e0       __CrtSetReportMode         004344e0 f   LIBCD:dbgrpt.obj
 0001:00033540       __CrtSetReportFile         00434540 f   LIBCD:dbgrpt.obj
 0001:000335c0       __CrtSetReportHook         004345c0 f   LIBCD:dbgrpt.obj
 0001:000335e0       __CrtDbgReport             004345e0 f   LIBCD:dbgrpt.obj
 0001:00033c80       __stbuf                    00434c80 f   LIBCD:_sftbuf.obj
 0001:00033de0       __ftbuf                    00434de0 f   LIBCD:_sftbuf.obj
 0001:00033ea0       __output                   00434ea0 f   LIBCD:output.obj
 0001:00034dd0       ___initstdio               00435dd0 f   LIBCD:_file.obj
 0001:00034f00       ___endstdio                00435f00 f   LIBCD:_file.obj
 0001:00034f20       ___InternalCxxFrameHandler 00435f20 f   LIBCD:frame.obj
 0001:00035490       ___FrameUnwindToState      00436490 f   LIBCD:frame.obj
 0001:00035aa0       ?_DestructExceptionObject@@YAXPAUEHExceptionRecord@@E@Z 00436aa0 f   LIBCD:frame.obj
 0001:00035b80       __CallSettingFrame@12      00436b80 f   LIBCD:lowhelpr.obj
 0001:00035ba7       __NLG_Return               00436ba7 f   LIBCD:lowhelpr.obj
 0001:00035bd0       ?terminate@@YAXXZ          00436bd0 f   LIBCD:hooks.obj
 0001:00035c60       ?unexpected@@YAXXZ         00436c60 f   LIBCD:hooks.obj
 0001:00035c80       ?_inconsistency@@YAXXZ     00436c80 f   LIBCD:hooks.obj
 0001:00035d10       __trandisp1                00436d10 f   LIBCD:87disp.obj
 0001:00035d77       __trandisp2                00436d77 f   LIBCD:87disp.obj
 0001:00035e03       __rttospopde               00436e03 f   LIBCD:87disp.obj
 0001:00035e08       __rttospop                 00436e08 f   LIBCD:87disp.obj
 0001:00035e0a       __rtnospop                 00436e0a f   LIBCD:87disp.obj
 0001:00035e0c       __rttosnpop                00436e0c f   LIBCD:87disp.obj
 0001:00035e0d       __rtnospopde               00436e0d f   LIBCD:87disp.obj
 0001:00035e14       __rtzeropop                00436e14 f   LIBCD:87disp.obj
 0001:00035e16       __rtzeronpop               00436e16 f   LIBCD:87disp.obj
 0001:00035e1b       __rtonepop                 00436e1b f   LIBCD:87disp.obj
 0001:00035e1d       __rtonenpop                00436e1d f   LIBCD:87disp.obj
 0001:00035e22       __tosnan1                  00436e22 f   LIBCD:87disp.obj
 0001:00035e4d       __nosnan2                  00436e4d f   LIBCD:87disp.obj
 0001:00035e4f       __tosnan2                  00436e4f f   LIBCD:87disp.obj
 0001:00035e77       __nan2                     00436e77 f   LIBCD:87disp.obj
[...]
 0001:0002d65c       UnwindDown6                0042e65c f   LIBCD:memcpy.obj
 0001:0002d664       UnwindDown5                0042e664 f   LIBCD:memcpy.obj
 0001:0002d66c       UnwindDown4                0042e66c f   LIBCD:memcpy.obj
 0001:0002d674       UnwindDown3                0042e674 f   LIBCD:memcpy.obj
 0001:0002d67c       UnwindDown2                0042e67c f   LIBCD:memcpy.obj
 0001:0002d684       UnwindDown1                0042e684 f   LIBCD:memcpy.obj
 0001:0002d697       UnwindDown0                0042e697 f   LIBCD:memcpy.obj
 0001:0002d6b0       TrailDown0                 0042e6b0 f   LIBCD:memcpy.obj
 0001:0002d6b8       TrailDown1                 0042e6b8 f   LIBCD:memcpy.obj
 0001:0002d6c8       TrailDown2                 0042e6c8 f   LIBCD:memcpy.obj
 0001:0002d6dc       TrailDown3                 0042e6dc f   LIBCD:memcpy.obj
 0001:0002d3e0       CopyUp                     0042e3e0 f   LIBCD:memcpy.obj
 0001:0002d3fc       CopyLeadUp                 0042e3fc f   LIBCD:memcpy.obj
 0001:0002d414       ByteCopyUp                 0042e414 f   LIBCD:memcpy.obj
 0001:0002d41c       CopyUnwindUp               0042e41c f   LIBCD:memcpy.obj
 0001:0002d558       CopyDown                   0042e558 f   LIBCD:memcpy.obj
 0001:0002d580       CopyUnwindDown             0042e580 f   LIBCD:memcpy.obj
 0001:0002d58c       CopyLeadDown               0042e58c f   LIBCD:memcpy.obj
 0001:0002d5a4       ByteCopyDown               0042e5a4 f   LIBCD:memcpy.obj
 0001:0002cbe8       _gu_return                 0042dbe8 f   LIBCD:exsup.obj
 0001:0002cbf0       __unwind_handler           0042dbf0 f   LIBCD:exsup.obj
 0001:0002cba0       _$$$00001                  0042dba0 f   LIBCD:chkstk.obj
 0001:0002cbac       probepages                 0042dbac f   LIBCD:chkstk.obj
 0001:0002cbc0       lastpage                   0042dbc0 f   LIBCD:chkstk.obj
 0001:0002c970       ?CatchGuardHandler@@YA?AW4_EXCEPTION_DISPOSITION@@PAUEHExceptionRecord@@PAUCatchGuardRN@@PAX2@Z 0042d970 f   LIBCD:trnsctrl.obj
 0001:0002ca80       ?TranslatorGuardHandler@@YA?AW4_EXCEPTION_DISPOSITION@@PAUEHExceptionRecord@@PAUTranslatorGuardRN@@PAX2@Z 0042da80 f   LIBCD:trnsctrl.obj
 0001:0002c6b0       _doexit                    0042d6b0 f   LIBCD:crt0dat.obj
 0001:0002c790       __initterm                 0042d790 f   LIBCD:crt0dat.obj
 0001:00048d70       _$E24                      00449d70 f   libcpd:string.obj
 0001:00048d90       _$E20                      00449d90 f   libcpd:string.obj
 0001:00048de0       _$E23                      00449de0 f   libcpd:string.obj

FIXUPS: 49d99 50 fffffca9 1352 b ffffeccc 13 21 4e 16 12b1 b ffffed85 1d
FIXUPS: 49bbf 1c 13 21 49 13 e 11ab b ffffee70 35 1d e 1c 13 21 25 5 5
FIXUPS: 49d83 fffe3dfb fffffa8f 12 1d 20 1e 20 8d 12 13 19 fffffe31 19
FIXUPS: 2d5c7 14 ffffff77 ffffff35 5 a 1c4c2 13 e 142b b ffffec05 19 13f7
FIXUPS: 4adcf ffffec3f 23 e 44 fffe43e6 2a 10 1b 2a 10 fffffeaf 12 2a 10
FIXUPS: 2de0e 2a 10 ffffff3e a ffffff37 12 18 16 10 1c 31 10 fffffe70 fffffc74
FIXUPS: 2d8b8 33 63 4f 131 19 4d 6d5 14 22 10 2c 2a 10 fffffe72 12 14 24
FIXUPS: 2e181 2a 2a 10 fffffd39 14 1b 25 14 10 d 10 b 3d 3b 14 60 7 14
FIXUPS: 2e0cc fffffd8b 1434 28 1c 29 41 84 3a 24 31 36 50 a 21 154 31c
FIXUPS: 2f98d 28a ffffec3f a 14 ffffffa2 ffffff67 1f ffffff6f fffffbc6
FIXUPS: 2e2fc 28 16 1d 29 25 fffffe52 a6a 3a 9 2e 9 48 9 2e 9 2e 9 2c 9
FIXUPS: 2edfb 9 2c 9 3d a0 f3 23 23 23 3a 51 24 51 2a 28 45 2d 2d efc ffffffb3
FIXUPS: 2fd66 2d 18 1c 1e f ffffead5 15 1b 50 9 2e 9 71 15 1b 51 9 2e 9
FIXUPS: 2eb29 15 37 15 1e 14 1c 1c 1c 1b 2236 fffffd30 66 1b 6c fffffdc1
FIXUPS: 30ab9 6a fffffde9 2a 33 1a fffffd7d 2e 2a 2e 14 22 22 fffffc92
FIXUPS: 304ae 146 70 fffffce8 2a 75 ffffff29 ffffff58 27 f f 27 21ca 1c
FIXUPS: 32517 84 58 bf fd 76 11e a1 20 31 28 4f 3a 31 18 45 18 1f 8c 69
FIXUPS: 32cca 34 39 16 7c 2a 28 ffffdf24 5a 4f de7 41 6b 56 36 c 2b 1c
FIXUPS: 31d86 1c 18 1f 62 51 60 5a ac 4e 51 2b 28 28 28 ac 2b 32 2b 39
FIXUPS: 322c1 49 33 142 ffffefa4 1c 6b 28 32 4f 18 1f 5b 66 25 25 b3 19
FIXUPS: 317ba 5f 54 86 38 1f 2a 1c 50 1d 1f 62 34 3b 2b 3b 45 2b 13eb 17
FIXUPS: 32fd8 fffffe6f 12 2c 10 1d 2a 10 ffffdfe9 36 27 23 20 29 2f 1c
FIXUPS: 31052 28 5f 54 21 128 1e 1b 34 3e 52 38 3c 21 1f3c c 1d 16 15 16
FIXUPS: 333c2 11 14 16 14 f e 1e 20 16 15 16 14 16 14 19 19 a 1c fffffbb9
FIXUPS: 33126 45 4b fffffea9 ffffff07 2a c36 5 5 25 f 17 10 22 9 27 9 fffffd77
FIXUPS: 33a2a 12 6c 2d 18 fffffaef 7f 47 fffffb6f 1e d 19 16 14 2c 1b 17
FIXUPS: 33304 16 16 1932 fffff11c 28 19f 20 57 14 32 64 140 2a 34 35 6b
FIXUPS: 342b6 29 43 5a 3d 33 3c 38 1c 1a 18 17 fffff895 ffffff54 fffffee1
FIXUPS: 33b9d f 10 1183 c8 33 49 fffff766 10b 2a 18 38 16 2b 14 2e 18 18
FIXUPS: 3489b 63 34 47 1e d 2f 15 11 1d 21 14 26 19d 18 19 19 39d cb 67
FIXUPS: 3525a 18 21 34 30 a8 e2 d5 ce b9 31 1e 2a 1b 131 25 123 1e 30 75
FIXUPS: 35adf 22 26 14 170 55 53 ffffef4d 21 1bd7 12 24 f 1f 12 1e 26 f
FIXUPS: 3697d 12 21 d a 13 16 13 28 14 15 14 7 17 6b 20 fffff300 35 18
FIXUPS: 35f04 10 fffff089 34 f9c 92 3f 6a 15 31 51 ba 3c 27 37 a 3f 25
FIXUPS: 363b3 65 ce 36 12 38 4c 31 16 f 17 37 19 92 18 20 62 a 10ba 1d
FIXUPS: 378a3 fffffb6d 12 1d 5 55 3c 7 2f b2 15 fffffbca 3d 49 132 31 fffffdb3
FIXUPS: 37157 7 10 fffffe9c 5e 7 fffffead fffffd1f 38 78 fffffeb4 22 fffff37a
FIXUPS: 38794 fffff167 1d 53 1d 2b 2c c 3a e 11 2f 44 c 3e e 11 182 1d8
FIXUPS: 38026 2b 33 1b6 f4 27 36 44 c 10 16 c fffff38a 2c66 3a ffffff09
FIXUPS: 3a35b c 10 29 2a fffffe31 45 fffffd3d a fffff6ef 4b 15d 19 18 c
FIXUPS: 39880 15 3b 5b 52 6c c7 53 66 53 25 23 ffffe9b6 1c3 3db6 1c 147
FIXUPS: 3c720 32 24 f ffffea9a fffffc37 2a 2a 227 fffffcb0 59 fffffbfe
FIXUPS: 3a9eb dd 23f fffffaf9 82 2a fffffe04 66 23 6e fffffce5 e 28 76
FIXUPS: 3a5a6 7d 41 1529 64 46 41 12 2f 4d 23 10 70 24 5a 46 2f c1 24 e5
FIXUPS: 3c09f 76 4a 3d 76 6c 62 20 77 27 70 46 31 35 44 cf4 3b 51 fffffc96
FIXUPS: 3d0c2 fffffb5e 108 10 3e 54 4b 28 fffffadd 2a3 ffffe709 2d 47 4a
FIXUPS: 3b38d 19 a4 1aa 1d 118 1de 32 97 1f 58 a8 28 33 1e46 64 fffffebb
FIXUPS: 3d8c8 38 1d fffffb6a 17 31 30 18 3f c 13 70 10 5c 62 37 1b 40 14
FIXUPS: 3d7b2 14 3f 6b fffffaa5 2f 80 36 fffffda5 2a 3ccf 12 5 25e 35 35
FIXUPS: 4135f fffff83a fffffbc0 b6 7f 24 62 38 61 18 28 ffffd0c6 23 3c
FIXUPS: 3e201 192 19 de0 7e5 236 11a 9e a3 102 119 ffffd958 4956 d 11 2f
FIXUPS: 4233d fffffdfa 50 c 5a fffffa21 18 11b 21 4b 5d 17 b5 fffff92e
FIXUPS: 41986 35 fffffd2b a a fffffd1b 98 f6 fffff628 23 5 111 43 107 1fb6
FIXUPS: 42e20 77 3a 59 15 17 1d 14 13 14 1a 19 fffffcd3 4a 94 2b fffff903
FIXUPS: 42716 1e 13 22 fffffe07 36 28 1f 29 26 17 12 1c fffffcda 13ea 8c
FIXUPS: 437e5 26f 19 1c 13 2a 3a 10 13 16 26 1e 41 93 20 68 82 10 30 10
FIXUPS: 43ddb 10 fffff74a a7 fffffa75 21 21 24 2a 23 1aaa 125 1c 2b 37
FIXUPS: 44d6e 2b 13 b7 fffff95e 72 13 24 17 fffffd19 14 ffffff70 2b fffffcdd
FIXUPS: 44250 44 4b fffffe4d 2a 44 4b ffffff11 fffffe19 29 ffffffa0 17
FIXUPS: 43704 215c 168 85 fffffd13 55 fffffefc fffffc53 2bf 2d 2f fffffb8f
FIXUPS: 451d7 19 2c fffffd2e 85 69 33 8c 34 fffff815 21 2b 28 1e 2c 38
FIXUPS: 44a4c 22 23 ac 4e 1f77 fffffb7c 5f fffffb8a 4d 40 40 43 4d 40 43
FIXUPS: 46497 50 4d 65 60 fffffb20 fffffadb 2a0 5a 34 37 60 21 20 1d 11
FIXUPS: 4603d 15 fffffabc 37 fffffcdb 2843 43 c 10 c fffff35c 14d eb 1c8
FIXUPS: 478b6 152 6d 238 13 fffff1f7 21 35 35 13a c 10 c 27 6c fffffc80
FIXUPS: 46dd4 fffffe7b fffffb63 48 141 52 35 1d4f 71 5f 1d c 47 fffffd4f
FIXUPS: 485e3 ffffff4b fffffce3 2b 28 2c 3a 26 1c 5e 25 28 31 43 28 31
FIXUPS: 4849a 14 fffff964 43 33 24 bd 2d 9b 139b 40 3e 33 4b 59 5a c 19
FIXUPS: 495e2 3c a7 19 28 c 21 fffff822 19 d9 13f 9e fffff9e4 70 4f 1df
FIXUPS: 488c5 a7 fffffc9d 73 1c 1f 49 fffb8d19 bb 16 492fc fffffdcb 1a
FIXUPS: 4a5de 28 30 30 fffffd65 13 2b c 2a 50 c 2b 3d c 3a fffffa7c 79
FIXUPS: 4a0bf 12 42 2f 87 fffff6ad fffffaae 45 29 fffb860e 48eb7 c c b
FIXUPS: 1a21 d 4e 15 1c 25 21 48d91 b fffb7298 1a 30 b b b b 10 fffff482
FIXUPS: 1048 45 b8 d3 bd 85 45 1f 31 272 7 7 7 7 7 7 7 7 7 7 7 f 15 19
FIXUPS: 16ff 31 39 c 38 d5 2a 44 7 12 2b 8 9 c 14 f 12 22f54 1f 10 372
FIXUPS: 24d18 213 1e 2c 16 11c 1c 4d 34 42 26 5e 27 41 99 30 37 5e 2a fffdc1e4
FIXUPS: 1629 7 7 7 7 7 7 7 22eff 16 16 16 16 16 26 a 13 10 46 18 18 17
FIXUPS: 246bf 18 17 28 41 1f 19 10 43 28 1a 1c 13 2c 11 16 1d a fffff5a6
FIXUPS: 23e81 29 9 13 39 e e 15 10 3d 5c 17 17 b8 ae af 85 50 1f 31 27
FIXUPS: 24431 16 3c 14 14 14 14 d 44 19 fffff18b be 4a 2f 32 1a 19 35 1a
FIXUPS: 238d9 40 1a 3a 10 121 2e 23 26 9 3c 26e6b c fffd91ef 26 55 4f ac
FIXUPS: 23d3f 2a 30 80 4c fffff076 20 22 29 3f e 66 9 13 38 12 1f 1f 1f
FIXUPS: 231ae c4 f5 31 1f 31 2a 6f 67 3a 30 2f 1c 1d 24 b 86 24 fffff0bc
FIXUPS: 2275d 19 3f e e 29 9 13 39 e e 15 10 3b b0 a7 96 72 a7 4b 1f 31
FIXUPS: 22c93 a5 45 4c 1e 3b 42 45 c fffff359 31 3d c 23 24 7 9 16 2b 2c
FIXUPS: 22362 2f 16 e4 19 53 10 3c a5 10 44 d 10 10 a 41 10 a 7 38 34 fffff658
FIXUPS: 21dd4 b b b b e e e e e e e e 36 e e e e 14 10 40 12d 1f 58 1b
FIXUPS: 2212c 2e 59 d 34 a fffff456 32 49 6 f d 47 18 4c 24 291b7 c d c
FIXUPS: 21835 27 17 29134 b fffd6efb 1fc a5 39 13 f 15 15 15 93 75 74 13
FIXUPS: 20e95 2bd 15 58 e e 23 29 3d 5e 29673 c fffd69ce 22 3c 19 c 3b
FIXUPS: 213e3 15 27 37 29 50 40 24 73 293b1 b fffd6c8d 28 11 fffff360 7
FIXUPS: 20996 7 d 49 13 7f 15 7 7 7 7 7 1d 42 13 3d 13 3d 13 3d 13 4b 13
FIXUPS: 20cca 13 6f 21 21 1e d0 fffff713 4b 13 4d 13 49 13 b7 7 7 7 7 15
FIXUPS: 207ed c 7 7 7 d 7e 7 7 7 7 7 45 7 7 7 7 7 d fffff457 f2 1b3 40
FIXUPS: 200c4 25 7b 30 15 e 1a 26 13 53 25 32 21 e 1d 48 4b 11 10 60 3a
FIXUPS: 2048c 13 3d 13 3d 13 3d fffff051 18 32 1c 2a 18 32 1c 2a 20 10
FIXUPS: 1f792 15 13 42 19 3b 73 27 13 15 1d 2a 2e 2d 24 11d af 5c 26 23
FIXUPS: 1fc85 fffff14f 3a 18 18 e e e 10 54 2f d 13c 27 d 130 1be 27 a
FIXUPS: 1f3cc 6 46 30 a 45 30 a 36 2a 2c c 1b 15 fffff382 24 28 a 7 38
FIXUPS: 1ea75 1d 29 41 4b 1e 24 28 a 7 2b 25 16 d a 38 55 19 1c 26 10 a
FIXUPS: 1ed48 d 2e 19 fffff401 2b 25 37 e e e e 16 10 e4 128 22 65 10 24
FIXUPS: 1e562 b8 2a 25 a 7 32 f0 36 2e 23 1c 25 36 28 3d fffff3db e e e
FIXUPS: 1dd12 e 10 54 27 16 61 a 25 2b 2a 5d 62 8d 13 13 36 1b 33 a 30
FIXUPS: 1e0ec 22 40 a d a 7 fffff48e 16 1c 4f 61 ff 4c 59 38 10 57 2b 28
FIXUPS: 1d9af d 27 7 2d 13 b4 63 22 33 12 12 3c f d 47 9 d 5d fffff3df
FIXUPS: 1d172 1b 13 7 32 16 22 19 27 25 4f 30 7 13 7 36 16 2f d 19 d 25
FIXUPS: 1d4a0 19 30 3b 16 37 16 36 16 fffff2b8 58 a d a 7 33 33 a 32 16
FIXUPS: 1c9f0 13 16 3b 44 a d a 7 28 2a 2b 34 433 5b 3c 6 14 20 6 20 fffff331
FIXUPS: 1c3e2 2d 13 16 3a 19 27 2b 2b 33 70 20 26 7 32 27 7 2f 16 2a 16
FIXUPS: 1c70a 20 32 31 16 33 33 a 31 16 fffff06a 220 13 9 c 21 1e a ce
FIXUPS: 1bca9 bf 11 16 10 2b9 20 27 7 32 26 7 d2 20 32 4b 32 a 49 31 33
FIXUPS: 1c390 a fffff34a e e e e e e e e e e e e e e e e e e e e e e e
FIXUPS: 1b834 e e e e 16 16 1c fffffc04 e e e e e e 16 16 1d c 10 5b e
FIXUPS: 1b5e8 e e e e e e e e e e e e e e e e e fffffc22 e e e e e e e
FIXUPS: 1b368 e e e e e e e e e e e e e e e e e e e e e e e fffffc10 e
FIXUPS: 1b0d6 e e e e e e e e e e e e e 16 16 2b a c 10 63 e e e e e e
FIXUPS: 1b2ce e e fffffc10 e e e e e e e e e e e e e e e e e e e e e e
FIXUPS: 1b03c e e e e e e e e fffff5b3 1a 1a 55 1a 1b 16 2d 23 7 36 a 16
FIXUPS: 1a7e7 3ae 13 52 de 5d 14 10 64 16 10 10 37 7 39 a 7 1c 55 ffffee0b
FIXUPS: 19d4d 10 67 18 43 200 d7 7 f 10 72 7 1c 33 b e e e e e e e e cb
FIXUPS: 1a4dc c b2 2f 57 c 27 fffff0c8 f 1b 21 44 13 13 13 72 66 67 8 21
FIXUPS: 1999c 23 24 8 d 72 4a 4a 4a 4a 4d 22 36 e e e e e e fffff65e 7
FIXUPS: 192f7 2a 10 36 8 17 1f 2d 26 10 38 12 7 20 1a 22 30 2a 10 37 12
FIXUPS: 1956f 22 68 2f f 3a 2f f 3a fffff536 19 41 b1 bc 81 33 18 d 34
FIXUPS: 18f00 71 2e a 19 43 4c 2a 1c 1c 23 12 6e a d 3e 10 3d 37 43 38
FIXUPS: 192c5 fffff3df a1 75 1f 31 29 18 10 38 d 39 1b 1f 16 d 16 10 45
FIXUPS: 189cf a 19 4b 46 4e 2e 1c 1c 1b 26 10 39 19 fffff238 43 d0 d 4d
FIXUPS: 17fc9 31 55 31 a 22 19 1f 10 4d 2a 1c 1c 26 38 8 50 10 46 20 1a
FIXUPS: 18310 1c 10 43 109 118 fffff0d6 7 d 37 e 19 67 e 72 17 17 12 1f
FIXUPS: 1784b 44 32 b7 c8 bd 81 b8 22 31 2c 20 27 10 37 d 71 2e a fffff50e
FIXUPS: 17337 52 26 f 26 f 1e 12 27 10 19 f 1f 48 2e 10 10 70 74 7 7 7
FIXUPS: 17637 7 7 7 7 7 7 7 7 fffff662 e e e e e e e e e e e aa d 1d 3a
FIXUPS: 16ea4 24 3f 1b 5f d 44 142 43 7 13 7f a d 10 37 fffff708 27 2f
FIXUPS: 169c7 10 58 25 13 13 29 16 30 16 16 25 37 e e e e e e e e e e e
FIXUPS: 16c19 e 19 75 e fffff7f6 a4 f 12 25 19 10 19 10 19 10 43 2e a 19
FIXUPS: 166fd 10 60 1f d 49 2c 1a 1c 15 1f 13 28 1a 1c 17 2b fffff380 e
FIXUPS: 15cd2 73 e e e e 5c 24 19 a 13 11 16 12 20 43 17 12 35 76 d1 e7
FIXUPS: 16233 8c 8e 1f 31 27 a2 16 fffff12f 10 42 c3 c6 80 63 1f 31 c3
FIXUPS: 15992 47 2b 26 d 4a 13 19 22 7f a 19 1f 10 36 26 36 9 d 39 e e
FIXUPS: 15106 28 2a 8c 2a 11 55 67 81 10 8 10 10 14 1c 12 1a 35527 b fffcaaff
FIXUPS: 1542f e 19 39 e e 20 12 31 10 4f 26 fffff270 10 36 13 19 a6 5f
FIXUPS: 14ab1 87 12 3a 8 9 c 15 33 1b 21 fb 175 77 36 12 16 2e 77 34 3a
FIXUPS: 15085 9 c 15 fffff073 2f 69 5a 15 30 3b 30 65 24 20 3656a d e e
FIXUPS: 4a90c fffc9a7d 4f 10 9a 12 1f 44 9 cd ca e 7e 51 1f 31 2a 360b7
FIXUPS: 4a8b0 b c fffc938f 47 47 47 47 47 29 2f 13 13 3a 13 13 3a 13 13
FIXUPS: 13f4e 14 2a c d 55 1f 30 1f 2d 59 28 fffff667 4c 1e 1a 10 aa 7
FIXUPS: 138c9 7 7 7 7 7 7 7 7 d 33 e 5a 61 e 32 47 1e b 39 22 2f 22 42
FIXUPS: 13bee fffff621 24 22 16 10 4b 18 18 17 18 18 1d e4 19 30 15 2b
FIXUPS: 1356c 1b 22 43 2f 1a 1c 13 2f 1a 1c 17 33 2c 31 fffff5b7 15 13
FIXUPS: 12d68 18 19 19 18 19 19 18 2f 42 22 36 39 39 28 16 16 31 38 39
FIXUPS: 130fd 16 10 4b 19 2a 1f 16 13 ffffe7d9 11 10 38 17 12 43 155 169
FIXUPS: 11ea8 c1 15d 44 1f 31 2a 15f 157 160 168 154 c1 15c 45 1f 31 2a
FIXUPS: 12c83 16 44 18 19 ffffe56f 43 17 26 1c 38 17 24 28 2b 2a 2e 2f
FIXUPS: 11499 35 10 14 10 28f e e 19 33 e e ca 1f 1f 1f 1f 1f 3f fffff392
FIXUPS: 10d69 14 31 d3 f 16 19 f 42 5c 23 f 34 3b 2e 1e 4e 19 2f 7 31 7
FIXUPS: 1116f 38 f 16 19 f 10 3c 17 fffff154 1e 6b 38 ac 68 62 d 1a 3c
FIXUPS: 10682 39 159 b6 52 2c 14 1b 67 7 2f 31 8f 53 d9 28 19 35 7 26 25
FIXUPS: 10ccf fffff342 10 da a d 34 39 10 44 10 2e e e e e e e e e 21 19
FIXUPS: 102f1 e e e e e e e e 21 19 ffffee5d 8d 22 19 2c 7 26 22 7 52 2c
FIXUPS: f410 2f f 13 16 f 4a 8 e 31 16 26b 6 13 174 128 ab 45b 35 4c 2c
FIXUPS: eb21 47 41 8f 1c 1c 73 57 10 8f 25 38 20 7 24 2e 27 7 26 f 29 a1
FIXUPS: f0df d 47 d 43 d 19 25 b b fffff578 e e e e e e e e e e e e e e
FIXUPS: e82e e e 1c 10 10 13 63 45 32 30 60 47 28 2e 2b 28 fffffa7b e e
FIXUPS: e598 e e e e e e e e e e e e e e e 19 31 e e e e e e e e e e e
FIXUPS: dea2 2f2 20 52 33 d 3c 18 6e 3c 3a 16 19 1f 42 16 19 18 19 19 1f
FIXUPS: e4d4 e e e e e e e e e e ffffe2c7 35 285 f c1 f 26e f 78 f 60 16
FIXUPS: d209 2f e9 11 10 42 1a 5f 1e 10 1ed 59 88 d 3d4 d 15e a6 a3 93
FIXUPS: b42b 171 6d 6e 72 6e 50 91 140 13 237 b1 12f d6 75 10 744 e e e
FIXUPS: c67b 3c e e e 17 3e 44 25 43 1f 18 ffffd353 10d 2d b1 416 7e 1c8
FIXUPS: a42f 4d 1e 1e d 3e a1 3e 9e f9 34 96 16 34 93 e8 97 1ea 64 94 275
FIXUPS: b009 2be 11f 13 ffffd726 a 7 7 20 76 e2 66 19 25 4b 57 5d 5e 226
FIXUPS: 90e9 90 32 1a5 42 10b 1c 32 af af 32 af 1f 32 8f 27f 2d ffffe5a8
FIXUPS: 808d 26 c3 9b 31 129 3f 4e 1f 45 1c 62 1f 39 15f f1 8 10 40 10
FIXUPS: 880e 1d 9 17 15 ba 1e 16 138 46 26 ffffee7e 16 e 9c 37 d 22 26
FIXUPS: 7ada b 24 24 23 2c 1b 27 b 20 23 3b d 22 5e 8d 8d 72 77 52 1f bb
FIXUPS: 8024 b fffff014 81 81 31 232 1f b0 1c 121 2e 59 13 13 13 13 13
FIXUPS: 76a8 7c 49 1f 3d 15 16 16 16 16 e a4 31 15 16 16 ffffe932 d 22
FIXUPS: 62ed 47 22 e 1c af 1f 96 1f 34 19d 33 a5 1db a5 c1 1f 144 1c 61
FIXUPS: 6ce9 3e 13 5a 6b 56 1f cd 81 ffffef9b 14 f 52 d 10 3b 43 1f 1f
FIXUPS: 60ca 1f 1e 1a 1a 1a 1a 29 15 a 15 a 15 c b 15 a 15 a 15 c 21 fffff08a
FIXUPS: 532b 1f 66 1c 35 8 14e 45 28 1f 60 4d 32 68 23 4b 7 1f 39 10 a
FIXUPS: 5833 31 10 1f 34 30 22 601 19 12 ffffebb6 1f 3c 15 16 16 23 5c
FIXUPS: 4c35 32 10 1f 2a6 d 1f 1f 45 1f 1f 3d d 10 49 1d 14 51 7 1f 2c
FIXUPS: 527a 3f 1c fffff2e9 16 16 69 1f 60 15 2e 52 41 1f 30 1a 1f 6 f
FIXUPS: 4854 16 51 18 a 2f 56 31 29 13 13 5f 3e 13 13 23 ffffee8b 5a 1c
FIXUPS: 3a35 1c 307 1c 51 1c cd 1f 37 13 12 b 1c ac cb 4e 10 182 10 a9
FIXUPS: 437c b9 19 13 4b 1f 8c 1f 33 ffffe9f3 33 19 1f 3c d 2d 1e 7 2a
FIXUPS: 30ea 7 46 d 22 bb 63 25 1d 1d 35 a 22 371 1c 64 1c 8c 1c 64 1c
FIXUPS: 3937 fffff0a6 aa 10 6a 10 46 53 f 16 19 14 29 42 8 f 19 19 14 29
FIXUPS: 2d2f b2 1f 67 8 8 37 13 99 14 10 a 7 fffff271 a3 29 4e 29 42 29
FIXUPS: 2403 29 4e 29 45 29 6c 29 48 29 52 29 79 10 34 29 59 43 29 43 7
FIXUPS: 28b0 47 29 94 fffff2b7 1b 23 d 3b d 2b d 55 2e 11 d 22 d 34 11
FIXUPS: 1e6f 10 2a d 50 d 8f 3a d6 22 4e 22 34 22 25 22 26083 f 2c 2c 43
FIXUPS: 28315 c c 3a 34 20 22 1e 22 24 2b 8 9 c 14 f 12 1a 227af c c b
FIXUPS: 1bd9 d 2c 11 25 48fef c c b fffdd254 21 21 22 2b 7 10 12 12 1a
FIXUPS: 4ac67 b fffdd357 11 69 20 13 10 25 10 8c 11 13 33 21 15 19 16 fffff944
FIXUPS: 27b55 e e e 10 32 d 30 21 15 19 16 1f 15 3f c 1f 3a 41 29 13 7
FIXUPS: 27de3 2b 8 9 c 14 f 12 1a fffff8a2 7 12 2b 8 9 c 14 f 12 1a 2341b
FIXUPS: 4abf3 c b fffdcc12 15 4a 1e 15 24 23342 b fffdcce8 2b 23 55 ec
FIXUPS: 27adf 1c 36 b 2306f b fffdc6b6 15 e 53 5c 52 20 11 5b 237a8 b fffdc888
FIXUPS: 2748c 35 d 30 21 13 19 16 1b 15 4d c c 38 47 3f 5a 7 fffff609 21
FIXUPS: 26d52 19 16 26 49 15 1b 24 c 160 be 3e 28 30 3e 7 7 24 2b 8 9 c
FIXUPS: 271d0 f f 12 1a 2396d c c ffffff95 b fffdbe28 da 2d 24 13 19 16
FIXUPS: 26b01 c 1e 44 51 25 12 27 21 f 7 2b 8 9 c 14 f 12 1a 23e6b c c
FIXUPS: 4ab7a fffdba5e 7 7 7 12 2b 8 9 c 14 f 12 1a 24471 c c b fffdbbb8
FIXUPS: 266f7 e e e e c 20 37 43 72 20 46 7 77 fffff98e 21 f 7 2b 8 9 c
FIXUPS: 2634c f 12 1a 24750 c c b fffdb8b7 d 30 24 15 19 16 1f 60 7 16
FIXUPS: 264fe c 3a 33 31 fffff924 1b a c b 18 2a 19 63 7a 20 19 22 16 d
FIXUPS: 260ce 3e 21 38 8 9 c 17 1a 24904 b fffdb71c 24 13 19 29 3e fffff856
FIXUPS: 25b33 7 7 14 12 1a 24ee6 c b fffdb150 15 16 2c 3b 4b 13 1c 7 17
FIXUPS: 25d12 24d85 b fffdb29c 24 15 44 3e 24 15 2f 64 24b42 b fffdad7c
FIXUPS: 257a3 1a 38 22 57 7 7 7 7 17 1a 2516c b fffdaedc 15 18 3b 24 3b
FIXUPS: 259dc 7 17 1a 25033 b fffdb00c 15 16 3f 771b 1dba6 e fffe2497 d
FIXUPS: 2d271 13 13 32 5 d 73 10 ffff80f3 16 59 30 33 14 15 1a 25481 b
FIXUPS: 25637 15 28 3a 2b 28 7 17 1a 7490 18 34 17 35 2b 56 23 22 4c 16
FIXUPS: 2cda4 2e 17 1df8d fffe20bb 17 1f c d 32 10 72 1a 76 10 d6 10 35
FIXUPS: 2d127 6d 1f fffff511 10 2e 10 34 10 b1 7 c e b 10 e b 10 c c 27
FIXUPS: 2c974 10 2e 10 34 10 6e 10 30 1a 37 17 69 10 fffff66e 10 4a 16
FIXUPS: 2c286 13 13 3d 8 49 1d 15 10 39 10 b4 10 68 a 18 17 21 1a 13 24
FIXUPS: 2c5b1 2f c 25 f 62 10 fffff840 11 11 f 8 c 15 11 d 1b 14 10 3a
FIXUPS: 2bfcf 11 11 f 35 17 f 1a 2e 20 25 18 37 d 2d 13 13 40 1d fffff7c1
FIXUPS: 2b9c3 17 3e 17 34 c 11 11 f 34 10 30 1a 37 17 3c 17 62 c 12 b e
FIXUPS: 2bc79 b 15 c 1b 17 142 64 44 fffff484 17 f 1a 2e 20 25 18 37 d
FIXUPS: 2b512 10 93 10 2f 1a 77 e 17 3b e 17 3e 17 128 6d 3b 1c f f b 10
FIXUPS: 2af8a e e 15 20 15 10 f 10 36 10 5d 10 d 2e 10 82 17 28 11 3a 38
FIXUPS: 2b26d 12 b e 11 b 15 c 1b 17 fffff988 1c f f b 10 31 f f f 21 2e
FIXUPS: 2ada3 36 f d 30 f f d 3d d 37 a 8 31 e 17 11 9 19 16 fffff920 21
FIXUPS: 2a8f5 e 17 3e 17 6a f d 32 7 c e b 10 e b 10 c c 27 36 10 33 10
FIXUPS: 2ab89 18 34 17 43 20 200d7 fffdf856 18 19 8 f 15 c 1a 20735 9 17
FIXUPS: 4ad5f fffdf8de 10 40 14 10 3c c 10 3a d 35 d 35 1e 3a 20 36 f f
FIXUPS: 2a101 25 23 17 13 1a 1f 29 1f 1f 21 1d 4b 13 1b 14 3f 16 d 4c 13
FIXUPS: 2a3ba 14 3f 16 d 56 13 15 1a 2083c 17 fffded52 1e 19 21 31 1c 98
FIXUPS: 29bfa f 39 16 16 31 15 5a 1f 1e 19 20 3c 33 1c 98 50 f 39 16 16
FIXUPS: 29f98 1f 111 1a fffff4af 3b 20 16 67 15 1f 16 10 35 1f 2b 8 15
FIXUPS: 29779 9 15 e 3b 29 1c 9f 50 f 30 16 21 23 18 1b 10 5e fffff52f
FIXUPS: 28f92 18 1b 16 15 ae 21 1c 9f 50 19 20 2f 60 47 25 e 22 1c 14 e
FIXUPS: 293a3 34 34 37 37 50 25 41 12 3e fffff4c4 16 15 17 22265 b fffddde3
FIXUPS: 28afb b 33 19 4d 1c 28 1f 1c 5c 90 28 22 52 3a 15 18 19 6f 22 25
FIXUPS: 28f3d 13 f f fffff5f0 7a 17 1f d 29 63 e 11 9c 1d 28 f f d 2c 1b
FIXUPS: 28828 20 2246c c c b fffddba4 8a 1d 1d 40 10 57 1f 1f
