 PSINS

 Timestamp is 616d7d11 (Mon Oct 18 21:56:33 2021)

 Preferred load address is 00400000

 Start         Length     Name                   Class
 0001:00000000 00048e74H .text                   CODE
 0001:00048e80 00000593H .text$x                 CODE
 0002:00000000 000021ccH .rdata                  DATA
 0002:000021d0 0000017cH .rdata$r                DATA
 0002:00002350 000007b0H .xdata$x                DATA
 0002:00002b00 00000699H .edata                  DATA
 0003:00000000 00000004H .CRT$XCA                DATA
 0003:00000004 0000002cH .CRT$XCU                DATA
 0003:00000030 00000004H .CRT$XCZ                DATA
 0003:00000034 00000004H .CRT$XIA                DATA
 0003:00000038 0000000cH .CRT$XIC                DATA
 0003:00000044 00000004H .CRT$XIY                DATA
 0003:00000048 00000004H .CRT$XIZ                DATA
 0003:0000004c 00000004H .CRT$XPA                DATA
 0003:00000050 00000008H .CRT$XPX                DATA
 0003:00000058 00000004H .CRT$XPZ                DATA
 0003:0000005c 00000004H .CRT$XTA                DATA
 0003:00000060 00000004H .CRT$XTB                DATA
 0003:00000064 00000004H .CRT$XTZ                DATA
 0003:00000070 0000367cH .data                   DATA
 0003:000036f0 00001f98H .bss                    DATA
 0004:00000000 0000003cH .idata$2                DATA
 0004:0000003c 00000014H .idata$3                DATA
 0004:00000050 000001c0H .idata$4                DATA
 0004:00000210 000001c0H .idata$5                DATA
 0004:000003d0 000007e0H .idata$6                DATA

  Address         Publics by Value              Rva+Base     Lib:Object

 0001:00000000       ??0CKFApp@@QAE@N@Z         00401000 f   KFApp.obj
 0001:00000060       ?Init@CKFApp@@UAEXABVCSINS@@H@Z 00401060 f   KFApp.obj
 0001:00000500       ?RTOutput@CSINSTDKF@@UAEXXZ 00401500 f i KFApp.obj
 0001:00000530       ?Miscellanous@CSINSTDKF@@UAEXXZ 00401530 f i KFApp.obj
 0001:00000560       ?SecretAttitude@CSINSTDKF@@UAEXXZ 00401560 f i KFApp.obj
 0001:00000590       ?SetMeas@CSINSGNSS@@UAEXXZ 00401590 f i KFApp.obj
 0001:00000600       ?id@?$ctype@G@std@@$D      00401600 f i KFApp.obj
 0001:00000680       ?id@?$ctype@G@std@@$E      00401680 f i KFApp.obj
 0001:000006a0       ??0CSerialPort@itas109@@QAE@ABV01@@Z 004016a0 f i KFApp.obj
 0001:00000830       ??0?$list@UserialPortBuffer@@V?$allocator@UserialPortBuffer@@@std@@@std@@QAE@ABV01@@Z 00401830 f i KFApp.obj
 0001:000008c0       ?begin@?$list@UserialPortBuffer@@V?$allocator@UserialPortBuffer@@@std@@@std@@QAE?AViterator@12@XZ 004018c0 f i KFApp.obj
 0001:00000920       ?begin@?$list@UserialPortBuffer@@V?$allocator@UserialPortBuffer@@@std@@@std@@QBE?AVconst_iterator@12@XZ 00401920 f i KFApp.obj
 0001:00000980       ?end@?$list@UserialPortBuffer@@V?$allocator@UserialPortBuffer@@@std@@@std@@QBE?AVconst_iterator@12@XZ 00401980 f i KFApp.obj
 0001:000009d0       ?insert@?$list@UserialPortBuffer@@V?$allocator@UserialPortBuffer@@@std@@@std@@QAEXViterator@12@Vconst_iterator@12@1@Z 004019d0 f i KFApp.obj
 0001:00000a40       ?_Buynode@?$list@UserialPortBuffer@@V?$allocator@UserialPortBuffer@@@std@@@std@@IAEPAU_Node@12@PAU312@0@Z 00401a40 f i KFApp.obj
 0001:00000ad0       ??Dconst_iterator@?$list@UserialPortBuffer@@V?$allocator@UserialPortBuffer@@@std@@@std@@QBEABUserialPortBuffer@@XZ 00401ad0 f i KFApp.obj
 0001:00000b10       ??Econst_iterator@?$list@UserialPortBuffer@@V?$allocator@UserialPortBuffer@@@std@@@std@@QAEAAV012@XZ 00401b10 f i KFApp.obj
 0001:00000b60       ??9const_iterator@?$list@UserialPortBuffer@@V?$allocator@UserialPortBuffer@@@std@@@std@@QBE_NABV012@@Z 00401b60 f i KFApp.obj
 0001:00000bb0       ?insert@?$list@UserialPortBuffer@@V?$allocator@UserialPortBuffer@@@std@@@std@@QAE?AViterator@12@V312@ABUserialPortBuffer@@@Z 00401bb0 f i KFApp.obj
 0001:00000c90       ?_Next@_Acc@?$list@UserialPortBuffer@@V?$allocator@UserialPortBuffer@@@std@@@std@@SAAAPAU_Node@23@PAU423@@Z 00401c90 f i KFApp.obj
 0001:00000cc0       ?_Prev@_Acc@?$list@UserialPortBuffer@@V?$allocator@UserialPortBuffer@@@std@@@std@@SAAAPAU_Node@23@PAU423@@Z 00401cc0 f i KFApp.obj
 0001:00000cf0       ?_Value@_Acc@?$list@UserialPortBuffer@@V?$allocator@UserialPortBuffer@@@std@@@std@@SAAAUserialPortBuffer@@PAU_Node@23@@Z 00401cf0 f i KFApp.obj
 0001:00000d20       ?_Charalloc@?$allocator@UserialPortBuffer@@@std@@QAEPADI@Z 00401d20 f i KFApp.obj
 0001:00000d60       ??0const_iterator@?$list@UserialPortBuffer@@V?$allocator@UserialPortBuffer@@@std@@@std@@QAE@PAU_Node@12@@Z 00401d60 f i KFApp.obj
 0001:00000da0       ??8const_iterator@?$list@UserialPortBuffer@@V?$allocator@UserialPortBuffer@@@std@@@std@@QBE_NABV012@@Z 00401da0 f i KFApp.obj
 0001:00000de0       ??0iterator@?$list@UserialPortBuffer@@V?$allocator@UserialPortBuffer@@@std@@@std@@QAE@PAU_Node@12@@Z 00401de0 f i KFApp.obj
 0001:00000e20       ?construct@?$allocator@UserialPortBuffer@@@std@@QAEXPAUserialPortBuffer@@ABU3@@Z 00401e20 f i KFApp.obj
 0001:00000e60       ?_Mynode@const_iterator@?$list@UserialPortBuffer@@V?$allocator@UserialPortBuffer@@@std@@@std@@QBEPAU_Node@23@XZ 00401e60 f i KFApp.obj
 0001:00000e90       ?_Allocate@std@@YAPADHPAD@Z 00401e90 f i KFApp.obj
 0001:00000ee0       ?_Construct@std@@YAXPAUserialPortBuffer@@ABU2@@Z 00401ee0 f i KFApp.obj
 0001:00000f40       ??2@YAPAXIPAX@Z            00401f40 f i KFApp.obj
 0001:00000f70       ??4CSerialPort@itas109@@QAEAAV01@ABV01@@Z 00401f70 f i KFApp.obj
 0001:00001110       ??4?$list@UserialPortBuffer@@V?$allocator@UserialPortBuffer@@@std@@@std@@QAEAAV01@ABV01@@Z 00402110 f i KFApp.obj
 0001:00001220       ?end@?$list@UserialPortBuffer@@V?$allocator@UserialPortBuffer@@@std@@@std@@QAE?AViterator@12@XZ 00402220 f i KFApp.obj
 0001:00001270       ?erase@?$list@UserialPortBuffer@@V?$allocator@UserialPortBuffer@@@std@@@std@@QAE?AViterator@12@V312@0@Z 00402270 f i KFApp.obj
 0001:000012e0       ??Diterator@?$list@UserialPortBuffer@@V?$allocator@UserialPortBuffer@@@std@@@std@@QBEAAUserialPortBuffer@@XZ 004022e0 f i KFApp.obj
 0001:00001320       ??Eiterator@?$list@UserialPortBuffer@@V?$allocator@UserialPortBuffer@@@std@@@std@@QAEAAV012@XZ 00402320 f i KFApp.obj
 0001:00001370       ??9iterator@?$list@UserialPortBuffer@@V?$allocator@UserialPortBuffer@@@std@@@std@@QBE_NABV012@@Z 00402370 f i KFApp.obj
 0001:000013c0       ?erase@?$list@UserialPortBuffer@@V?$allocator@UserialPortBuffer@@@std@@@std@@QAE?AViterator@12@V312@@Z 004023c0 f i KFApp.obj
 0001:000014a0       ?_Freenode@?$list@UserialPortBuffer@@V?$allocator@UserialPortBuffer@@@std@@@std@@IAEXPAU_Node@12@@Z 004024a0 f i KFApp.obj
 0001:000014e0       ?deallocate@?$allocator@UserialPortBuffer@@@std@@QAEXPAXI@Z 004024e0 f i KFApp.obj
 0001:00001520       ??Eiterator@?$list@UserialPortBuffer@@V?$allocator@UserialPortBuffer@@@std@@@std@@QAE?AV012@H@Z 00402520 f i KFApp.obj
 0001:00001570       ??8iterator@?$list@UserialPortBuffer@@V?$allocator@UserialPortBuffer@@@std@@@std@@QBE_NABV012@@Z 00402570 f i KFApp.obj
 0001:000015b0       ?destroy@?$allocator@UserialPortBuffer@@@std@@QAEXPAUserialPortBuffer@@@Z 004025b0 f i KFApp.obj
 0001:000015f0       ?_Destroy@std@@YAXPAUserialPortBuffer@@@Z 004025f0 f i KFApp.obj
 0001:00001610       ??_GCSerialPort@itas109@@UAEPAXI@Z 00402610 f i KFApp.obj
 0001:00001670       ??_ECSerialPort@itas109@@UAEPAXI@Z 00402670 f i KFApp.obj
 0001:00001710       ??4CSerialPortInfo@itas109@@QAEAAV01@ABV01@@Z 00402710 f i KFApp.obj
 0001:00001750       _main                      00402750 f   Main_SinsGps.obj
 0001:00001b60       ??1CFileRdSr@@QAE@XZ       00402b60 f i Main_SinsGps.obj
 0001:00001c20       ??0CFileRdSr@@QAE@PBD@Z    00402c20 f i Main_SinsGps.obj
 0001:00001ce0       ?load@CFileRdSr@@QAEHH@Z   00402ce0 f i Main_SinsGps.obj
 0001:00001d30       ??0DataSensor@@QAE@XZ      00402d30 f i Main_SinsGps.obj
 0001:00002100       ??0CGLV@@QAE@NNNN@Z        00403100 f   PSINS.obj
 0001:000023f0       ??0CComplex@@QAE@NN@Z      004033f0 f   PSINS.obj
 0001:00002440       ??HCComplex@@QBE?AV0@ABV0@@Z 00403440 f   PSINS.obj
 0001:000024c0       ??HCComplex@@QBE?AV0@N@Z   004034c0 f   PSINS.obj
 0001:00002530       ??H@YA?AVCComplex@@NABV0@@Z 00403530 f   PSINS.obj
 0001:000025a0       ??GCComplex@@QBE?AV0@ABV0@@Z 004035a0 f   PSINS.obj
 0001:00002620       ??GCComplex@@QBE?AV0@N@Z   00403620 f   PSINS.obj
 0001:00002690       ??G@YA?AVCComplex@@NABV0@@Z 00403690 f   PSINS.obj
 0001:00002700       ??DCComplex@@QBE?AV0@ABV0@@Z 00403700 f   PSINS.obj
 0001:00002790       ??DCComplex@@QBE?AV0@N@Z   00403790 f   PSINS.obj
 0001:00002810       ??D@YA?AVCComplex@@NABV0@@Z 00403810 f   PSINS.obj
 0001:00002880       ??KCComplex@@QBE?AV0@ABV0@@Z 00403880 f   PSINS.obj
 0001:00002970       ??KCComplex@@QBE?AV0@N@Z   00403970 f   PSINS.obj
 0001:00002a30       ??K@YA?AVCComplex@@NABV0@@Z 00403a30 f   PSINS.obj
 0001:00002aa0       ??G@YA?AVCComplex@@ABV0@@Z 00403aa0 f   PSINS.obj
 0001:00002b10       ??4CComplex@@QAEAAV0@N@Z   00403b10 f   PSINS.obj
 0001:00002b60       ??S@YA?AVCComplex@@ABV0@@Z 00403b60 f   PSINS.obj
 0001:00002bd0       ?real@@YANABVCComplex@@@Z  00403bd0 f   PSINS.obj
 0001:00002c00       ?img@@YANABVCComplex@@@Z   00403c00 f   PSINS.obj
 0001:00002c30       ?norm@@YANABVCComplex@@@Z  00403c30 f   PSINS.obj
 0001:00002c80       ?arg@@YANABVCComplex@@@Z   00403c80 f   PSINS.obj
 0001:00002d00       ?pow@@YA?AVCComplex@@ABV1@N@Z 00403d00 f   PSINS.obj
 0001:00002e10       ?sqrt@@YA?AVCComplex@@ABV1@@Z 00403e10 f   PSINS.obj
 0001:00002ee0       ?m33abc@@YA?AVCVect3@@ABVCMat3@@@Z 00403ee0 f   PSINS.obj
 0001:00002ff0       ?realrt3@@YA?AVCVect3@@NNN@Z 00403ff0 f   PSINS.obj
 0001:00003350       ??0CComplex@@QAE@XZ        00404350 f i PSINS.obj
 0001:00003380       ?ShengJin@@YA?AVCVect3@@NNN@Z 00404380 f   PSINS.obj
 0001:00003530       ??0CVect3@@QAE@XZ          00404530 f   PSINS.obj
 0001:00003560       ??0CVect3@@QAE@N@Z         00404560 f   PSINS.obj
 0001:000035c0       ??0CVect3@@QAE@NNN@Z       004045c0 f   PSINS.obj
 0001:00003620       ??0CVect3@@QAE@PBN@Z       00404620 f   PSINS.obj
 0001:00003690       ??0CVect3@@QAE@PBM@Z       00404690 f   PSINS.obj
 0001:000036f0       ?IsZero@@YAHABVCVect3@@N@Z 004046f0 f   PSINS.obj
 0001:00003790       ?IsZeroXY@@YAHABVCVect3@@N@Z 00404790 f   PSINS.obj
 0001:00003810       ?IsNaN@@YAHABVCVect3@@@Z   00404810 f   PSINS.obj
 0001:00003840       ??HCVect3@@QBE?AV0@ABV0@@Z 00404840 f   PSINS.obj
 0001:000038c0       ??GCVect3@@QBE?AV0@ABV0@@Z 004048c0 f   PSINS.obj
 0001:00003940       ??DCVect3@@QBE?AV0@ABV0@@Z 00404940 f   PSINS.obj
 0001:000039f0       ??DCVect3@@QBE?AV0@N@Z     004049f0 f   PSINS.obj
 0001:00003a70       ??DCVect3@@QBE?AV0@ABVCMat3@@@Z 00404a70 f   PSINS.obj
 0001:00003b40       ??KCVect3@@QBE?AV0@N@Z     00404b40 f   PSINS.obj
 0001:00003bc0       ??KCVect3@@QBE?AV0@ABV0@@Z 00404bc0 f   PSINS.obj
 0001:00003c40       ??4CVect3@@QAEAAV0@N@Z     00404c40 f   PSINS.obj
 0001:00003ca0       ??4CVect3@@QAEAAV0@PBN@Z   00404ca0 f   PSINS.obj
 0001:00003d10       ??YCVect3@@QAEAAV0@ABV0@@Z 00404d10 f   PSINS.obj
 0001:00003d70       ??ZCVect3@@QAEAAV0@ABV0@@Z 00404d70 f   PSINS.obj
 0001:00003dd0       ??XCVect3@@QAEAAV0@N@Z     00404dd0 f   PSINS.obj
 0001:00003e30       ??_0CVect3@@QAEAAV0@N@Z    00404e30 f   PSINS.obj
 0001:00003e90       ??_0CVect3@@QAEAAV0@ABV0@@Z 00404e90 f   PSINS.obj
 0001:00003ef0       ??D@YA?AVCVect3@@NABV0@@Z  00404ef0 f   PSINS.obj
 0001:00003f60       ??G@YA?AVCVect3@@ABV0@@Z   00404f60 f   PSINS.obj
 0001:00003fd0       ?vxv@@YA?AVCMat3@@ABVCVect3@@0@Z 00404fd0 f   PSINS.obj
 0001:000040c0       ?sqrt@@YA?AVCVect3@@ABV1@@Z 004050c0 f   PSINS.obj
 0001:00004140       ?pow@@YA?AVCVect3@@ABV1@H@Z 00405140 f   PSINS.obj
 0001:000041c0       ?abs@@YA?AVCVect3@@ABV1@@Z 004051c0 f   PSINS.obj
 0001:000042b0       ?norm@@YANABVCVect3@@@Z    004052b0 f   PSINS.obj
 0001:00004310       ?normInf@@YANABVCVect3@@@Z 00405310 f   PSINS.obj
 0001:00004450       ?normXY@@YANABVCVect3@@@Z  00405450 f   PSINS.obj
 0001:000044a0       ?dot@@YANABVCVect3@@0@Z    004054a0 f   PSINS.obj
 0001:000044f0       ?dotmul@@YA?AVCVect3@@ABV1@0@Z 004054f0 f   PSINS.obj
 0001:00004570       ?rv2q@@YA?AVCQuat@@ABVCVect3@@@Z 00405570 f   PSINS.obj
 0001:000046c0       ?askew@@YA?AVCMat3@@ABVCVect3@@@Z 004056c0 f   PSINS.obj
 0001:00004760       ?pos2Cen@@YA?AVCMat3@@ABVCVect3@@@Z 00405760 f   PSINS.obj
 0001:00004860       ?pp2vn@@YA?AVCVect3@@ABV1@0NPAVCEarth@@@Z 00405860 f   PSINS.obj
 0001:000049b0       ?sinAng@@YANABVCVect3@@0@Z 004059b0 f   PSINS.obj
 0001:00004a60       ?MagYaw@@YANABVCVect3@@0N@Z 00405a60 f   PSINS.obj
 0001:00004b70       ?xyz2blh@@YA?AVCVect3@@ABV1@@Z 00405b70 f   PSINS.obj
 0001:00004d30       ?blh2xyz@@YA?AVCVect3@@ABV1@@Z 00405d30 f   PSINS.obj
 0001:00004e40       ?Vxyz2enu@@YA?AVCVect3@@ABV1@0@Z 00405e40 f   PSINS.obj
 0001:00004ea0       ?sort@@YA?AVCVect3@@ABV1@@Z 00405ea0 f   PSINS.obj
 0001:00004f70       ??0CQuat@@QAE@XZ           00405f70 f   PSINS.obj
 0001:00004fa0       ??0CQuat@@QAE@NABVCVect3@@@Z 00405fa0 f   PSINS.obj
 0001:00005010       ??0CQuat@@QAE@NNNN@Z       00406010 f   PSINS.obj
 0001:00005080       ??0CQuat@@QAE@PBN@Z        00406080 f   PSINS.obj
 0001:00005110       ??HCQuat@@QBE?AV0@ABVCVect3@@@Z 00406110 f   PSINS.obj
 0001:000051a0       ??GCQuat@@QBE?AV0@ABVCVect3@@@Z 004061a0 f   PSINS.obj
 0001:00005220       ??GCQuat@@QBE?AVCVect3@@AAV0@@Z 00406220 f   PSINS.obj
 0001:00005360       ??DCQuat@@QBE?AV0@ABV0@@Z  00406360 f   PSINS.obj
 0001:00005490       ??XCQuat@@QAEAAV0@ABV0@@Z  00406490 f   PSINS.obj
 0001:000054e0       ??ZCQuat@@QAEAAV0@ABVCVect3@@@Z 004064e0 f   PSINS.obj
 0001:00005560       ??S@YA?AVCQuat@@ABV0@@Z    00406560 f   PSINS.obj
 0001:000055e0       ??DCQuat@@QBE?AVCVect3@@ABV1@@Z 004065e0 f   PSINS.obj
 0001:00005770       ?SetYaw@CQuat@@QAEXN@Z     00406770 f   PSINS.obj
 0001:000057f0       ?normlize@@YAXPAVCQuat@@@Z 004067f0 f   PSINS.obj
 0001:000058a0       ?q2rv@@YA?AVCVect3@@ABVCQuat@@@Z 004068a0 f   PSINS.obj
 0001:000059d0       ?qq2phi@@YA?AVCVect3@@ABVCQuat@@0@Z 004069d0 f   PSINS.obj
 0001:00005a40       ?addmu@@YA?AVCQuat@@ABV1@ABVCVect3@@@Z 00406a40 f   PSINS.obj
 0001:00005aa0       ?UpDown@@YA?AVCQuat@@ABV1@@Z 00406aa0 f   PSINS.obj
 0001:00005b30       ??0CMat3@@QAE@XZ           00406b30 f   PSINS.obj
 0001:00005b60       ??0CMat3@@QAE@N@Z          00406b60 f   PSINS.obj
 0001:00005c10       ??0CMat3@@QAE@NNN@Z        00406c10 f   PSINS.obj
 0001:00005cd0       ??0CMat3@@QAE@NNNNNNNNN@Z  00406cd0 f   PSINS.obj
 0001:00005d80       ??0CMat3@@QAE@ABVCVect3@@00H@Z 00406d80 f   PSINS.obj
 0001:00005f00       ?sv2att@@YA?AVCVect3@@ABV1@N0@Z 00406f00 f   PSINS.obj
 0001:00006050       ?dv2att@@YA?AVCVect3@@ABV1@000@Z 00407050 f   PSINS.obj
 0001:000062e0       ?vn2att@@YA?AVCVect3@@ABV1@@Z 004072e0 f   PSINS.obj
 0001:000063a0       ??G@YA?AVCMat3@@ABV0@@Z    004073a0 f   PSINS.obj
 0001:00006470       ??S@YA?AVCMat3@@ABV0@@Z    00407470 f   PSINS.obj
 0001:00006520       ??DCMat3@@QBE?AV0@ABV0@@Z  00407520 f   PSINS.obj
 0001:000066f0       ??HCMat3@@QBE?AV0@ABV0@@Z  004076f0 f   PSINS.obj
 0001:000067d0       ??YCMat3@@QAEAAV0@ABV0@@Z  004077d0 f   PSINS.obj
 0001:000068a0       ??HCMat3@@QBE?AV0@ABVCVect3@@@Z 004078a0 f   PSINS.obj
 0001:00006910       ??YCMat3@@QAEAAV0@ABVCVect3@@@Z 00407910 f   PSINS.obj
 0001:00006970       ??GCMat3@@QBE?AV0@ABV0@@Z  00407970 f   PSINS.obj
 0001:00006a50       ??DCMat3@@QBE?AV0@N@Z      00407a50 f   PSINS.obj
 0001:00006b30       ?SetRow@CMat3@@QAEXHAAVCVect3@@@Z 00407b30 f   PSINS.obj
 0001:00006ba0       ?SetClm@CMat3@@QAEXHAAVCVect3@@@Z 00407ba0 f   PSINS.obj
 0001:00006c10       ?GetRow@CMat3@@QBE?AVCVect3@@H@Z 00407c10 f   PSINS.obj
 0001:00006c90       ?GetClm@CMat3@@QBE?AVCVect3@@H@Z 00407c90 f   PSINS.obj
 0001:00006d10       ?rcijk@@YA?AVCMat3@@ABV1@H@Z 00407d10 f   PSINS.obj
 0001:000070f0       ?symmetry@@YAXAAVCMat3@@@Z 004080f0 f   PSINS.obj
 0001:00007190       ??D@YA?AVCMat3@@NABV0@@Z   00408190 f   PSINS.obj
 0001:00007260       ??DCMat3@@QBE?AVCVect3@@ABV1@@Z 00408260 f   PSINS.obj
 0001:00007330       ?det@@YANABVCMat3@@@Z      00408330 f   PSINS.obj
 0001:000073c0       ?trace@@YANABVCMat3@@@Z    004083c0 f   PSINS.obj
 0001:000073f0       ?pow@@YA?AVCMat3@@ABV1@H@Z 004083f0 f   PSINS.obj
 0001:00007480       ?a2qua@@YA?AVCQuat@@NNN@Z  00408480 f   PSINS.obj
 0001:000075c0       ?a2qua@@YA?AVCQuat@@ABVCVect3@@@Z 004085c0 f   PSINS.obj
 0001:00007630       ?a2mat@@YA?AVCMat3@@ABVCVect3@@@Z 00408630 f   PSINS.obj
 0001:00007780       ?m2att@@YA?AVCVect3@@ABVCMat3@@@Z 00408780 f   PSINS.obj
 0001:00007840       ?m2qua@@YA?AVCQuat@@ABVCMat3@@@Z 00408840 f   PSINS.obj
 0001:00007b10       ?q2att@@YA?AVCVect3@@ABVCQuat@@@Z 00408b10 f   PSINS.obj
 0001:00007c80       ?q2mat@@YA?AVCMat3@@ABVCQuat@@@Z 00408c80 f   PSINS.obj
 0001:00007de0       ?adj@@YA?AVCMat3@@ABV1@@Z  00408de0 f   PSINS.obj
 0001:00007f40       ?inv@@YA?AVCMat3@@ABV1@@Z  00408f40 f   PSINS.obj
 0001:00007fe0       ?diag@@YA?AVCVect3@@ABVCMat3@@@Z 00408fe0 f   PSINS.obj
 0001:00008040       ?diag@@YA?AVCMat3@@ABVCVect3@@@Z 00409040 f   PSINS.obj
 0001:000080d0       ?MMT@@YA?AVCMat3@@ABV1@0@Z 004090d0 f   PSINS.obj
 0001:00008260       ?trMMT@@YANABVCMat3@@0@Z   00409260 f   PSINS.obj
 0001:00008320       ?norm@@YANABVCMat3@@@Z     00409320 f   PSINS.obj
 0001:00008370       ?sfoam@@YA?AVCMat3@@ABV1@H@Z 00409370 f   PSINS.obj
 0001:00008a80       ??0CMat@@QAE@XZ            00409a80 f   PSINS.obj
 0001:00008ab0       ??0CMat@@QAE@HH@Z          00409ab0 f   PSINS.obj
 0001:00008b00       ??0CMat@@QAE@HHN@Z         00409b00 f   PSINS.obj
 0001:00008b90       ??0CMat@@QAA@HHNNZZ        00409b90 f   PSINS.obj
 0001:00008c40       ??0CMat@@QAE@HHPBN@Z       00409c40 f   PSINS.obj
 0001:00008cc0       ?Clear@CMat@@QAEXXZ        00409cc0 f   PSINS.obj
 0001:00008d30       ??DCMat@@QBE?AV0@ABV0@@Z   00409d30 f   PSINS.obj
 0001:00008f20       ??DCMat@@QBE?AVCVect@@ABV1@@Z 00409f20 f   PSINS.obj
 0001:00009070       ??HCMat@@QBE?AV0@ABV0@@Z   0040a070 f   PSINS.obj
 0001:00009170       ??YCMat@@QAEAAV0@ABVCVect@@@Z 0040a170 f   PSINS.obj
 0001:00009200       ??GCMat@@QBE?AV0@ABV0@@Z   0040a200 f   PSINS.obj
 0001:00009300       ??DCMat@@QBE?AV0@N@Z       0040a300 f   PSINS.obj
 0001:000093e0       ??4CMat@@QAEAAV0@N@Z       0040a3e0 f   PSINS.obj
 0001:00009450       ??YCMat@@QAEAAV0@ABV0@@Z   0040a450 f   PSINS.obj
 0001:000094d0       ??ZCMat@@QAEAAV0@ABV0@@Z   0040a4d0 f   PSINS.obj
 0001:00009550       ??XCMat@@QAEAAV0@N@Z       0040a550 f   PSINS.obj
 0001:000095c0       ??ECMat@@QAEAAV0@XZ        0040a5c0 f   PSINS.obj
 0001:00009640       ??S@YA?AVCMat@@ABV0@@Z     0040a640 f   PSINS.obj
 0001:00009740       ?symmetry@@YAXAAVCMat@@@Z  0040a740 f   PSINS.obj
 0001:00009830       ?dotmul@@YA?AVCMat@@ABV1@0@Z 0040a830 f   PSINS.obj
 0001:00009920       ??RCMat@@QAEAANHH@Z        0040a920 f   PSINS.obj
 0001:00009970       ?SetRow@CMat@@QAAXHNZZ     0040a970 f   PSINS.obj
 0001:00009a00       ?SetRow@CMat@@QAEXHABVCVect@@@Z 0040aa00 f   PSINS.obj
 0001:00009a80       ?SetClm@CMat@@QAAXHNZZ     0040aa80 f   PSINS.obj
 0001:00009b10       ?SetClm@CMat@@QAEXHABVCVect@@@Z 0040ab10 f   PSINS.obj
 0001:00009b90       ?SetClmVect3@CMat@@QAEXHHABVCVect3@@@Z 0040ab90 f   PSINS.obj
 0001:00009c20       ?SetRowVect3@CMat@@QAEXHHABVCVect3@@@Z 0040ac20 f   PSINS.obj
 0001:00009c70       ?SetDiagVect3@CMat@@QAEXHHABVCVect3@@@Z 0040ac70 f   PSINS.obj
 0001:00009d00       ?GetDiagVect3@CMat@@QAE?AVCVect3@@HH@Z 0040ad00 f   PSINS.obj
 0001:00009dc0       ?SetAskew@CMat@@QAEXHHABVCVect3@@@Z 0040adc0 f   PSINS.obj
 0001:00009eb0       ?SetMat3@CMat@@QAEXHHABVCMat3@@@Z 0040aeb0 f   PSINS.obj
 0001:00009f40       ?GetMat3@CMat@@QBE?AVCMat3@@HH@Z 0040af40 f   PSINS.obj
 0001:0000a000       ?SubAddMat3@CMat@@QAEXHHABVCMat3@@@Z 0040b000 f   PSINS.obj
 0001:0000a090       ?GetRow@CMat@@QBE?AVCVect@@H@Z 0040b090 f   PSINS.obj
 0001:0000a170       ?GetClm@CMat@@QBE?AVCVect@@H@Z 0040b170 f   PSINS.obj
 0001:0000a250       ?ZeroRow@CMat@@QAEXH@Z     0040b250 f   PSINS.obj
 0001:0000a2c0       ?ZeroClm@CMat@@QAEXH@Z     0040b2c0 f   PSINS.obj
 0001:0000a330       ?SetDiag@CMat@@QAAXNZZ     0040b330 f   PSINS.obj
 0001:0000a410       ?SetDiag2@CMat@@QAAXNZZ    0040b410 f   PSINS.obj
 0001:0000a4f0       ?normInf@@YANAAVCMat@@@Z   0040b4f0 f   PSINS.obj
 0001:0000a590       ?diag@@YA?AVCVect@@ABVCMat@@@Z 0040b590 f   PSINS.obj
 0001:0000a670       ?RowMul@@YAXAAVCMat@@ABV1@1H@Z 0040b670 f   PSINS.obj
 0001:0000a760       ?RowMulT@@YAXAAVCMat@@ABV1@1H@Z 0040b760 f   PSINS.obj
 0001:0000a840       ?diag@@YA?AVCMat@@ABVCVect@@@Z 0040b840 f   PSINS.obj
 0001:0000a950       ?DVMDVafa@@YAXABVCVect@@AAVCMat@@N@Z 0040b950 f   PSINS.obj
 0001:0000aa40       ??0CVect@@QAE@XZ           0040ba40 f   PSINS.obj
 0001:0000aa70       ??0CVect@@QAE@HH@Z         0040ba70 f   PSINS.obj
 0001:0000aae0       ??0CVect@@QAE@HN@Z         0040bae0 f   PSINS.obj
 0001:0000ab60       ??0CVect@@QAE@HPBN@Z       0040bb60 f   PSINS.obj
 0001:0000abe0       ??0CVect@@QAA@HNNZZ        0040bbe0 f   PSINS.obj
 0001:0000acb0       ??0CVect@@QAE@ABVCVect3@@@Z 0040bcb0 f   PSINS.obj
 0001:0000ad40       ??0CVect@@QAE@ABVCVect3@@V1@@Z 0040bd40 f   PSINS.obj
 0001:0000adf0       ??S@YA?AVCVect@@ABV0@@Z    0040bdf0 f   PSINS.obj
 0001:0000ae50       ??DCVect@@QBE?AV0@ABVCMat@@@Z 0040be50 f   PSINS.obj
 0001:0000afb0       ??DCVect@@QBE?AVCMat@@ABV0@@Z 0040bfb0 f   PSINS.obj
 0001:0000b170       ??HCVect@@QBE?AV0@ABV0@@Z  0040c170 f   PSINS.obj
 0001:0000b250       ??GCVect@@QBE?AV0@ABV0@@Z  0040c250 f   PSINS.obj
 0001:0000b330       ??DCVect@@QBE?AV0@N@Z      0040c330 f   PSINS.obj
 0001:0000b410       ??4CVect@@QAEAAV0@N@Z      0040c410 f   PSINS.obj
 0001:0000b480       ??4CVect@@QAEAAV0@PBN@Z    0040c480 f   PSINS.obj
 0001:0000b4f0       ??4CVect@@QAEAAV0@ABVCMat3@@@Z 0040c4f0 f   PSINS.obj
 0001:0000b560       ??YCVect@@QAEAAV0@ABV0@@Z  0040c560 f   PSINS.obj
 0001:0000b5e0       ??ZCVect@@QAEAAV0@ABV0@@Z  0040c5e0 f   PSINS.obj
 0001:0000b660       ??XCVect@@QAEAAV0@N@Z      0040c660 f   PSINS.obj
 0001:0000b6d0       ?dot@@YANABVCVect@@0@Z     0040c6d0 f   PSINS.obj
 0001:0000b750       ?dotmul@@YA?AVCVect@@ABV1@0@Z 0040c750 f   PSINS.obj
 0001:0000b840       ?pow@@YA?AVCVect@@ABV1@H@Z 0040c840 f   PSINS.obj
 0001:0000b930       ?abs@@YA?AVCVect@@ABV1@@Z  0040c930 f   PSINS.obj
 0001:0000ba40       ?norm@@YANABVCVect@@@Z     0040ca40 f   PSINS.obj
 0001:0000bad0       ?normInf@@YANABVCVect@@@Z  0040cad0 f   PSINS.obj
 0001:0000bb70       ??RCVect@@QAEAANH@Z        0040cb70 f   PSINS.obj
 0001:0000bba0       ?Set@CVect@@QAAXNZZ        0040cba0 f   PSINS.obj
 0001:0000bc30       ?Set2@CVect@@QAAXNZZ       0040cc30 f   PSINS.obj
 0001:0000bcc0       ?SetVect3@CVect@@QAEXHABVCVect3@@@Z 0040ccc0 f   PSINS.obj
 0001:0000bd00       ?Set2Vect3@CVect@@QAEXHABVCVect3@@@Z 0040cd00 f   PSINS.obj
 0001:0000bd80       ?SetBit@CVect@@QAEXIN@Z    0040cd80 f   PSINS.obj
 0001:0000bdf0       ?SetBit@CVect@@QAEXIABVCVect3@@@Z 0040cdf0 f   PSINS.obj
 0001:0000be80       ?GetVect3@CVect@@QAE?AVCVect3@@H@Z 0040ce80 f   PSINS.obj
 0001:0000bec0       ?sort@@YA?AVCVect@@ABV1@@Z 0040cec0 f   PSINS.obj
 0001:0000bfe0       ??0CIIR@@QAE@XZ            0040cfe0 f   PSINS.obj
 0001:0000c010       ??0CIIR@@QAE@PAN0H@Z       0040d010 f   PSINS.obj
 0001:0000c0d0       ?Update@CIIR@@QAENN@Z      0040d0d0 f   PSINS.obj
 0001:0000c1e0       ??0CIIRV3@@QAE@XZ          0040d1e0 f   PSINS.obj
 0001:0000c250       ??0CIIRV3@@QAE@PAN0H00H00H@Z 0040d250 f   PSINS.obj
 0001:0000c370       ?Update@CIIRV3@@QAE?AVCVect3@@ABV2@@Z 0040d370 f   PSINS.obj
 0001:0000c430       ??0CRAvar@@QAE@XZ          0040d430 f   PSINS.obj
 0001:0000c460       ??0CRAvar@@QAE@HH@Z        0040d460 f   PSINS.obj
 0001:0000c4e0       ?set@CRAvar@@QAEXNNNNH@Z   0040d4e0 f   PSINS.obj
 0001:0000c600       ?set@CRAvar@@QAEXABVCVect3@@000@Z 0040d600 f   PSINS.obj
 0001:0000c6c0       ?set@CRAvar@@QAEXABVCVect@@000@Z 0040d6c0 f   PSINS.obj
 0001:0000c790       ?Update@CRAvar@@QAEXNNH@Z  0040d790 f   PSINS.obj
 0001:0000c990       ?Update@CRAvar@@QAEXABVCVect3@@N@Z 0040d990 f   PSINS.obj
 0001:0000ca10       ?Update@CRAvar@@QAEXABVCVect@@N@Z 0040da10 f   PSINS.obj
 0001:0000ca90       ??RCRAvar@@QAENH@Z         0040da90 f   PSINS.obj
 0001:0000cb10       ??0CVAR@@QAE@HN@Z          0040db10 f   PSINS.obj
 0001:0000cbd0       ?Update@CVAR@@QAENNH@Z     0040dbd0 f   PSINS.obj
 0001:0000cd50       ??0CVARn@@QAE@XZ           0040dd50 f   PSINS.obj
 0001:0000cd90       ??0CVARn@@QAE@HH@Z         0040dd90 f   PSINS.obj
 0001:0000cf10       ??1CVARn@@QAE@XZ           0040df10 f   PSINS.obj
 0001:0000cf70       ?Reset@CVARn@@QAEXXZ       0040df70 f   PSINS.obj
 0001:0000d000       ?Update@CVARn@@QAEHPBN@Z   0040e000 f   PSINS.obj
 0001:0000d240       ?Update@CVARn@@QAAHNZZ     0040e240 f   PSINS.obj
 0001:0000d2d0       ??0CContLarge@@QAE@XZ      0040e2d0 f   PSINS.obj
 0001:0000d300       ??0CContLarge@@QAE@NNH@Z   0040e300 f   PSINS.obj
 0001:0000d370       ?Update@CContLarge@@QAEHNN@Z 0040e370 f   PSINS.obj
 0001:0000d430       ??0CAbnomalCnt@@QAE@XZ     0040e430 f   PSINS.obj
 0001:0000d460       ??0CAbnomalCnt@@QAE@HNNN@Z 0040e460 f   PSINS.obj
 0001:0000d510       ?Update@CAbnomalCnt@@QAEHNN@Z 0040e510 f   PSINS.obj
 0001:0000d5d0       ??0CWzhold@@QAE@XZ         0040e5d0 f   PSINS.obj
 0001:0000d600       ?Init@CWzhold@@QAEXNNNH@Z  0040e600 f   PSINS.obj
 0001:0000d6c0       ?Reset@CWzhold@@QAEXXZ     0040e6c0 f   PSINS.obj
 0001:0000d730       ?Update@CWzhold@@QAEHN@Z   0040e730 f   PSINS.obj
 0001:0000da70       ??0CMaxMin@@QAE@HHN@Z      0040ea70 f   PSINS.obj
 0001:0000db80       ?Update@CMaxMin@@QAEHN@Z   0040eb80 f   PSINS.obj
 0001:0000dd20       ??0CMaxMinn@@QAE@HHHN@Z    0040ed20 f   PSINS.obj
 0001:0000ddd0       ??_FCMaxMin@@QAEXXZ        0040edd0 f i PSINS.obj
 0001:0000de10       ??_H@YGXPAXIHP6EX0@Z@Z     0040ee10 f i PSINS.obj
 0001:0000de70       ?Update@CMaxMinn@@QAAHNZZ  0040ee70 f   PSINS.obj
 0001:0000df10       ?Update@CMaxMinn@@QAEHABVCVect3@@@Z 0040ef10 f   PSINS.obj
 0001:0000dfa0       ?Update@CMaxMinn@@QAEHABVCVect3@@0@Z 0040efa0 f   PSINS.obj
 0001:0000e070       ??0CKalman@@QAE@XZ         0040f070 f   PSINS.obj
 0001:0000e240       ??0CKalman@@QAE@HH@Z       0040f240 f   PSINS.obj
 0001:0000e440       ?Init@CKalman@@QAEXHH@Z    0040f440 f   PSINS.obj
 0001:0000e8f0       ?SetRmaxcount@CKalman@@QAEXH@Z 0040f8f0 f   PSINS.obj
 0001:0000e960       ?TimeUpdate@CKalman@@QAEXNH@Z 0040f960 f   PSINS.obj
 0001:0000eb80       ?SetMeasFlag@CKalman@@QAEXI@Z 0040fb80 f   PSINS.obj
 0001:0000ebd0       ?SetMeasMask@CKalman@@QAEXHI@Z 0040fbd0 f   PSINS.obj
 0001:0000ec90       ?SetMeasStop@CKalman@@QAEXNI@Z 0040fc90 f   PSINS.obj
 0001:0000ece0       ?SetRadptStop@CKalman@@QAEXNI@Z 0040fce0 f   PSINS.obj
 0001:0000ed30       ?MeasUpdate@CKalman@@QAEHN@Z 0040fd30 f   PSINS.obj
 0001:0000f0d0       ?RAdaptive@CKalman@@QAEHHNN@Z 004100d0 f   PSINS.obj
 0001:0000f260       ?RPkFading@CKalman@@QAEXH@Z 00410260 f   PSINS.obj
 0001:0000f350       ?XPConstrain@CKalman@@QAEXXZ 00410350 f   PSINS.obj
 0001:0000f690       ?PmaxPminCheck@CKalman@@QAEXXZ 00410690 f   PSINS.obj
 0001:0000f790       ?Feedback@CKalman@@UAEXHN@Z 00410790 f   PSINS.obj
 0001:0000f9e0       ?RtFading@CKalman@@QAEXHN@Z 004109e0 f   PSINS.obj
 0001:0000fb30       ?fusion@@YAXPAN0PBN1H00@Z  00410b30 f   PSINS.obj
 0001:0000fce0       ?fusion@@YAXAAVCVect3@@0V1@1@Z 00410ce0 f   PSINS.obj
 0001:0000fd30       ?fusion@@YAXAAVCVect3@@0V1@100@Z 00410d30 f   PSINS.obj
 0001:0000fd80       ??0CSINSTDKF@@QAE@XZ       00410d80 f   PSINS.obj
 0001:0000fe60       ??0CSINSTDKF@@QAE@HH@Z     00410e60 f   PSINS.obj
 0001:0000ff50       ?Init@CSINSTDKF@@QAEXABVCSINS@@@Z 00410f50 f   PSINS.obj
 0001:00010120       ?TDReset@CSINSTDKF@@QAEXXZ 00411120 f   PSINS.obj
 0001:00010190       ?TDUpdate@CSINSTDKF@@QAEHPBVCVect3@@0HNH@Z 00411190 f   PSINS.obj
 0001:00010ba0       ?MeasUpdate@CSINSTDKF@@QAEXABVCVect@@NN@Z 00411ba0 f   PSINS.obj
 0001:00010d60       ?MarkovGyro@CSINSTDKF@@QAEXABVCVect3@@0H@Z 00411d60 f   PSINS.obj
 0001:00010de0       ?MarkovAcc@CSINSTDKF@@QAEXABVCVect3@@0H@Z 00411de0 f   PSINS.obj
 0001:00010e60       ?SetYaw@CSINSTDKF@@QAEXNHH@Z 00411e60 f   PSINS.obj
 0001:00011060       ?PSetVertCh@CSINSTDKF@@QAEXNNN@Z 00412060 f   PSINS.obj
 0001:00011140       ?SetCalcuBurden@CSINSTDKF@@QAENIH@Z 00412140 f   PSINS.obj
 0001:000112c0       ??0CSINSGNSS@@QAE@XZ       004122c0 f   PSINS.obj
 0001:00011320       ??0CSINSGNSS@@QAE@HHNH@Z   00412320 f   PSINS.obj
 0001:00011550       ?Init@CSINSGNSS@@QAEXABVCSINS@@H@Z 00412550 f   PSINS.obj
 0001:00012800       ?SetFt@CSINSGNSS@@UAEXH@Z  00413800 f   PSINS.obj
 0001:00012c80       ?SetHk@CSINSGNSS@@UAEXH@Z  00413c80 f   PSINS.obj
 0001:00012de0       ?Feedback@CSINSGNSS@@UAEXHN@Z 00413de0 f   PSINS.obj
 0001:00013110       ?SetMeasGNSS@CSINSGNSS@@QAEXABVCVect3@@0NN@Z 00414110 f   PSINS.obj
 0001:000132e0       ?Update@CSINSGNSS@@QAEHPBVCVect3@@0HNH@Z 004142e0 f   PSINS.obj
 0001:00013370       ??6CSINSGNSS@@QAEXAAVCFileRdWt@@@Z 00414370 f   PSINS.obj
 0001:00013470       ??0CPOS618@@QAE@XZ         00414470 f   PSINS.obj
 0001:00013510       ??0CPOS618@@QAE@NNH@Z      00414510 f   PSINS.obj
 0001:00013750       ??1CPOS618@@QAE@XZ         00414750 f   PSINS.obj
 0001:00013930       ??_GCRMemory@@QAEPAXI@Z    00414930 f i PSINS.obj
 0001:00013990       ??_GCSmooth@@QAEPAXI@Z     00414990 f i PSINS.obj
 0001:000139f0       ??_GCFileRdWt@@QAEPAXI@Z   004149f0 f i PSINS.obj
 0001:00013a50       ?Load@CPOS618@@QAEHPADNN@Z 00414a50 f   PSINS.obj
 0001:00013e80       ?Init@CPOS618@@QAEXNABVCVect3@@@Z 00414e80 f   PSINS.obj
 0001:00014310       ?Forward@CPOS618@@QAEXXZ   00415310 f   PSINS.obj
 0001:00014670       ?Backward@CPOS618@@QAEXXZ  00415670 f   PSINS.obj
 0001:00014b50       ?Reverse@CPOS618@@QAEXXZ   00415b50 f   PSINS.obj
 0001:00014d80       ?Smooth@CPOS618@@QAEXXZ    00415d80 f   PSINS.obj
 0001:00014db0       ?Process@CPOS618@@QAEXPAD@Z 00415db0 f   PSINS.obj
 0001:00014e80       ??0CSINSGNSSDR@@QAE@XZ     00415e80 f   PSINS.obj
 0001:00014f00       ?SetHk@CSINSGNSSDR@@UAEXH@Z 00415f00 f i PSINS.obj
 0001:00014f30       ??0CSINSGNSSDR@@QAE@N@Z    00415f30 f   PSINS.obj
 0001:000150c0       ?Init@CSINSGNSSDR@@QAEXABVCSINS@@H@Z 004160c0 f   PSINS.obj
 0001:000156b0       ?SetFt@CSINSGNSSDR@@UAEXH@Z 004166b0 f   PSINS.obj
 0001:00015850       ?Feedback@CSINSGNSSDR@@UAEXHN@Z 00416850 f   PSINS.obj
 0001:00015940       ?SetMeas@CSINSGNSSDR@@UAEXXZ 00416940 f   PSINS.obj
 0001:000159d0       ?SetMeasGNSS@CSINSGNSSDR@@QAEXABVCVect3@@0N@Z 004169d0 f   PSINS.obj
 0001:00015c10       ?Update@CSINSGNSSDR@@QAEHPBVCVect3@@0NHNH@Z 00416c10 f   PSINS.obj
 0001:00015d70       ??0CSINSGNSSOD@@QAE@XZ     00416d70 f   PSINS.obj
 0001:00015e70       ?SetMeas@CSINSGNSSOD@@UAEXXZ 00416e70 f i PSINS.obj
 0001:00015ea0       ??0CSINSGNSSOD@@QAE@HHNH@Z 00416ea0 f   PSINS.obj
 0001:00016070       ?Init@CSINSGNSSOD@@QAEXABVCSINS@@H@Z 00417070 f   PSINS.obj
 0001:00016100       ?ODKappa@CSINSGNSSOD@@QAE?AVCVect3@@ABV2@@Z 00417100 f   PSINS.obj
 0001:00016200       ?ODVelUpdate@CSINSGNSSOD@@QAEHN@Z 00417200 f   PSINS.obj
 0001:000166d0       ?Update@CSINSGNSSOD@@QAEHPBVCVect3@@0NHNH@Z 004176d0 f   PSINS.obj
 0001:00016770       ??6CSINSGNSSOD@@QAEXAAVCFileRdWt@@@Z 00417770 f   PSINS.obj
 0001:000168c0       ??0CAutoDrive@@QAE@XZ      004178c0 f   PSINS.obj
 0001:00016910       ?SetMeas@CAutoDrive@@UAEXXZ 00417910 f i PSINS.obj
 0001:00016940       ??0CAutoDrive@@QAE@N@Z     00417940 f   PSINS.obj
 0001:00016a80       ?Init@CAutoDrive@@QAEXABVCSINS@@H@Z 00417a80 f   PSINS.obj
 0001:00016f10       ?SetFt@CAutoDrive@@UAEXH@Z 00417f10 f   PSINS.obj
 0001:00016f50       ?SetHk@CAutoDrive@@UAEXH@Z 00417f50 f   PSINS.obj
 0001:00016f80       ?Feedback@CAutoDrive@@UAEXHN@Z 00417f80 f   PSINS.obj
 0001:00017050       ?ZUPTtest@CAutoDrive@@QAEXXZ 00418050 f   PSINS.obj
 0001:00017130       ?ZIHRtest@CAutoDrive@@QAEXXZ 00418130 f   PSINS.obj
 0001:00017200       ?NHCtest@CAutoDrive@@QAEXXZ 00418200 f   PSINS.obj
 0001:000172f0       ?Update@CAutoDrive@@QAEHPBVCVect3@@0NHNH@Z 004182f0 f   PSINS.obj
 0001:00017470       ??0CSGOClbt@@QAE@N@Z       00418470 f   PSINS.obj
 0001:00017540       ?Init@CSGOClbt@@QAEXABVCSINS@@H@Z 00418540 f   PSINS.obj
 0001:00017a60       ?SetFt@CSGOClbt@@UAEXH@Z   00418a60 f   PSINS.obj
 0001:00017aa0       ?SetHk@CSGOClbt@@UAEXH@Z   00418aa0 f   PSINS.obj
 0001:00017b60       ?Feedback@CSGOClbt@@UAEXHN@Z 00418b60 f   PSINS.obj
 0001:00017c80       ?Update@CSGOClbt@@QAEHPBVCVect3@@0NHNH@Z 00418c80 f   PSINS.obj
 0001:00017d90       ??0CVAutoPOS@@QAE@XZ       00418d90 f   PSINS.obj
 0001:00017de0       ??0CVAutoPOS@@QAE@N@Z      00418de0 f   PSINS.obj
 0001:00017e40       ?Init@CVAutoPOS@@UAEXABVCSINS@@H@Z 00418e40 f   PSINS.obj
 0001:000180c0       ?SetFt@CVAutoPOS@@UAEXH@Z  004190c0 f   PSINS.obj
 0001:00018100       ?SetHk@CVAutoPOS@@UAEXH@Z  00419100 f   PSINS.obj
 0001:00018130       ?Feedback@CVAutoPOS@@UAEXHN@Z 00419130 f   PSINS.obj
 0001:00018200       ?Update@CVAutoPOS@@QAEHPBVCVect3@@0NHNH@Z 00419200 f   PSINS.obj
 0001:000182f0       ?Init@CCAM@@QAEXABVCVect3@@0NN@Z 004192f0 f   PSINS.obj
 0001:000183c0       ?Init@CCAM@@QAEXABVCVect3@@NN@Z 004193c0 f   PSINS.obj
 0001:00018430       ?Update@CCAM@@QAEXNNNN@Z   00419430 f   PSINS.obj
 0001:00018530       ?Update@CCAM@@QAEXNN@Z     00419530 f   PSINS.obj
 0001:00018790       ?Init@CCALLH@@QAEXAAVCSINS@@ABVCVect3@@@Z 00419790 f   PSINS.obj
 0001:00018960       ?Update@CCALLH@@QAEXABVCSINS@@ABVCVect3@@1@Z 00419960 f   PSINS.obj
 0001:00018b50       ?Update@CCALLH@@QAEXABVCVect3@@0@Z 00419b50 f   PSINS.obj
 0001:00018c00       ?OutLLH@CCALLH@@QAEXXZ     00419c00 f   PSINS.obj
 0001:00018e00       ??0CEarth@@QAE@NNN@Z       00419e00 f   PSINS.obj
 0001:00018f60       ?Update@CEarth@@QAEXABVCVect3@@0H@Z 00419f60 f   PSINS.obj
 0001:00019320       ?vn2dpos@CEarth@@QBE?AVCVect3@@ABV2@N@Z 0041a320 f   PSINS.obj
 0001:000193b0       ??0CIMU@@QAE@XZ            0041a3b0 f   PSINS.obj
 0001:00019530       ?SetRFU@CIMU@@QAEXPBD@Z    0041a530 f   PSINS.obj
 0001:000195a0       ?SetgSens@CIMU@@QAEXABVCMat3@@00@Z 0041a5a0 f   PSINS.obj
 0001:00019640       ?SetKa2@CIMU@@QAEXABVCVect3@@@Z 0041a640 f   PSINS.obj
 0001:00019690       ?Update@CIMU@@QAEXPBVCVect3@@0HN@Z 0041a690 f   PSINS.obj
 0001:00019db0       ?IMURFU@@YAXPAVCVect3@@HPBD@Z 0041adb0 f   PSINS.obj
 0001:00019f00       ?IMURFU@@YAXPAVCVect3@@0HPBD@Z 0041af00 f   PSINS.obj
 0001:00019f60       ?IMUStatic@@YAXAAVCVect3@@000N@Z 0041af60 f   PSINS.obj
 0001:0001a090       ??0CSINS@@QAE@AANABVCVect3@@N@Z 0041b090 f   PSINS.obj
 0001:0001a410       ??0CSINS@@QAE@ABVCVect3@@00N@Z 0041b410 f   PSINS.obj
 0001:0001a770       ??0CSINS@@QAE@ABVCQuat@@ABVCVect3@@1N@Z 0041b770 f   PSINS.obj
 0001:0001aac0       ?Init@CSINS@@QAEXABVCQuat@@ABVCVect3@@1N@Z 0041bac0 f   PSINS.obj
 0001:0001afa0       ?SetTauGA@CSINS@@QAEXABVCVect3@@0@Z 0041bfa0 f   PSINS.obj
 0001:0001b1c0       ?Update@CSINS@@QAEXPBVCVect3@@0HN@Z 0041c1c0 f   PSINS.obj
 0001:0001c2b0       ?Extrap@CSINS@@QAEXABVCVect3@@0N@Z 0041d2b0 f   PSINS.obj
 0001:0001c470       ?Extrap@CSINS@@QAEXN@Z     0041d470 f   PSINS.obj
 0001:0001c5f0       ?lever@CSINS@@QAEXABVCVect3@@PAV2@1@Z 0041d5f0 f   PSINS.obj
 0001:0001c830       ?etm@CSINS@@QAEXXZ         0041d830 f   PSINS.obj
 0001:0001cd60       ?AddErr@CSINS@@QAEXABVCVect3@@00@Z 0041dd60 f   PSINS.obj
 0001:0001ce10       ?AddErr@CSINS@@QAEXNABVCVect3@@0@Z 0041de10 f   PSINS.obj
 0001:0001ce70       ??0CDR@@QAE@XZ             0041de70 f   PSINS.obj
 0001:0001cf30       ?Init@CDR@@QAEXABVCSINS@@ABVCVect3@@@Z 0041df30 f   PSINS.obj
 0001:0001cfc0       ?Init@CDR@@QAEXABVCVect3@@00N@Z 0041dfc0 f   PSINS.obj
 0001:0001d160       ?Update@CDR@@QAEXABVCVect3@@NN@Z 0041e160 f   PSINS.obj
 0001:0001d3f0       ??0CAVPInterp@@QAE@XZ      0041e3f0 f   PSINS.obj
 0001:0001d490       ?Init@CAVPInterp@@QAEXABVCSINS@@NH@Z 0041e490 f   PSINS.obj
 0001:0001d530       ?Init@CAVPInterp@@QAEXABVCVect3@@00N@Z 0041e530 f   PSINS.obj
 0001:0001d610       ?Push@CAVPInterp@@QAEXABVCSINS@@H@Z 0041e610 f   PSINS.obj
 0001:0001d6a0       ?Push@CAVPInterp@@QAEXABVCVect3@@00@Z 0041e6a0 f   PSINS.obj
 0001:0001d740       ?Interp@CAVPInterp@@QAEHNH@Z 0041e740 f   PSINS.obj
 0001:0001db50       ??0CMahony@@QAE@NABVCQuat@@@Z 0041eb50 f   PSINS.obj
 0001:0001dc70       ?SetTau@CMahony@@QAEXN@Z   0041ec70 f   PSINS.obj
 0001:0001dcc0       ?Update@CMahony@@QAEXABVCVect3@@0N0@Z 0041ecc0 f   PSINS.obj
 0001:0001e160       ??0CQEAHRS@@QAE@N@Z        0041f160 f   PSINS.obj
 0001:0001e3d0       ?Update@CQEAHRS@@QAEXABVCVect3@@00N@Z 0041f3d0 f   PSINS.obj
 0001:0001e7f0       ?time2fname@@YAPADXZ       0041f7f0 f   PSINS.obj
 0001:0001e860       ?DirI@CFileRdWt@@SAXPBD@Z  0041f860 f   PSINS.obj
 0001:0001e8f0       ?DirO@CFileRdWt@@SAXPBD@Z  0041f8f0 f   PSINS.obj
 0001:0001e980       ?Dir@CFileRdWt@@SAXPBD0@Z  0041f980 f   PSINS.obj
 0001:0001e9e0       ??0CFileRdWt@@QAE@XZ       0041f9e0 f   PSINS.obj
 0001:0001ea10       ??0CFileRdWt@@QAE@PBDH@Z   0041fa10 f   PSINS.obj
 0001:0001ea80       ??1CFileRdWt@@QAE@XZ       0041fa80 f   PSINS.obj
 0001:0001ead0       ?Init@CFileRdWt@@QAEXPBDH@Z 0041fad0 f   PSINS.obj
 0001:0001ee60       ?load@CFileRdWt@@QAEHHH@Z  0041fe60 f   PSINS.obj
 0001:0001f330       ?loadf32@CFileRdWt@@QAEHH@Z 00420330 f   PSINS.obj
 0001:0001f420       ?load@CFileRdWt@@QAEJPAEJ@Z 00420420 f   PSINS.obj
 0001:0001f4d0       ?bwseek@CFileRdWt@@QAEXHH@Z 004204d0 f   PSINS.obj
 0001:0001f540       ?filesize@CFileRdWt@@QAEJH@Z 00420540 f   PSINS.obj
 0001:0001f610       ?getl@CFileRdWt@@QAEHXZ    00420610 f   PSINS.obj
 0001:0001f670       ?waitfor@CFileRdWt@@QAEHHNN@Z 00420670 f   PSINS.obj
 0001:0001f710       ??6CFileRdWt@@QAEAAV0@N@Z  00420710 f   PSINS.obj
 0001:0001f760       ??6CFileRdWt@@QAEAAV0@ABVCVect3@@@Z 00420760 f   PSINS.obj
 0001:0001f7b0       ??6CFileRdWt@@QAEAAV0@ABVCQuat@@@Z 004207b0 f   PSINS.obj
 0001:0001f800       ??6CFileRdWt@@QAEAAV0@ABVCMat3@@@Z 00420800 f   PSINS.obj
 0001:0001f850       ??6CFileRdWt@@QAEAAV0@ABVCVect@@@Z 00420850 f   PSINS.obj
 0001:0001f8b0       ??6CFileRdWt@@QAEAAV0@ABVCMat@@@Z 004208b0 f   PSINS.obj
 0001:0001f910       ??6CFileRdWt@@QAEAAV0@ABVCRAvar@@@Z 00420910 f   PSINS.obj
 0001:0001f970       ??6CFileRdWt@@QAEAAV0@ABVCMaxMinn@@@Z 00420970 f   PSINS.obj
 0001:0001fa50       ??6CFileRdWt@@QAEAAV0@ABVCAligni0@@@Z 00420a50 f   PSINS.obj
 0001:0001fae0       ??6CFileRdWt@@QAEAAV0@ABVCSINS@@@Z 00420ae0 f   PSINS.obj
 0001:0001fbf0       ??6CFileRdWt@@QAEAAV0@ABVCDR@@@Z 00420bf0 f   PSINS.obj
 0001:0001fc70       ??6CFileRdWt@@QAEAAV0@ABVCRMemory@@@Z 00420c70 f   PSINS.obj
 0001:0001fcc0       ??6CFileRdWt@@QAEAAV0@ABVCMahony@@@Z 00420cc0 f   PSINS.obj
 0001:0001fd30       ??6CFileRdWt@@QAEAAV0@ABVCQEAHRS@@@Z 00420d30 f   PSINS.obj
 0001:0001fdd0       ??6CFileRdWt@@QAEAAV0@ABVCUartPP@@@Z 00420dd0 f   PSINS.obj
 0001:0001fe30       ??6CFileRdWt@@QAEAAV0@AAVCKalman@@@Z 00420e30 f   PSINS.obj
 0001:0001ff10       ??5CFileRdWt@@QAEAAV0@AAN@Z 00420f10 f   PSINS.obj
 0001:0001ff60       ??5CFileRdWt@@QAEAAV0@AAVCVect3@@@Z 00420f60 f   PSINS.obj
 0001:0001ffb0       ??5CFileRdWt@@QAEAAV0@AAVCQuat@@@Z 00420fb0 f   PSINS.obj
 0001:00020000       ??5CFileRdWt@@QAEAAV0@AAVCMat3@@@Z 00421000 f   PSINS.obj
 0001:00020050       ??5CFileRdWt@@QAEAAV0@AAVCVect@@@Z 00421050 f   PSINS.obj
 0001:000200b0       ??5CFileRdWt@@QAEAAV0@AAVCMat@@@Z 004210b0 f   PSINS.obj
 0001:00020110       ??0CRMemory@@QAE@JH@Z      00421110 f   PSINS.obj
 0001:000201b0       ??0CRMemory@@QAE@PAEJH@Z   004211b0 f   PSINS.obj
 0001:00020240       ??1CRMemory@@QAE@XZ        00421240 f   PSINS.obj
 0001:00020290       ?pop@CRMemory@@QAEEPAE@Z   00421290 f   PSINS.obj
 0001:00020380       ?get@CRMemory@@QAEPAEH@Z   00421380 f   PSINS.obj
 0001:000203c0       ?Set@CRMemory@@QAEPAEHPBE@Z 004213c0 f   PSINS.obj
 0001:00020460       ?push@CRMemory@@QAEHPBE@Z  00421460 f   PSINS.obj
 0001:00020570       ??0CSmooth@@QAE@HH@Z       00421570 f   PSINS.obj
 0001:000206c0       ??1CSmooth@@QAE@XZ         004216c0 f   PSINS.obj
 0001:00020730       ?Update@CSmooth@@QAE?AVCVect@@PBNPAN@Z 00421730 f   PSINS.obj
 0001:00020880       ?Alignsb@@YA?AVCVect3@@V1@0N@Z 00421880 f   PSINS.obj
 0001:00020ad0       ??0CAligni0@@QAE@ABVCVect3@@0H@Z 00421ad0 f   PSINS.obj
 0001:00020c30       ?Init@CAligni0@@QAEXABVCVect3@@0H@Z 00421c30 f   PSINS.obj
 0001:00020dc0       ?Update@CAligni0@@QAE?AVCQuat@@PBVCVect3@@0HNABV3@@Z 00421dc0 f   PSINS.obj
 0001:00021440       ??0CAlignkf@@QAE@XZ        00422440 f   PSINS.obj
 0001:000214a0       ??0CAlignkf@@QAE@N@Z       004224a0 f   PSINS.obj
 0001:00021540       ??0CAlignkf@@QAE@ABVCSINS@@N@Z 00422540 f   PSINS.obj
 0001:000215c0       ?Init@CAlignkf@@QAEXABVCSINS@@@Z 004225c0 f   PSINS.obj
 0001:00021ab0       ?Update@CAlignkf@@QAEHPBVCVect3@@0HNH@Z 00422ab0 f   PSINS.obj
 0001:00021b90       ?Update@CAlignkf@@QAEHPBVCVect3@@0HNABV2@H@Z 00422b90 f   PSINS.obj
 0001:00021c70       ??0CAligntrkang@@QAE@NNNN@Z 00422c70 f   PSINS.obj
 0001:00021d40       ?Init@CAligntrkang@@QAEXABVCSINS@@@Z 00422d40 f   PSINS.obj
 0001:00022220       ?Update@CAligntrkang@@QAEHPBVCVect3@@0HNABV2@H@Z 00423220 f   PSINS.obj
 0001:00022530       ??0CAlignsv@@QAE@XZ        00423530 f   PSINS.obj
 0001:00022590       ??0CAlignsv@@QAE@N@Z       00423590 f   PSINS.obj
 0001:00022610       ??0CAlignsv@@QAE@ABVCVect3@@NNN@Z 00423610 f   PSINS.obj
 0001:000226b0       ?Init@CAlignsv@@QAEXABVCVect3@@NNN@Z 004236b0 f   PSINS.obj
 0001:00022890       ??1CAlignsv@@QAE@XZ        00423890 f   PSINS.obj
 0001:00022910       ?Update@CAlignsv@@QAEHPBVCVect3@@0H@Z 00423910 f   PSINS.obj
 0001:00022b50       ??0CAligntf@@QAE@N@Z       00423b50 f   PSINS.obj
 0001:00022bf0       ??0CAligntf@@QAE@ABVCSINS@@N@Z 00423bf0 f   PSINS.obj
 0001:00022c70       ?Init@CAligntf@@QAEXABVCSINS@@@Z 00423c70 f   PSINS.obj
 0001:00023180       ?SetFt@CAligntf@@UAEXH@Z   00424180 f   PSINS.obj
 0001:00023210       ?SetHk@CAligntf@@UAEXH@Z   00424210 f   PSINS.obj
 0001:00023350       ?Feedback@CAligntf@@UAEXHN@Z 00424350 f   PSINS.obj
 0001:00023440       ?Update@CAligntf@@QAEHPBVCVect3@@0HNH@Z 00424440 f   PSINS.obj
 0001:000234d0       ?SetMeasVnAtt@CAligntf@@QAEXABVCVect3@@0@Z 004244d0 f   PSINS.obj
 0001:00023640       ??0CUartPP@@QAE@HG@Z       00424640 f   PSINS.obj
 0001:00023710       ?checksum@CUartPP@@QAEHPBE@Z 00424710 f   PSINS.obj
 0001:000237f0       ?push@CUartPP@@QAEHPBEH@Z  004247f0 f   PSINS.obj
 0001:000238d0       ?nextIdx@CUartPP@@QAEHH@Z  004248d0 f i PSINS.obj
 0001:00023920       ?pop@CUartPP@@QAEHPAE@Z    00424920 f   PSINS.obj
 0001:00023af0       ??0CConUart@@QAE@XZ        00424af0 f   PSINS.obj
 0001:00023ba0       ?Init@CConUart@@QAEXHHHG@Z 00424ba0 f   PSINS.obj
 0001:00023d10       ?getUart@CConUart@@QAEHXZ  00424d10 f   PSINS.obj
 0001:00023e20       ?dispUart@CConUart@@QAEXH@Z 00424e20 f   PSINS.obj
 0001:00024160       ?gotorc@CConUart@@QAEXFF@Z 00425160 f   PSINS.obj
 0001:000241f0       ?sendUart@CConUart@@QAEXXZ 004251f0 f   PSINS.obj
 0001:00024390       ?swap16@@YAGG@Z            00425390 f   PSINS.obj
 0001:000243e0       ?swap24@@YAPAEPAE0@Z       004253e0 f   PSINS.obj
 0001:00024440       ?swap32@@YAII@Z            00425440 f   PSINS.obj
 0001:000244b0       ?swap64@@YAKK@Z            004254b0 f   PSINS.obj
 0001:00024550       ?int24@@YAPAEPAEH@Z        00425550 f   PSINS.obj
 0001:000245c0       ?diffint24@@YAHPBE0@Z      004255c0 f   PSINS.obj
 0001:000246a0       ?r2dm@@YANN@Z              004256a0 f   PSINS.obj
 0001:00024740       ?dm2r@@YANN@Z              00425740 f   PSINS.obj
 0001:000247e0       ?logtrigger@@YAHHN@Z       004257e0 f   PSINS.obj
 0001:00024850       ?IsZero@@YAHNN@Z           00425850 f i PSINS.obj
 0001:000248a0       ?sign@@YAHNN@Z             004258a0 f   PSINS.obj
 0001:00024900       ?range@@YANNNN@Z           00425900 f   PSINS.obj
 0001:00024970       ?atan2Ex@@YANNN@Z          00425970 f   PSINS.obj
 0001:00024a10       ?diffYaw@@YANNN@Z          00425a10 f   PSINS.obj
 0001:00024a80       ?MKQt@@YANNN@Z             00425a80 f   PSINS.obj
 0001:00024ab0       ?MKQt@@YA?AVCVect3@@ABV1@0@Z 00425ab0 f   PSINS.obj
 0001:00024b40       ?randn@@YANNN@Z            00425b40 f   PSINS.obj
 0001:00024c10       ?randn@@YA?AVCVect3@@ABV1@0@Z 00425c10 f   PSINS.obj
 0001:00024cc0       ?randn@@YA?AVCVect@@ABV1@0@Z 00425cc0 f   PSINS.obj
 0001:00024dd0       ?randn@@YA?AVCMat3@@ABV1@0@Z 00425dd0 f   PSINS.obj
 0001:00024f10       ?Demo_User@@YAXXZ          00425f10 f   PSINS_Demo.obj
 0001:00024fb0       ?Demo_CIIRV3@@YAXXZ        00425fb0 f   PSINS_Demo.obj
 0001:00025190       ?Demo_CMaxMin@@YAXXZ       00426190 f   PSINS_Demo.obj
 0001:00025310       ?Demo_CVAR@@YAXXZ          00426310 f   PSINS_Demo.obj
 0001:00025460       ?Demo_CVARn@@YAXXZ         00426460 f   PSINS_Demo.obj
 0001:000255d0       ?Demo_CRAvar@@YAXXZ        004265d0 f   PSINS_Demo.obj
 0001:00025760       ?Demo_CSINS_static@@YAXXZ  00426760 f   PSINS_Demo.obj
 0001:00025a10       ?Demo_CAlignsv@@YAXXZ      00426a10 f   PSINS_Demo.obj
 0001:00025bd0       ??1CFileIMU6@@QAE@XZ       00426bd0 f i PSINS_Demo.obj
 0001:00025c10       ?Demo_CAligntf@@YAXXZ      00426c10 f   PSINS_Demo.obj
 0001:00025ed0       ?Demo_CAlign_CSINS@@YAXXZ  00426ed0 f   PSINS_Demo.obj
 0001:00026160       ?Demo_CSINSGNSS@@YAXXZ     00427160 f   PSINS_Demo.obj
 0001:00026670       ??1CFileIMUGNSS@@QAE@XZ    00427670 f i PSINS_Demo.obj
 0001:000266b0       ?Demo_CSINSGNSSDR@@YAXXZ   004276b0 f   PSINS_Demo.obj
 0001:00026990       ??1CFileRdSr49@@QAE@XZ     00427990 f i PSINS_Demo.obj
 0001:000269d0       ?Demo_SINSOD@@YAXXZ        004279d0 f   PSINS_Demo.obj
 0001:00026c60       ?Demo_POS618@@YAXXZ        00427c60 f   PSINS_Demo.obj
 0001:00026d70       ?Demo_CVCFileFind@@YAXXZ   00427d70 f   PSINS_Demo.obj
 0001:00026d90       ?Demo_DSP_main@@YAXXZ      00427d90 f   PSINS_Demo.obj
 0001:00026db0       ?Demo_CONSOLE_UART@@YAXXZ  00427db0 f   PSINS_Demo.obj
 0001:00027180       ??1CConUart@@QAE@XZ        00428180 f i PSINS_Demo.obj
 0001:00027280       ??0CFileIMU6@@QAE@PBD@Z    00428280 f i PSINS_Demo.obj
 0001:00027520       ?load@CFileIMU6@@QAEHHH@Z  00428520 f i PSINS_Demo.obj
 0001:00027630       ??0CFileIMUGNSS@@QAE@PBD@Z 00428630 f i PSINS_Demo.obj
 0001:00027830       ?load@CFileIMUGNSS@@QAEHH@Z 00428830 f i PSINS_Demo.obj
 0001:000278a0       ??0CFileRdSr49@@QAE@PBD@Z  004288a0 f i PSINS_Demo.obj
 0001:000279a0       ?load@CFileRdSr49@@QAEHH@Z 004289a0 f i PSINS_Demo.obj
 0001:00027b60       ?waitforgps@CFileRdSr49@@QAEHXZ 00428b60 f i PSINS_Demo.obj
 0001:00027bd0       ??0DataSensor49@@QAE@XZ    00428bd0 f i PSINS_Demo.obj
 0001:00027c60       ?getRegKeyValues@@YA_NV?$basic_string@DU?$char_traits@D@std@@V?$allocator@D@2@@std@@AAV?$list@V?$basic_string@DU?$char_traits@D@std@@V?$allocator@D@2@@std@@V?$allocator@V?$basic_string@DU?$char_traits@D@std@@V?$allocator@D@2@@std@@@2@@2@@Z 00428c60 f   SerialPort.obj
 0001:00027f70       ??0CSerialPort@itas109@@QAE@XZ 00428f70 f   SerialPort.obj
 0001:000280c0       ??1CSerialPort@itas109@@UAE@XZ 004290c0 f   SerialPort.obj
 0001:000281b0       ?InitPort@CSerialPort@itas109@@QAEHPAUHWND__@@IIDIIKIKKKKK@Z 004291b0 f   SerialPort.obj
 0001:00028750       ?CommThread@CSerialPort@itas109@@KGKPAX@Z 00429750 f   SerialPort.obj
 0001:00028bb0       ?StartMonitoring@CSerialPort@itas109@@QAEHXZ 00429bb0 f   SerialPort.obj
 0001:00028c20       ?ResumeMonitoring@CSerialPort@itas109@@QAEHXZ 00429c20 f   SerialPort.obj
 0001:00028c70       ?SuspendMonitoring@CSerialPort@itas109@@QAEHXZ 00429c70 f   SerialPort.obj
 0001:00028cc0       ?IsThreadSuspend@CSerialPort@itas109@@QAEHPAX@Z 00429cc0 f   SerialPort.obj
 0001:00028d30       ?ProcessErrorMessage@CSerialPort@itas109@@IAEXPAD@Z 00429d30 f   SerialPort.obj
 0001:00028df0       ?WriteChar@CSerialPort@itas109@@KAXPAV12@@Z 00429df0 f   SerialPort.obj
 0001:00029120       ?ReceiveChar@CSerialPort@itas109@@KAXPAV12@@Z 0042a120 f   SerialPort.obj
 0001:000293e0       ?ReceiveStr@CSerialPort@itas109@@KAXPAV12@@Z 0042a3e0 f   SerialPort.obj
 0001:00029700       ?GetDCB@CSerialPort@itas109@@QAE?AU_DCB@@XZ 0042a700 f   SerialPort.obj
 0001:00029740       ?GetCommEvents@CSerialPort@itas109@@QAEKXZ 0042a740 f   SerialPort.obj
 0001:00029770       ?GetWriteBufferSize@CSerialPort@itas109@@QAEKXZ 0042a770 f   SerialPort.obj
 0001:000297a0       ?IsOpened@CSerialPort@itas109@@QAEHXZ 0042a7a0 f   SerialPort.obj
 0001:000297e0       ?ClosePort@CSerialPort@itas109@@QAEXXZ 0042a7e0 f   SerialPort.obj
 0001:000299a0       ?WriteToPort@CSerialPort@itas109@@QAEXPADI@Z 0042a9a0 f   SerialPort.obj
 0001:00029a90       ?WriteToPort@CSerialPort@itas109@@QAEXPAEI@Z 0042aa90 f   SerialPort.obj
 0001:00029b80       ?GetVersion@CSerialPort@itas109@@QAE?AV?$basic_string@DU?$char_traits@D@std@@V?$allocator@D@2@@std@@XZ 0042ab80 f   SerialPort.obj
 0001:00029c20       ??0CSerialPortInfo@itas109@@QAE@XZ 0042ac20 f   SerialPort.obj
 0001:00029c50       ??1CSerialPortInfo@itas109@@QAE@XZ 0042ac50 f   SerialPort.obj
 0001:00029c80       ?availablePorts@CSerialPortInfo@itas109@@SA?AV?$list@V?$basic_string@DU?$char_traits@D@std@@V?$allocator@D@2@@std@@V?$allocator@V?$basic_string@DU?$char_traits@D@std@@V?$allocator@D@2@@std@@@2@@std@@XZ 0042ac80 f   SerialPort.obj
 0001:00029d50       ??0?$basic_string@DU?$char_traits@D@std@@V?$allocator@D@2@@std@@QAE@ABV?$allocator@D@1@@Z 0042ad50 f i SerialPort.obj
 0001:00029da0       ??0?$basic_string@DU?$char_traits@D@std@@V?$allocator@D@2@@std@@QAE@ABV01@@Z 0042ada0 f i SerialPort.obj
 0001:00029e00       ??0?$basic_string@DU?$char_traits@D@std@@V?$allocator@D@2@@std@@QAE@PBDABV?$allocator@D@1@@Z 0042ae00 f i SerialPort.obj
 0001:00029e60       ??1?$basic_string@DU?$char_traits@D@std@@V?$allocator@D@2@@std@@QAE@XZ 0042ae60 f i SerialPort.obj
 0001:00029ea0       ??4?$basic_string@DU?$char_traits@D@std@@V?$allocator@D@2@@std@@QAEAAV01@ABV01@@Z 0042aea0 f i SerialPort.obj
 0001:00029ee0       ?c_str@?$basic_string@DU?$char_traits@D@std@@V?$allocator@D@2@@std@@QBEPBDXZ 0042aee0 f i SerialPort.obj
 0001:00029f30       ??0?$list@UserialPortBuffer@@V?$allocator@UserialPortBuffer@@@std@@@std@@QAE@ABV?$allocator@UserialPortBuffer@@@1@@Z 0042af30 f i SerialPort.obj
 0001:00029f90       ??1?$list@UserialPortBuffer@@V?$allocator@UserialPortBuffer@@@std@@@std@@QAE@XZ 0042af90 f i SerialPort.obj
 0001:0002a010       ?size@?$list@UserialPortBuffer@@V?$allocator@UserialPortBuffer@@@std@@@std@@QBEIXZ 0042b010 f i SerialPort.obj
 0001:0002a040       ?push_back@?$list@UserialPortBuffer@@V?$allocator@UserialPortBuffer@@@std@@@std@@QAEXABUserialPortBuffer@@@Z 0042b040 f i SerialPort.obj
 0001:0002a090       ??0iterator@?$list@UserialPortBuffer@@V?$allocator@UserialPortBuffer@@@std@@@std@@QAE@XZ 0042b090 f i SerialPort.obj
 0001:0002a0d0       ??0?$list@V?$basic_string@DU?$char_traits@D@std@@V?$allocator@D@2@@std@@V?$allocator@V?$basic_string@DU?$char_traits@D@std@@V?$allocator@D@2@@std@@@2@@std@@QAE@ABV?$allocator@V?$basic_string@DU?$char_traits@D@std@@V?$allocator@D@2@@std@@@1@@Z 0042b0d0 f i SerialPort.obj
 0001:0002a130       ??0?$list@V?$basic_string@DU?$char_traits@D@std@@V?$allocator@D@2@@std@@V?$allocator@V?$basic_string@DU?$char_traits@D@std@@V?$allocator@D@2@@std@@@2@@std@@QAE@ABV01@@Z 0042b130 f i SerialPort.obj
 0001:0002a1c0       ??1?$list@V?$basic_string@DU?$char_traits@D@std@@V?$allocator@D@2@@std@@V?$allocator@V?$basic_string@DU?$char_traits@D@std@@V?$allocator@D@2@@std@@@2@@std@@QAE@XZ 0042b1c0 f i SerialPort.obj
 0001:0002a240       ?empty@?$list@V?$basic_string@DU?$char_traits@D@std@@V?$allocator@D@2@@std@@V?$allocator@V?$basic_string@DU?$char_traits@D@std@@V?$allocator@D@2@@std@@@2@@std@@QBE_NXZ 0042b240 f i SerialPort.obj
 0001:0002a280       ?push_back@?$list@V?$basic_string@DU?$char_traits@D@std@@V?$allocator@D@2@@std@@V?$allocator@V?$basic_string@DU?$char_traits@D@std@@V?$allocator@D@2@@std@@@2@@std@@QAEXABV?$basic_string@DU?$char_traits@D@std@@V?$allocator@D@2@@2@@Z 0042b280 f i SerialPort.obj
 0001:0002a2d0       ?clear@?$list@V?$basic_string@DU?$char_traits@D@std@@V?$allocator@D@2@@std@@V?$allocator@V?$basic_string@DU?$char_traits@D@std@@V?$allocator@D@2@@std@@@2@@std@@QAEXXZ 0042b2d0 f i SerialPort.obj
 0001:0002a330       ?assign@?$basic_string@DU?$char_traits@D@std@@V?$allocator@D@2@@std@@QAEAAV12@ABV12@@Z 0042b330 f i SerialPort.obj
 0001:0002a380       ?assign@?$basic_string@DU?$char_traits@D@std@@V?$allocator@D@2@@std@@QAEAAV12@ABV12@II@Z 0042b380 f i SerialPort.obj
 0001:0002a500       ?copy@?$char_traits@D@std@@SAPADPADPBDI@Z 0042b500 f i SerialPort.obj
 0001:0002a540       ?size@?$basic_string@DU?$char_traits@D@std@@V?$allocator@D@2@@std@@QBEIXZ 0042b540 f i SerialPort.obj
 0001:0002a570       ?assign@?$basic_string@DU?$char_traits@D@std@@V?$allocator@D@2@@std@@QAEAAV12@PBD@Z 0042b570 f i SerialPort.obj
 0001:0002a5c0       ?length@?$char_traits@D@std@@SAIPBD@Z 0042b5c0 f i SerialPort.obj
 0001:0002a600       ?_Nullstr@?$basic_string@DU?$char_traits@D@std@@V?$allocator@D@2@@std@@CAPBDXZ 0042b600 f i SerialPort.obj
 0001:0002a630       ?_Tidy@?$basic_string@DU?$char_traits@D@std@@V?$allocator@D@2@@std@@AAEX_N@Z 0042b630 f i SerialPort.obj
 0001:0002a710       ??0const_iterator@?$list@UserialPortBuffer@@V?$allocator@UserialPortBuffer@@@std@@@std@@QAE@XZ 0042b710 f i SerialPort.obj
 0001:0002a740       ?begin@?$list@V?$basic_string@DU?$char_traits@D@std@@V?$allocator@D@2@@std@@V?$allocator@V?$basic_string@DU?$char_traits@D@std@@V?$allocator@D@2@@std@@@2@@std@@QAE?AViterator@12@XZ 0042b740 f i SerialPort.obj
 0001:0002a7a0       ?begin@?$list@V?$basic_string@DU?$char_traits@D@std@@V?$allocator@D@2@@std@@V?$allocator@V?$basic_string@DU?$char_traits@D@std@@V?$allocator@D@2@@std@@@2@@std@@QBE?AVconst_iterator@12@XZ 0042b7a0 f i SerialPort.obj
 0001:0002a800       ?end@?$list@V?$basic_string@DU?$char_traits@D@std@@V?$allocator@D@2@@std@@V?$allocator@V?$basic_string@DU?$char_traits@D@std@@V?$allocator@D@2@@std@@@2@@std@@QAE?AViterator@12@XZ 0042b800 f i SerialPort.obj
 0001:0002a850       ?end@?$list@V?$basic_string@DU?$char_traits@D@std@@V?$allocator@D@2@@std@@V?$allocator@V?$basic_string@DU?$char_traits@D@std@@V?$allocator@D@2@@std@@@2@@std@@QBE?AVconst_iterator@12@XZ 0042b850 f i SerialPort.obj
 0001:0002a8a0       ?size@?$list@V?$basic_string@DU?$char_traits@D@std@@V?$allocator@D@2@@std@@V?$allocator@V?$basic_string@DU?$char_traits@D@std@@V?$allocator@D@2@@std@@@2@@std@@QBEIXZ 0042b8a0 f i SerialPort.obj
 0001:0002a8d0       ?insert@?$list@V?$basic_string@DU?$char_traits@D@std@@V?$allocator@D@2@@std@@V?$allocator@V?$basic_string@DU?$char_traits@D@std@@V?$allocator@D@2@@std@@@2@@std@@QAE?AViterator@12@V312@ABV?$basic_string@DU?$char_traits@D@std@@V?$allocator@D@2@@2@@Z 0042b8d0 f i SerialPort.obj
 0001:0002a9b0       ?insert@?$list@V?$basic_string@DU?$char_traits@D@std@@V?$allocator@D@2@@std@@V?$allocator@V?$basic_string@DU?$char_traits@D@std@@V?$allocator@D@2@@std@@@2@@std@@QAEXViterator@12@Vconst_iterator@12@1@Z 0042b9b0 f i SerialPort.obj
 0001:0002aa20       ?erase@?$list@V?$basic_string@DU?$char_traits@D@std@@V?$allocator@D@2@@std@@V?$allocator@V?$basic_string@DU?$char_traits@D@std@@V?$allocator@D@2@@std@@@2@@std@@QAE?AViterator@12@V312@0@Z 0042ba20 f i SerialPort.obj
 0001:0002aa90       ?_Buynode@?$list@V?$basic_string@DU?$char_traits@D@std@@V?$allocator@D@2@@std@@V?$allocator@V?$basic_string@DU?$char_traits@D@std@@V?$allocator@D@2@@std@@@2@@std@@IAEPAU_Node@12@PAU312@0@Z 0042ba90 f i SerialPort.obj
 0001:0002ab20       ?_Freenode@?$list@V?$basic_string@DU?$char_traits@D@std@@V?$allocator@D@2@@std@@V?$allocator@V?$basic_string@DU?$char_traits@D@std@@V?$allocator@D@2@@std@@@2@@std@@IAEXPAU_Node@12@@Z 0042bb20 f i SerialPort.obj
 0001:0002ab60       ?assign@?$basic_string@DU?$char_traits@D@std@@V?$allocator@D@2@@std@@QAEAAV12@PBDI@Z 0042bb60 f i SerialPort.obj
 0001:0002abd0       ?erase@?$basic_string@DU?$char_traits@D@std@@V?$allocator@D@2@@std@@QAEAAV12@II@Z 0042bbd0 f i SerialPort.obj
 0001:0002aca0       ?move@?$char_traits@D@std@@SAPADPADPBDI@Z 0042bca0 f i SerialPort.obj
 0001:0002ace0       ?capacity@?$basic_string@DU?$char_traits@D@std@@V?$allocator@D@2@@std@@QBEIXZ 0042bce0 f i SerialPort.obj
 0001:0002ad10       ?_Eos@?$basic_string@DU?$char_traits@D@std@@V?$allocator@D@2@@std@@AAEXI@Z 0042bd10 f i SerialPort.obj
 0001:0002ad70       ?assign@?$char_traits@D@std@@SAXAADABD@Z 0042bd70 f i SerialPort.obj
 0001:0002ada0       ?_Grow@?$basic_string@DU?$char_traits@D@std@@V?$allocator@D@2@@std@@AAE_NI_N@Z 0042bda0 f i SerialPort.obj
 0001:0002af00       ?_Refcnt@?$basic_string@DU?$char_traits@D@std@@V?$allocator@D@2@@std@@AAEAAEPBD@Z 0042bf00 f i SerialPort.obj
 0001:0002af30       ?deallocate@?$allocator@D@std@@QAEXPAXI@Z 0042bf30 f i SerialPort.obj
 0001:0002af70       ?erase@?$list@V?$basic_string@DU?$char_traits@D@std@@V?$allocator@D@2@@std@@V?$allocator@V?$basic_string@DU?$char_traits@D@std@@V?$allocator@D@2@@std@@@2@@std@@QAE?AViterator@12@V312@@Z 0042bf70 f i SerialPort.obj
 0001:0002b050       ?_Next@_Acc@?$list@V?$basic_string@DU?$char_traits@D@std@@V?$allocator@D@2@@std@@V?$allocator@V?$basic_string@DU?$char_traits@D@std@@V?$allocator@D@2@@std@@@2@@std@@SAAAPAU_Node@23@PAU423@@Z 0042c050 f i SerialPort.obj
 0001:0002b080       ?_Prev@_Acc@?$list@V?$basic_string@DU?$char_traits@D@std@@V?$allocator@D@2@@std@@V?$allocator@V?$basic_string@DU?$char_traits@D@std@@V?$allocator@D@2@@std@@@2@@std@@SAAAPAU_Node@23@PAU423@@Z 0042c080 f i SerialPort.obj
 0001:0002b0b0       ?_Value@_Acc@?$list@V?$basic_string@DU?$char_traits@D@std@@V?$allocator@D@2@@std@@V?$allocator@V?$basic_string@DU?$char_traits@D@std@@V?$allocator@D@2@@std@@@2@@std@@SAAAV?$basic_string@DU?$char_traits@D@std@@V?$allocator@D@2@@3@PAU_Node@23@@Z 0042c0b0 f i SerialPort.obj
 0001:0002b0e0       ?_Charalloc@?$allocator@V?$basic_string@DU?$char_traits@D@std@@V?$allocator@D@2@@std@@@std@@QAEPADI@Z 0042c0e0 f i SerialPort.obj
 0001:0002b120       ?deallocate@?$allocator@V?$basic_string@DU?$char_traits@D@std@@V?$allocator@D@2@@std@@@std@@QAEXPAXI@Z 0042c120 f i SerialPort.obj
 0001:0002b160       ?construct@?$allocator@V?$basic_string@DU?$char_traits@D@std@@V?$allocator@D@2@@std@@@std@@QAEXPAV?$basic_string@DU?$char_traits@D@std@@V?$allocator@D@2@@2@ABV32@@Z 0042c160 f i SerialPort.obj
 0001:0002b1a0       ??0const_iterator@?$list@V?$basic_string@DU?$char_traits@D@std@@V?$allocator@D@2@@std@@V?$allocator@V?$basic_string@DU?$char_traits@D@std@@V?$allocator@D@2@@std@@@2@@std@@QAE@PAU_Node@12@@Z 0042c1a0 f i SerialPort.obj
 0001:0002b1e0       ??Dconst_iterator@?$list@V?$basic_string@DU?$char_traits@D@std@@V?$allocator@D@2@@std@@V?$allocator@V?$basic_string@DU?$char_traits@D@std@@V?$allocator@D@2@@std@@@2@@std@@QBEABV?$basic_string@DU?$char_traits@D@std@@V?$allocator@D@2@@2@XZ 0042c1e0 f i SerialPort.obj
 0001:0002b220       ??Econst_iterator@?$list@V?$basic_string@DU?$char_traits@D@std@@V?$allocator@D@2@@std@@V?$allocator@V?$basic_string@DU?$char_traits@D@std@@V?$allocator@D@2@@std@@@2@@std@@QAEAAV012@XZ 0042c220 f i SerialPort.obj
 0001:0002b270       ??9const_iterator@?$list@V?$basic_string@DU?$char_traits@D@std@@V?$allocator@D@2@@std@@V?$allocator@V?$basic_string@DU?$char_traits@D@std@@V?$allocator@D@2@@std@@@2@@std@@QBE_NABV012@@Z 0042c270 f i SerialPort.obj
 0001:0002b2c0       ?_Mynode@const_iterator@?$list@V?$basic_string@DU?$char_traits@D@std@@V?$allocator@D@2@@std@@V?$allocator@V?$basic_string@DU?$char_traits@D@std@@V?$allocator@D@2@@std@@@2@@std@@QBEPAU_Node@23@XZ 0042c2c0 f i SerialPort.obj
 0001:0002b2f0       ??0iterator@?$list@V?$basic_string@DU?$char_traits@D@std@@V?$allocator@D@2@@std@@V?$allocator@V?$basic_string@DU?$char_traits@D@std@@V?$allocator@D@2@@std@@@2@@std@@QAE@PAU_Node@12@@Z 0042c2f0 f i SerialPort.obj
 0001:0002b330       ??Eiterator@?$list@V?$basic_string@DU?$char_traits@D@std@@V?$allocator@D@2@@std@@V?$allocator@V?$basic_string@DU?$char_traits@D@std@@V?$allocator@D@2@@std@@@2@@std@@QAE?AV012@H@Z 0042c330 f i SerialPort.obj
 0001:0002b380       ??9iterator@?$list@V?$basic_string@DU?$char_traits@D@std@@V?$allocator@D@2@@std@@V?$allocator@V?$basic_string@DU?$char_traits@D@std@@V?$allocator@D@2@@std@@@2@@std@@QBE_NABV012@@Z 0042c380 f i SerialPort.obj
 0001:0002b3d0       ?max_size@?$basic_string@DU?$char_traits@D@std@@V?$allocator@D@2@@std@@QBEIXZ 0042c3d0 f i SerialPort.obj
 0001:0002b430       ?_Copy@?$basic_string@DU?$char_traits@D@std@@V?$allocator@D@2@@std@@AAEXI@Z 0042c430 f i SerialPort.obj
 0001:0002b590       ?_Split@?$basic_string@DU?$char_traits@D@std@@V?$allocator@D@2@@std@@AAEXXZ 0042c590 f i SerialPort.obj
 0001:0002b620       ?destroy@?$allocator@V?$basic_string@DU?$char_traits@D@std@@V?$allocator@D@2@@std@@@std@@QAEXPAV?$basic_string@DU?$char_traits@D@std@@V?$allocator@D@2@@2@@Z 0042c620 f i SerialPort.obj
 0001:0002b660       ??8const_iterator@?$list@V?$basic_string@DU?$char_traits@D@std@@V?$allocator@D@2@@std@@V?$allocator@V?$basic_string@DU?$char_traits@D@std@@V?$allocator@D@2@@std@@@2@@std@@QBE_NABV012@@Z 0042c660 f i SerialPort.obj
 0001:0002b6a0       ??Eiterator@?$list@V?$basic_string@DU?$char_traits@D@std@@V?$allocator@D@2@@std@@V?$allocator@V?$basic_string@DU?$char_traits@D@std@@V?$allocator@D@2@@std@@@2@@std@@QAEAAV012@XZ 0042c6a0 f i SerialPort.obj
 0001:0002b6f0       ??8iterator@?$list@V?$basic_string@DU?$char_traits@D@std@@V?$allocator@D@2@@std@@V?$allocator@V?$basic_string@DU?$char_traits@D@std@@V?$allocator@D@2@@std@@@2@@std@@QBE_NABV012@@Z 0042c6f0 f i SerialPort.obj
 0001:0002b730       ?allocate@?$allocator@D@std@@QAEPADIPBX@Z 0042c730 f i SerialPort.obj
 0001:0002b770       ?max_size@?$allocator@D@std@@QBEIXZ 0042c770 f i SerialPort.obj
 0001:0002b7c0       ??8std@@YA_NABV?$allocator@D@0@0@Z 0042c7c0 f i SerialPort.obj
 0001:0002b7f0       ?_Construct@std@@YAXPAV?$basic_string@DU?$char_traits@D@std@@V?$allocator@D@2@@1@ABV21@@Z 0042c7f0 f i SerialPort.obj
 0001:0002b880       ??3@YAXPAX0@Z              0042c880 f i SerialPort.obj
 0001:0002b8a0       ?_Destroy@std@@YAXPAV?$basic_string@DU?$char_traits@D@std@@V?$allocator@D@2@@1@@Z 0042c8a0 f i SerialPort.obj
 0001:0002b8e0       ??_G?$basic_string@DU?$char_traits@D@std@@V?$allocator@D@2@@std@@QAEPAXI@Z 0042c8e0 f i SerialPort.obj
 0001:0002b9b6       _GetStdHandle@4            0042c9b6 f   kernel32:KERNEL32.dll
 0001:0002b9bc       _GetConsoleWindow@0        0042c9bc f   kernel32:KERNEL32.dll
 0001:0002b9c2       _SetConsoleTitleA@4        0042c9c2 f   kernel32:KERNEL32.dll
 0001:0002b9c8       _Sleep@4                   0042c9c8 f   kernel32:KERNEL32.dll
 0001:0002b9ce       _SetConsoleCursorInfo@8    0042c9ce f   kernel32:KERNEL32.dll
 0001:0002b9d4       _SetConsoleCursorPosition@8 0042c9d4 f   kernel32:KERNEL32.dll
 0001:0002b9da       _InitializeCriticalSection@4 0042c9da f   kernel32:KERNEL32.dll
 0001:0002b9e0       _CreateEventA@16           0042c9e0 f   kernel32:KERNEL32.dll
 0001:0002b9e6       _DeleteCriticalSection@4   0042c9e6 f   kernel32:KERNEL32.dll
 0001:0002b9ec       _CloseHandle@4             0042c9ec f   kernel32:KERNEL32.dll
 0001:0002b9f2       _PurgeComm@8               0042c9f2 f   kernel32:KERNEL32.dll
 0001:0002b9f8       _SetCommState@8            0042c9f8 f   kernel32:KERNEL32.dll
 0001:0002b9fe       _GetCommState@8            0042c9fe f   kernel32:KERNEL32.dll
 0001:0002ba04       _SetCommMask@8             0042ca04 f   kernel32:KERNEL32.dll
 0001:0002ba0a       _SetCommTimeouts@8         0042ca0a f   kernel32:KERNEL32.dll
 0001:0002ba10       _LeaveCriticalSection@4    0042ca10 f   kernel32:KERNEL32.dll
 0001:0002ba16       _GetLastError@0            0042ca16 f   kernel32:KERNEL32.dll
 0001:0002ba1c       _CreateFileA@28            0042ca1c f   kernel32:KERNEL32.dll
 0001:0002ba22       _EnterCriticalSection@4    0042ca22 f   kernel32:KERNEL32.dll
 0001:0002ba28       _GetCommMask@8             0042ca28 f   kernel32:KERNEL32.dll
 0001:0002ba2e       _ExitThread@4              0042ca2e f   kernel32:KERNEL32.dll
 0001:0002ba34       _WaitForSingleObject@8     0042ca34 f   kernel32:KERNEL32.dll
 0001:0002ba3a       _ClearCommError@12         0042ca3a f   kernel32:KERNEL32.dll
 0001:0002ba40       _WaitCommEvent@12          0042ca40 f   kernel32:KERNEL32.dll
 0001:0002ba46       _CreateThread@24           0042ca46 f   kernel32:KERNEL32.dll
 0001:0002ba4c       _ResumeThread@4            0042ca4c f   kernel32:KERNEL32.dll
 0001:0002ba52       _SuspendThread@4           0042ca52 f   kernel32:KERNEL32.dll
 0001:0002ba58       _LocalFree@4               0042ca58 f   kernel32:KERNEL32.dll
 0001:0002ba5e       _FormatMessageA@28         0042ca5e f   kernel32:KERNEL32.dll
 0001:0002ba64       _GetOverlappedResult@16    0042ca64 f   kernel32:KERNEL32.dll
 0001:0002ba6a       _WriteFile@20              0042ca6a f   kernel32:KERNEL32.dll
 0001:0002ba70       _ResetEvent@4              0042ca70 f   kernel32:KERNEL32.dll
 0001:0002ba76       _ReadFile@20               0042ca76 f   kernel32:KERNEL32.dll
 0001:0002ba7c       _SetEvent@4                0042ca7c f   kernel32:KERNEL32.dll
 0001:0002ba82       _MessageBoxA@16            0042ca82 f   user32:USER32.dll
 0001:0002ba88       _SendMessageA@16           0042ca88 f   user32:USER32.dll
 0001:0002ba8e       _MsgWaitForMultipleObjects@20 0042ca8e f   user32:USER32.dll
 0001:0002ba94       _PostMessageA@16           0042ca94 f   user32:USER32.dll
 0001:0002ba9a       _DispatchMessageA@4        0042ca9a f   user32:USER32.dll
 0001:0002baa0       _TranslateMessage@4        0042caa0 f   user32:USER32.dll
 0001:0002baa6       _PeekMessageA@20           0042caa6 f   user32:USER32.dll
 0001:0002baac       _RegCloseKey@4             0042caac f   advapi32:ADVAPI32.dll
 0001:0002bab2       _RegEnumValueA@32          0042cab2 f   advapi32:ADVAPI32.dll
 0001:0002bab8       _RegQueryInfoKeyA@48       0042cab8 f   advapi32:ADVAPI32.dll
 0001:0002babe       _RegOpenKeyExA@20          0042cabe f   advapi32:ADVAPI32.dll
 0001:0002bad0       ??3@YAXPAX@Z               0042cad0 f   libcpd:delop.obj
 0001:0002baf0       ?_Xlen@std@@YAXXZ          0042caf0 f   libcpd:string.obj
 0001:0002bb50       ??0logic_error@std@@QAE@ABV01@@Z 0042cb50 f i libcpd:string.obj
 0001:0002bbc0       ?what@logic_error@std@@UBEPBDXZ 0042cbc0 f i libcpd:string.obj
 0001:0002bbe0       ?_Doraise@logic_error@std@@MBEXXZ 0042cbe0 f i libcpd:string.obj
 0001:0002bc10       ??1logic_error@std@@UAE@XZ 0042cc10 f i libcpd:string.obj
 0001:0002bc70       ??_Elogic_error@std@@UAEPAXI@Z 0042cc70 f i libcpd:string.obj
 0001:0002bc70       ??_Glogic_error@std@@UAEPAXI@Z 0042cc70 f i libcpd:string.obj
 0001:0002bca0       ??0length_error@std@@QAE@ABV?$basic_string@DU?$char_traits@D@std@@V?$allocator@D@2@@1@@Z 0042cca0 f i libcpd:string.obj
 0001:0002bcd0       ??0logic_error@std@@QAE@ABV?$basic_string@DU?$char_traits@D@std@@V?$allocator@D@2@@1@@Z 0042ccd0 f i libcpd:string.obj
 0001:0002bd40       ??1length_error@std@@UAE@XZ 0042cd40 f i libcpd:string.obj
 0001:0002bd60       ?_Doraise@length_error@std@@MBEXXZ 0042cd60 f i libcpd:string.obj
 0001:0002bd90       ??_Glength_error@std@@UAEPAXI@Z 0042cd90 f i libcpd:string.obj
 0001:0002bd90       ??_Elength_error@std@@UAEPAXI@Z 0042cd90 f i libcpd:string.obj
 0001:0002bdc0       ??0length_error@std@@QAE@ABV01@@Z 0042cdc0 f i libcpd:string.obj
 0001:0002bdf0       ?_Xran@std@@YAXXZ          0042cdf0 f   libcpd:string.obj
 0001:0002be50       ??0out_of_range@std@@QAE@ABV?$basic_string@DU?$char_traits@D@std@@V?$allocator@D@2@@1@@Z 0042ce50 f i libcpd:string.obj
 0001:0002be80       ??1out_of_range@std@@UAE@XZ 0042ce80 f i libcpd:string.obj
 0001:0002bea0       ?_Doraise@out_of_range@std@@MBEXXZ 0042cea0 f i libcpd:string.obj
 0001:0002bed0       ??_Eout_of_range@std@@UAEPAXI@Z 0042ced0 f i libcpd:string.obj
 0001:0002bed0       ??_Gout_of_range@std@@UAEPAXI@Z 0042ced0 f i libcpd:string.obj
 0001:0002bf00       ??0out_of_range@std@@QAE@ABV01@@Z 0042cf00 f i libcpd:string.obj
 0001:0002bf70       ?id@?$collate@D@std@@$D    0042cf70 f i libcpd:string.obj
 0001:0002bfc0       ?id@?$collate@D@std@@$E    0042cfc0 f i libcpd:string.obj
 0001:0002bfd0       __fpmath                   0042cfd0 f   LIBCD:fpinit.obj
 0001:0002c000       __fpclear                  0042d000 f   LIBCD:fpinit.obj
 0001:0002c010       __cfltcvt_init             0042d010 f   LIBCD:fpinit.obj
 0001:0002c060       ___setfflag                0042d060 f   LIBCD:fpinit.obj
 0001:0002c080       __chkesp                   0042d080 f   LIBCD:chkesp.obj
 0001:0002c0c0       __onexit                   0042d0c0 f   LIBCD:onexit.obj
 0001:0002c170       _atexit                    0042d170 f   LIBCD:onexit.obj
 0001:0002c190       ___onexitinit              0042d190 f   LIBCD:onexit.obj
 0001:0002c1e0       ??2@YAPAXI@Z               0042d1e0 f   LIBCD:new.obj
 0001:0002c200       ??_M@YGXPAXIHP6EX0@Z@Z     0042d200 f   LIBCD:ehvecdtr.obj
 0001:0002c2b0       ?__ArrayUnwind@@YGXPAXIHP6EX0@Z@Z 0042d2b0 f   LIBCD:ehvecdtr.obj
 0001:0002c360       _printf                    0042d360 f   LIBCD:printf.obj
 0001:0002c3e0       __cinit                    0042d3e0 f   LIBCD:crt0dat.obj
 0001:0002c420       _exit                      0042d420 f   LIBCD:crt0dat.obj
 0001:0002c440       __exit                     0042d440 f   LIBCD:crt0dat.obj
 0001:0002c460       __cexit                    0042d460 f   LIBCD:crt0dat.obj
 0001:0002c480       __c_exit                   0042d480 f   LIBCD:crt0dat.obj
 0001:0002c5b0       ?_JumpToContinuation@@YGXPAXPAUEHRegistrationNode@@@Z 0042d5b0 f   LIBCD:trnsctrl.obj
 0001:0002c5f0       ?_CallMemberFunction0@@YGXPAX0@Z 0042d5f0 f   LIBCD:trnsctrl.obj
 0001:0002c600       ?_CallMemberFunction1@@YGXPAX00@Z 0042d600 f   LIBCD:trnsctrl.obj
 0001:0002c610       ?_CallMemberFunction2@@YGXPAX00H@Z 0042d610 f   LIBCD:trnsctrl.obj
 0001:0002c620       ?_UnwindNestedFrames@@YGXPAUEHRegistrationNode@@PAUEHExceptionRecord@@@Z 0042d620 f   LIBCD:trnsctrl.obj
 0001:0002c680       ___CxxFrameHandler         0042d680 f   LIBCD:trnsctrl.obj
 0001:0002c6c0       ___CxxLongjmpUnwind@4      0042d6c0 f   LIBCD:trnsctrl.obj
 0001:0002c6f0       ?_CallCatchBlock2@@YAPAXPAUEHRegistrationNode@@PBU_s_FuncInfo@@PAXHK@Z 0042d6f0 f   LIBCD:trnsctrl.obj
 0001:0002c7a0       ?_CallSETranslator@@YAHPAUEHExceptionRecord@@PAUEHRegistrationNode@@PAX2PBU_s_FuncInfo@@H1@Z 0042d7a0 f   LIBCD:trnsctrl.obj
 0001:0002c900       ?_GetRangeOfTrysToCheck@@YAPBU_s_TryBlockMapEntry@@PBU_s_FuncInfo@@HHPAI1@Z 0042d900 f   LIBCD:trnsctrl.obj
 0001:0002c990       __alloca_probe             0042d990 f   LIBCD:chkstk.obj
 0001:0002c990       __chkstk                   0042d990 f   LIBCD:chkstk.obj
 0001:0002c9c0       __global_unwind2           0042d9c0 f   LIBCD:exsup.obj
 0001:0002ca02       __local_unwind2            0042da02 f   LIBCD:exsup.obj
 0001:0002ca5a       __NLG_Return2              0042da5a f   LIBCD:exsup.obj
 0001:0002ca6a       __abnormal_termination     0042da6a f   LIBCD:exsup.obj
 0001:0002ca8d       __NLG_Notify1              0042da8d f   LIBCD:exsup.obj
 0001:0002ca96       __NLG_Notify               0042da96 f   LIBCD:exsup.obj
 0001:0002caa9       __NLG_Dispatch             0042daa9 f   LIBCD:exsup.obj
 0001:0002cab0       __CIsqrt                   0042dab0 f   LIBCD:sqrt.obj
 0001:0002cac4       _sqrt                      0042dac4 f   LIBCD:sqrt.obj
 0001:0002cb70       _atan2                     0042db70 f   LIBCD:87ctriga.obj
 0001:0002cb7a       __CIatan2                  0042db7a f   LIBCD:87ctriga.obj
 0001:0002cb90       __CIcos                    0042db90 f   LIBCD:cos.obj
 0001:0002cba4       _cos                       0042dba4 f   LIBCD:cos.obj
 0001:0002cc40       __CIsin                    0042dc40 f   LIBCD:sin.obj
 0001:0002cc54       _sin                       0042dc54 f   LIBCD:sin.obj
 0001:0002ccf0       __CIpow                    0042dcf0 f   LIBCD:pow.obj
 0001:0002cd09       _pow                       0042dd09 f   LIBCD:pow.obj
 0001:0002cf10       __CIacos                   0042df10 f   LIBCD:acos.obj
 0001:0002cf24       _acos                      0042df24 f   LIBCD:acos.obj
 0001:0002cfe0       __CIasin                   0042dfe0 f   LIBCD:asin.obj
 0001:0002cff4       _asin                      0042dff4 f   LIBCD:asin.obj
 0001:0002d0b0       _fabs                      0042e0b0 f   LIBCD:fabs.obj
 0001:0002d1b0       _memcpy                    0042e1b0 f   LIBCD:memcpy.obj
 0001:0002d4f0       _memset                    0042e4f0 f   LIBCD:memset.obj
 0001:0002d550       __purecall                 0042e550 f   LIBCD:purevirt.obj
 0001:0002d560       __ftol                     0042e560 f   LIBCD:ftol.obj
 0001:0002d590       __Getdays                  0042e590 f   LIBCD:strftime.obj
 0001:0002d6c0       __Getmonths                0042e6c0 f   LIBCD:strftime.obj
 0001:0002d7f0       __Gettnames                0042e7f0 f   LIBCD:strftime.obj
 0001:0002db60       _strftime                  0042eb60 f   LIBCD:strftime.obj
 0001:0002db80       __Strftime                 0042eb80 f   LIBCD:strftime.obj
 0001:0002ea50       _localtime                 0042fa50 f   LIBCD:localtim.obj
 0001:0002ecb0       _time                      0042fcb0 f   LIBCD:time.obj
 0001:0002ee40       __access                   0042fe40 f   LIBCD:access.obj
 0001:0002eea0       _strlen                    0042fea0 f   LIBCD:strlen.obj
 0001:0002ef20       _fclose                    0042ff20 f   LIBCD:fclose.obj
 0001:0002f000       _fsetpos                   00430000 f   LIBCD:fsetpos.obj
 0001:0002f020       _fgets                     00430020 f   LIBCD:fgets.obj
 0001:0002f150       _ftell                     00430150 f   LIBCD:ftell.obj
 0001:0002f3e0       __fsopen                   004303e0 f   LIBCD:fopen.obj
 0001:0002f4d0       _fopen                     004304d0 f   LIBCD:fopen.obj
 0001:0002f4f0       _strcpy                    004304f0 f   LIBCD:strcat.obj
 0001:0002f500       _strcat                    00430500 f   LIBCD:strcat.obj
 0001:0002f5e0       _sscanf                    004305e0 f   LIBCD:sscanf.obj
 0001:0002f6a0       _fread                     004306a0 f   LIBCD:fread.obj
 0001:0002f870       _fseek                     00430870 f   LIBCD:fseek.obj
 0001:0002f9a0       _fwrite                    004309a0 f   LIBCD:fwrite.obj
 0001:0002fbc0       _malloc                    00430bc0 f   LIBCD:dbgheap.obj
 0001:0002fbf0       __malloc_dbg               00430bf0 f   LIBCD:dbgheap.obj
 0001:0002fc20       __nh_malloc                00430c20 f   LIBCD:dbgheap.obj
 0001:0002fc40       __nh_malloc_dbg            00430c40 f   LIBCD:dbgheap.obj
 0001:0002fc90       __heap_alloc               00430c90 f   LIBCD:dbgheap.obj
 0001:0002fcb0       __heap_alloc_dbg           00430cb0 f   LIBCD:dbgheap.obj
 0001:0002ffd0       _calloc                    00430fd0 f   LIBCD:dbgheap.obj
 0001:00030000       __calloc_dbg               00431000 f   LIBCD:dbgheap.obj
 0001:00030060       _realloc                   00431060 f   LIBCD:dbgheap.obj
 0001:00030090       __realloc_dbg              00431090 f   LIBCD:dbgheap.obj
 0001:000305e0       __expand                   004315e0 f   LIBCD:dbgheap.obj
 0001:00030610       __expand_dbg               00431610 f   LIBCD:dbgheap.obj
 0001:00030640       _free                      00431640 f   LIBCD:dbgheap.obj
 0001:00030660       __free_dbg                 00431660 f   LIBCD:dbgheap.obj
 0001:00030a50       __msize                    00431a50 f   LIBCD:dbgheap.obj
 0001:00030a70       __msize_dbg                00431a70 f   LIBCD:dbgheap.obj
 0001:00030bc0       __CrtSetBreakAlloc         00431bc0 f   LIBCD:dbgheap.obj
 0001:00030be0       __CrtSetDbgBlockType       00431be0 f   LIBCD:dbgheap.obj
 0001:00030c70       __CrtSetAllocHook          00431c70 f   LIBCD:dbgheap.obj
 0001:00030d20       __CrtCheckMemory           00431d20 f   LIBCD:dbgheap.obj
 0001:00031080       __CrtSetDbgFlag            00432080 f   LIBCD:dbgheap.obj
 0001:000310b0       __CrtDoForAllClientObjects 004320b0 f   LIBCD:dbgheap.obj
 0001:00031110       __CrtIsValidPointer        00432110 f   LIBCD:dbgheap.obj
 0001:00031160       __CrtIsValidHeapPointer    00432160 f   LIBCD:dbgheap.obj
 0001:00031290       __CrtIsMemoryBlock         00432290 f   LIBCD:dbgheap.obj
 0001:00031370       __CrtSetDumpClient         00432370 f   LIBCD:dbgheap.obj
 0001:00031390       __CrtMemCheckpoint         00432390 f   LIBCD:dbgheap.obj
 0001:000314f0       __CrtMemDifference         004324f0 f   LIBCD:dbgheap.obj
 0001:00031620       __CrtMemDumpAllObjectsSince 00432620 f   LIBCD:dbgheap.obj
 0001:000319f0       __CrtDumpMemoryLeaks       004329f0 f   LIBCD:dbgheap.obj
 0001:00031a70       __CrtMemDumpStatistics     00432a70 f   LIBCD:dbgheap.obj
 0001:00031b40       __CItan                    00432b40 f   LIBCD:tan.obj
 0001:00031b54       _tan                       00432b54 f   LIBCD:tan.obj
 0001:00031c00       _fflush                    00432c00 f   LIBCD:fflush.obj
 0001:00031c60       __flush                    00432c60 f   LIBCD:fflush.obj
 0001:00031d20       __flushall                 00432d20 f   LIBCD:fflush.obj
 0001:00031e10       _sprintf                   00432e10 f   LIBCD:sprintf.obj
 0001:00031f10       _fscanf                    00432f10 f   LIBCD:fscanf.obj
 0001:00031fa0       _srand                     00432fa0 f   LIBCD:rand.obj
 0001:00031fb0       _rand                      00432fb0 f   LIBCD:rand.obj
 0001:00031fe0       __mbctoupper               00432fe0 f   LIBCD:mbtoupr.obj
 0001:000320c0       __assert                   004330c0 f   LIBCD:assert.obj
 0001:00032440       _memmove                   00433440 f   LIBCD:memmove.obj
 0001:00032780       _mainCRTStartup            00433780 f   LIBCD:crt0.obj
 0001:000328b0       __amsg_exit                004338b0 f   LIBCD:crt0.obj
 0001:00032910       ??0exception@@QAE@XZ       00433910 f   LIBCD:stdexcpt.obj
 0001:00032940       ??_Eexception@@UAEPAXI@Z   00433940 f i LIBCD:stdexcpt.obj
 0001:00032940       ??_Gexception@@UAEPAXI@Z   00433940 f i LIBCD:stdexcpt.obj
 0001:00032970       ??0exception@@QAE@ABQBD@Z  00433970 f   LIBCD:stdexcpt.obj
 0001:000329e0       ??0exception@@QAE@ABV0@@Z  004339e0 f   LIBCD:stdexcpt.obj
 0001:00032a70       ??4exception@@QAEAAV0@ABV0@@Z 00433a70 f   LIBCD:stdexcpt.obj
 0001:00032aa0       ??1exception@@UAE@XZ       00433aa0 f   LIBCD:stdexcpt.obj
 0001:00032ae0       ?what@exception@@UBEPBDXZ  00433ae0 f   LIBCD:stdexcpt.obj
 0001:00032b10       ??1type_info@@UAE@XZ       00433b10 f   LIBCD:typinfo.obj
 0001:00032b40       ??_Gtype_info@@UAEPAXI@Z   00433b40 f i LIBCD:typinfo.obj
 0001:00032b40       ??_Etype_info@@UAEPAXI@Z   00433b40 f i LIBCD:typinfo.obj
 0001:00032b70       ??8type_info@@QBEHABV0@@Z  00433b70 f   LIBCD:typinfo.obj
 0001:00032ba0       ??9type_info@@QBEHABV0@@Z  00433ba0 f   LIBCD:typinfo.obj
 0001:00032bd0       ?before@type_info@@QBEHABV1@@Z 00433bd0 f   LIBCD:typinfo.obj
 0001:00032c00       ?raw_name@type_info@@QBEPBDXZ 00433c00 f   LIBCD:typinfo.obj
 0001:00032c20       ??0type_info@@AAE@ABV0@@Z  00433c20 f   LIBCD:typinfo.obj
 0001:00032c40       ??4type_info@@AAEAAV0@ABV0@@Z 00433c40 f   LIBCD:typinfo.obj
 0001:00032c50       __CxxThrowException@8      00433c50 f   LIBCD:throw.obj
 0001:00032ca0       __setdefaultprecision      00433ca0 f   LIBCD:fp8.obj
 0001:00032cc0       __ms_p5_test_fdiv          00433cc0 f   LIBCD:testfdiv.obj
 0001:00032d20       __ms_p5_mp_test_fdiv       00433d20 f   LIBCD:testfdiv.obj
 0001:00032d70       __forcdecpt                00433d70 f   LIBCD:cvt.obj
 0001:00032e20       __cropzeros                00433e20 f   LIBCD:cvt.obj
 0001:00032f00       __positive                 00433f00 f   LIBCD:cvt.obj
 0001:00032f30       __fassign                  00433f30 f   LIBCD:cvt.obj
 0001:00032f80       __cftoe                    00433f80 f   LIBCD:cvt.obj
[...]
 0001:0002d31c       TrailUp2                   0042e31c f   LIBCD:memcpy.obj
 0001:0002d330       TrailUp3                   0042e330 f   LIBCD:memcpy.obj
 0001:0002d3a8       LeadDown1                  0042e3a8 f   LIBCD:memcpy.obj
 0001:0002d3c8       LeadDown2                  0042e3c8 f   LIBCD:memcpy.obj
 0001:0002d3f0       LeadDown3                  0042e3f0 f   LIBCD:memcpy.obj
 0001:0002d444       UnwindDown7                0042e444 f   LIBCD:memcpy.obj
 0001:0002d44c       UnwindDown6                0042e44c f   LIBCD:memcpy.obj
 0001:0002d454       UnwindDown5                0042e454 f   LIBCD:memcpy.obj
 0001:0002d45c       UnwindDown4                0042e45c f   LIBCD:memcpy.obj
 0001:0002d464       UnwindDown3                0042e464 f   LIBCD:memcpy.obj
 0001:0002d46c       UnwindDown2                0042e46c f   LIBCD:memcpy.obj
 0001:0002d474       UnwindDown1                0042e474 f   LIBCD:memcpy.obj
 0001:0002d487       UnwindDown0                0042e487 f   LIBCD:memcpy.obj
 0001:0002d4a0       TrailDown0                 0042e4a0 f   LIBCD:memcpy.obj
 0001:0002d4a8       TrailDown1                 0042e4a8 f   LIBCD:memcpy.obj
 0001:0002d4b8       TrailDown2                 0042e4b8 f   LIBCD:memcpy.obj
 0001:0002d4cc       TrailDown3                 0042e4cc f   LIBCD:memcpy.obj
 0001:0002d1d0       CopyUp                     0042e1d0 f   LIBCD:memcpy.obj
 0001:0002d1ec       CopyLeadUp                 0042e1ec f   LIBCD:memcpy.obj
 0001:0002d204       ByteCopyUp                 0042e204 f   LIBCD:memcpy.obj
 0001:0002d20c       CopyUnwindUp               0042e20c f   LIBCD:memcpy.obj
 0001:0002d348       CopyDown                   0042e348 f   LIBCD:memcpy.obj
 0001:0002d370       CopyUnwindDown             0042e370 f   LIBCD:memcpy.obj
 0001:0002d37c       CopyLeadDown               0042e37c f   LIBCD:memcpy.obj
 0001:0002d394       ByteCopyDown               0042e394 f   LIBCD:memcpy.obj
 0001:0002c9d8       _gu_return                 0042d9d8 f   LIBCD:exsup.obj
 0001:0002c9e0       __unwind_handler           0042d9e0 f   LIBCD:exsup.obj
 0001:0002c990       _$$$00001                  0042d990 f   LIBCD:chkstk.obj
 0001:0002c99c       probepages                 0042d99c f   LIBCD:chkstk.obj
 0001:0002c9b0       lastpage                   0042d9b0 f   LIBCD:chkstk.obj
 0001:0002c760       ?CatchGuardHandler@@YA?AW4_EXCEPTION_DISPOSITION@@PAUEHExceptionRecord@@PAUCatchGuardRN@@PAX2@Z 0042d760 f   LIBCD:trnsctrl.obj
 0001:0002c870       ?TranslatorGuardHandler@@YA?AW4_EXCEPTION_DISPOSITION@@PAUEHExceptionRecord@@PAUTranslatorGuardRN@@PAX2@Z 0042d870 f   LIBCD:trnsctrl.obj
 0001:0002c4a0       _doexit                    0042d4a0 f   LIBCD:crt0dat.obj
 0001:0002c580       __initterm                 0042d580 f   LIBCD:crt0dat.obj
 0001:0002c330       ?ArrayUnwindFilter@@YAHPAU_EXCEPTION_POINTERS@@@Z 0042d330 f   LIBCD:ehvecdtr.obj

FIXUPS: 2d3fd 12 1d 20 1e 20 8d 12 13 19 fffffe31 19 18 14 fffffec1 7f
FIXUPS: 2d352 fffffe99 fffffee2 2d 12 6c 2d 18 fffffee5 ffffff35 5 a c9d
FIXUPS: 2dc93 1b 2a 10 fffffeaf 12 2a 10 1b 2a 10 ffffff3e a ffffff37 12
FIXUPS: 2dae1 16 10 1c 31 10 fffffe70 fffffc74 60 33 63 4f 131 19 4d 4a
FIXUPS: 2e00d 22 10 2c 2a 10 fffffe72 12 14 24 10 2a 2a 10 fffffd39 14
FIXUPS: 2dd3d 25 14 10 d 10 b 3d 3b 14 60 7 14 7 fffffd8b 12 1243 28 45
FIXUPS: 2ef36 2d 28 28 1c 29 41 84 3a 24 31 36 50 a 21 154 31c 20 28a ffffec3f
FIXUPS: 2e0c1 2b 28 16 1d 29 25 fffffe52 12 8c3 1c 1c 1c 1b 36 3a 9 2e
FIXUPS: 2e9db 48 9 2e 9 2e 9 2c 9 2c 9 2c 9 3d a0 f3 23 23 23 3a 51 24
FIXUPS: 2ee72 10fa 27 f f 27 fffffe87 ffffffb3 fffffc54 2d 18 1c 1e f ffffead5
FIXUPS: 2e5de 1b 50 9 2e 9 71 15 1b 51 9 2e 9 6e 15 37 15 1e 424b 28 ffffdf24
FIXUPS: 30a99 4f 79 fffffd30 66 1b 6c fffffdc1 7a 6a fffffde9 2a 33 1a
FIXUPS: 30400 2e 2a 2e 14 22 22 fffffc92 3e 146 70 fffffce8 2a 75 ffffff29
FIXUPS: 31fa1 20 49 33 142 23 1c 59 84 58 bf fd 76 11e a1 20 31 28 4f 3a
FIXUPS: 32817 18 45 18 1f 8c 69 2a 34 39 16 7c ffffed24 2b 3b 45 2b c 41
FIXUPS: 3197b 56 36 c 2b 1c 2c 1c 18 1f 62 51 60 5a ac 4e 51 2b 28 28 28
FIXUPS: 31ee0 2b 32 2b fffff0b9 52 38 3c 21 1b 1c 6b 28 32 4f 18 1f 5b
FIXUPS: 3134b 25 25 b3 19 59 5f 54 86 38 1f 2a 1c 50 1d 1f 62 34 1744 fffffd16
FIXUPS: 32c1a 28 76 6e 7d 41 fffffd63 12 2c 10 1d 2a 10 ffffdfe9 36 27
FIXUPS: 30c55 20 29 2f 1c 69 28 5f 54 21 128 1e 1b 34 2251 c 1d 16 15 16
FIXUPS: 332b2 11 14 16 14 f e 1e 20 16 15 16 14 16 14 19 19 a 1c fffffc1c
FIXUPS: 32f36 2a 20 fffffebc 2a 45 b70 2b 3d c 3a fffffd36 e f 10 a 5 5
FIXUPS: 33865 f 17 10 22 9 27 9 fffff80b 1e d 19 16 14 2c 1b 17 27 16 16
FIXUPS: 34066 140 2a 34 35 6b 12 29 43 5a 3d 33 3c 38 1c 1a 18 17 fffff895
FIXUPS: 33cae fffffe83 1a 13 28 30 30 fffffd65 13 2b c 2a 50 d5f 16 2b
FIXUPS: 347c3 2e 18 18 7a 63 34 47 1e d 2f 15 11 1d 21 14 26 19d 18 19
FIXUPS: 34c58 a fffff11c 28 19f 20 57 14 32 198f 131 25 123 1e 30 75 32
FIXUPS: 35d21 26 14 170 55 53 ffffef4d 21 7e c8 33 49 fffffd28 38 78 fffffe64
FIXUPS: 34cec 11 2f 25 fffff898 10b 2a 18 24ed 28 14 15 14 7 17 6b 20 fffff300
FIXUPS: 36066 18 a6 10 fffff089 34 24 cb 67 133 18 21 34 30 a8 e2 d5 ce
FIXUPS: 358fd 31 1e 2a d90 36 12 38 4c 31 16 f 17 37 19 92 18 20 62 a f3
FIXUPS: 36aca 24 f 1f 12 1e 26 f 1c 12 21 d a 13 16 66c 3d 49 132 31 fffffdb3
FIXUPS: 37237 7 10 fffffe9c 5e 7 fffffead fffffdc3 22 fffff37a 32 92 3f
FIXUPS: 362c8 15 31 51 ba 3c 27 37 a 3f 25 b2 65 156b 3e e 11 182 1d8 1ac
FIXUPS: 38131 33 1b6 f4 27 36 44 c 10 16 c fffff38a c8 1d 27 fffffb6d 12
FIXUPS: 3751f 5 55 3c 7 2f b2 15 135f 15d 19 18 c 25 15 3b 5b 52 6c c7
FIXUPS: 38e53 66 53 25 23 fffff746 1c3 17 fffff167 1d 53 1d 2b 2c c 3a
FIXUPS: 37b13 11 2f 44 3d2e ffffea9a fffffc37 2a 2a 227 fffffcb0 59 fffffbfe
FIXUPS: 39b2b dd 23f fffffaf9 82 2a fffffe04 66 23 6e fffffe66 3a ffffff09
FIXUPS: 396ab c 10 29 2a fffffe31 45 fffffd3d a fffff6ef 2480 23 10 70
FIXUPS: 3af0d 5a 46 2f c1 24 e5 39 76 4a 3d 76 6c 62 20 77 27 70 46 31
FIXUPS: 3b5fa 44 35 1c 147 8a 32 24 5b2 10 3e 54 4b 28 fffffadd 2a3 ffffe709
FIXUPS: 3a433 47 4a 9 19 a4 1aa 1d 118 1de 32 97 1f 58 a8 28 33 43 64 46
FIXUPS: 3adb8 12 2f 17ce 17 31 30 18 3f c 13 70 10 5c 62 37 1b 40 14 59
FIXUPS: 3c906 3f 6b fffffaa5 2f 80 36 fffffda5 2a 29 3b 51 fffffc96 1ae
FIXUPS: 3bd60 4001 ffffff78 fffffbc0 b6 7f 24 62 38 61 18 28 ffffd0c6 23
FIXUPS: 3cc52 6ef 192 19 de0 7e5 236 11a 9e a3 102 119 ffffd958 1b 64 fffffebb
FIXUPS: 3ca08 38 1d 4928 13 fffffa66 18 11b 21 4b 5d 17 b5 fffff92e 182
FIXUPS: 40bab fffffd2b a a fffffd1b 98 f6 fffff628 23 5 111 43 107 4a 12
FIXUPS: 4009f 25e 35 35 1e8 1be4 14 13 14 1a 19 fffffcd3 4a 94 2b fffff903
FIXUPS: 418d6 1e 13 22 fffffe07 36 28 1f 29 26 17 12 1c fffffcda fffffebc
FIXUPS: 41427 c 5a fffffe99 2a 1e 1a92 13 16 26 1e 41 93 20 68 82 10 30
FIXUPS: 4309b 30 10 fffff74a a7 fffffa75 21 21 24 2a 23 fffffec6 14 fffffcf6
FIXUPS: 41fe0 77 3a 59 15 17 2be6 b7 ffffebce 72 13 24 17 fffffdcd 2b fffffcdd
FIXUPS: 43540 44 4b fffffe4d 2a 44 4b ffffff11 fffffe19 29 ffffffa0 17
FIXUPS: 429f4 41 8c 14 26f 19 1c 13 2a 3a 2723 2d 2f fffffb8f 29 19 2c
FIXUPS: 44e9a 85 69 33 8c 34 fffff815 21 2b 28 1e 2c 38 16 22 23 ac 4e
FIXUPS: 44afe 125 1c 2b 37 1d 2b 14eb 43 4d 40 43 50 50 4d 65 60 fffffb20
FIXUPS: 45a94 2a0 5a 34 37 60 21 20 1d 11 15 15 fffffabc 37 fffffcdb 40
FIXUPS: 45868 85 fffffd13 55 fffffbff 21c3 eb 1c8 8c 152 6d 238 13 fffff1f7
FIXUPS: 46d78 35 35 13a c 10 c 27 6c fffffc80 1d fffffe7b fffffb63 48 141
FIXUPS: 4682d 35 140 fffffb7c 5f fffffb8a 4d 40 22ac 43 ffffff4b fffffce3
FIXUPS: 480dc 28 2c 3a 26 1c 5e 25 28 31 43 28 31 16 14 fffff964 43 33
FIXUPS: 47d4c bd 2d 9b 32 43 c 10 c fffff35c 2151 c 19 42 3c a7 19 28 c
FIXUPS: 495d3 fffff822 19 d9 13f 9e fffff9e4 70 4f 1df fffffa1f a7 fffffc9d
FIXUPS: 4851c 1c 1f 49 11 71 5f 1d c 47 fffe476e 35 1d e 1c 13 21 25 5
FIXUPS: 2cf3e 5 16 50 fffffb2f 1d33e fffffb6f 79 81 12 42 2f 87 fffffb8d
FIXUPS: 491c4 45 29 3a 40 3e 33 4b 59 fffe3778 1d84b b fffe27e5 19 1d817
FIXUPS: 4a3af fffe281f 23 e 44 f 1d772 b fffe28ac 13 21 4e 16 1d6d1 b fffe2965
FIXUPS: 2cd71 e 1c 13 21 49 13 e 1d5cb b fffb7f86 17 3b 7 c e b 10 e b
FIXUPS: 244c c c 27 3c d 2e 10 37 18 71 10 4f 13 13 56 16 13 13 13 2a41c
FIXUPS: 2cb2b fffd52ea 31 10 64 10 35 38 162 64 44 11 11 11 f 8 c 15 11
FIXUPS: 21ca 1b 14 10 3f 17 36 17 f 1a 2f 10 30 1a fffff60c 3e 17 34 c
FIXUPS: 1a10 11 f 33 20 25 18 34 10 30 1a 37 17 35 c 12 b e 11 b 15 c 1b
FIXUPS: 1c77 cd 10 b1 f88 ffffe2a2 19 45 b8 d3 bd 85 45 1f 31 2a bb 16
FIXUPS: 15d9 5 d 73 10 149 6d 3b 1c f f b 10 31 e 17 3b e 1126 12 2b 17
FIXUPS: 2adc 12 1a 4737f c c b fffb8cd7 d 2b 5 d 33 10 4e 15 1c 25 21 471e1
FIXUPS: 49ebf fffb8e48 1a 30 b b b b 23171 10 fffdc870 4b 7 7 7 7 7 7 7
FIXUPS: 27f1 7 7 7 7 7 7 7 7 7 f 15 19 14 31 39 c 38 d5 2a 44 2276c 30
FIXUPS: 2521c 1f 51 7e 16 49 1c 366 9d 213 1e 2c 16 11c 1c 4d 34 45 33
FIXUPS: 25c8a 27 41 99 30 37 5e 2a 2f 5 d ffffed25 46 1d 49 f 12 a e 3c
FIXUPS: 24d39 20 f c 1e 1b 31 16 8 10 5f 3d 88 55 c7 61 25 22 26 23 10
FIXUPS: 251a6 2b fffff2a6 1f 19 10 43 28 1a 1c 13 2c 11 16 1d a d 1f 10
FIXUPS: 2485b 4d 1e 10b a1 17 55 55 e 15 11 2a 25419 b fffdabf4 fffff468
FIXUPS: 24030 31 27 c9 16 3c 14 14 14 14 d 44 19 1c 16 16 16 16 16 26 a
FIXUPS: 2432a 10 46 18 18 17 18 18 17 28 fffff408 3c 2670b c fffd994f 26
FIXUPS: 2395b 4f ac 9 2a 30 80 4c e e 29 9 13 39 e e 15 10 3d 5c 17 17
FIXUPS: 23ddf ae af 85 fffff116 31 2a 6f 67 3a 30 2f 1c 1d 24 b 86 24 35
FIXUPS: 234a6 4a 2f 32 1a 19 35 1a 26 40 1a 3a 10 121 2e 23 26 fffff015
FIXUPS: 228f1 4b 1f 31 27 a5 45 4c 1e 3b 42 45 c 26 20 22 29 3f e 66 9
FIXUPS: 22d35 38 12 1f 1f 1f f2 c4 f5 31 fffff1ab a5 10 44 d 10 10 a 41
FIXUPS: 223e4 a 7 38 34 e e 19 3f e e 29 9 13 39 e e 15 10 3b b0 a7 96
FIXUPS: 21bfe 14 10 40 12d 1f 58 1b 2b 2e 59 d 34 a 10 31 3d c 23 24 7
FIXUPS: 21fff 16 2b 2c 16 2f 16 e4 19 53 10 fffff5c1 27 37 29 38 13 f 15
FIXUPS: 218f3 15 93 75 74 13 22 3b b b b b e e e e e e e e 36 e e e fffff3ec
FIXUPS: 20fef 3d 13 4b 13 4d 13 3f 21 21 1e d0 19 2bd 15 58 e e 23 29 3d
FIXUPS: 216b2 288b3 c fffd778e 22 3c 19 c 3b 16 fffff46c 7 7 d 49 13 46
FIXUPS: 20d08 7 7 d 4c 20 c 7 7 7 10 47 13 8b 15 7 7 7 7 7 1d 42 13 3d
FIXUPS: 20f9f fffff8eb 13 4d 13 49 13 b7 7 7 7 7 15 5c c 7 7 7 d 7e 7 7
FIXUPS: 20b5e 7 7 45 7 7 7 7 7 d 57 fffff4f2 1b3 40 57 25 7b 30 15 e 1a
FIXUPS: 204a7 13 53 25 32 21 e 1d 48 4b 11 10 60 3a 3e 13 3d 13 3d 13 3d
FIXUPS: 2083f fffff056 32 1c 2a 18 32 1c 2a 20 10 75 15 13 42 19 3b 73
FIXUPS: 1fb9a 13 15 1d 2a 2e 2d 24 11d af 5c 26 23 3c 103 ffffeefe 44 a
FIXUPS: 1efad 10 d f 13 167 38 e 16 4e 58 4c 7d 4b 13 20 28 3aa 12 f 8
FIXUPS: 1f7a6 19 25 29 c 1b 15 34 fffff264 36 2a 39 b e e 10 20 4d 7 35
FIXUPS: 1ece7 8 8 8 b 9 34 37 31 22 15 32 a 49 1e 7 2a f 2b a fffff440
FIXUPS: 1e348 d a 7 27 2b 25 41 18 18 e e e 10 54 2f d 13c 27 d 130 1be
FIXUPS: 1e99d a 35 6 46 30 a 45 30 fffff32b 47 9 d 5d e e e e e e 10 54
FIXUPS: 1df9b 16 61 a 25 2b 2a 5d 62 8d 13 13 36 1b 33 a 30 16 22 fffff42c
FIXUPS: 1d761 16 36 16 31 16 1c 4f 61 ff 4c 59 38 10 57 2b 28 33 d 27 7
FIXUPS: 1dc07 13 b4 63 22 33 12 12 3c f fffff43c 14 20 6 20 10 c7 1b 13
FIXUPS: 1d397 32 16 22 19 27 25 4f 30 7 13 7 36 16 2f d 19 d 25 b7 19 30
FIXUPS: 1d714 fffff2b2 33 a 31 16 31 58 a d a 7 33 33 a 32 16 2d 13 16
FIXUPS: 1cc44 44 a d a 7 28 2a 2b 34 433 5b 3c fffff2be 31 33 33 a 32 16
FIXUPS: 1c5ff 13 16 3a 19 27 2b 2b 33 70 20 26 7 32 27 7 2f 16 2a 16 2d
FIXUPS: 1c91a 32 31 16 fffff0bb e 16 16 1c 10 220 13 9 c 21 1e a ce 86
FIXUPS: 1bf58 11 16 10 2b9 20 27 7 32 26 7 d2 20 32 4b 32 a fffff3ee e
FIXUPS: 1b8aa e e e e e e e e e e e e e e e e e e e e e e e e e e e e e
FIXUPS: 1b662 e e e e e e e e e e e 16 16 1d c 10 5b e e e e e e e e e
FIXUPS: 1b848 e e e e fffffc22 e e e e e e e e e e e e e e e e e e e e
FIXUPS: 1b5c8 e e e e e e e e e e fffffc10 e e e e e e e e e e e e e e
FIXUPS: 1b336 e e e e e 16 16 2b a c 10 63 e e e e fffffbc6 a 7 1c 55 e
FIXUPS: 1b0f8 e e e e e e e e e e e e e e e e e e e e e e e e e fffff534
FIXUPS: 1a7b9 57 c 27 c 1a 1a 55 1a 1b 16 2d 23 7 36 a 16 7 3ae 13 52 de
FIXUPS: 1af25 14 10 64 16 10 10 37 7 ffffee22 e e e e 6c 56 10 67 18 43
FIXUPS: 1a20f d7 7 f 10 72 7 1c 33 b e e e e e e e e cb 1b2 c fffff14f
FIXUPS: 19861 2f f 3a 32 f 1b 21 44 13 13 13 72 66 67 8 21 51 23 24 8 d
FIXUPS: 19c5a 4a 4a 4a 4a 4d 22 36 e fffff5b3 37 43 38 1b 24 7 7 2a 10
FIXUPS: 19557 8 17 1f 2d 26 10 38 12 7 20 1a 22 30 2a 10 37 12 7 22 68
FIXUPS: 19818 fffff52a 26 10 39 19 45 19 41 b1 bc 81 33 18 d 34 d 71 2e
FIXUPS: 19199 19 43 4c 2a 1c 1c 23 12 6e a d 3e 10 fffff171 10 43 109 118
FIXUPS: 18894 a1 75 1f 31 29 18 10 38 d 39 1b 1f 16 d 16 10 45 2e a 19
FIXUPS: 18c2d 46 4e 2e 1c 1c fffff20c d 71 2e a 19 43 d0 d 4d 4a 31 55
FIXUPS: 18270 a 22 19 1f 10 4d 2a 1c 1c 26 38 8 50 10 46 20 1a 27 fffff36c
FIXUPS: 17873 7 7 7 7 7 7 d 37 e 19 67 e 72 17 17 12 1f 1d 44 32 b7 c8
FIXUPS: 17d1d 81 b8 22 31 2c 15 10 fffff497 7f a d 10 37 b9 30 52 26 f
FIXUPS: 17604 f 1e 12 27 10 19 f 1f 48 2e 10 10 70 74 7 7 7 7 7 7 fffff5c6
FIXUPS: 16e39 e 19 75 e e e e e e e e e e e e e aa d 1d 3a 2b 24 3f 1b
FIXUPS: 171a1 d 44 142 43 7 fffff72d 28 1a 1c 17 2b 2b 27 2f 1b 10 58 25
FIXUPS: 16c87 13 29 16 30 16 16 25 37 e e e e e e e e e e fffff750 1f 31
FIXUPS: 165e4 a2 16 3d a4 f 12 25 19 10 19 10 19 10 43 2e a 19 4b 10 60
FIXUPS: 169ac d 49 2c 1a 1c 15 1f fffff3d8 340d7 b fffcbf4f e e e e 19
FIXUPS: 15f65 e e e e 5c 24 19 a 13 11 16 12 20 43 17 12 35 76 d1 e7 d8
FIXUPS: 164df fffff165 18 3d 1b 21 fb 175 77 36 12 16 2e 77 34 3a 18 51
FIXUPS: 15bbe 2a 8c 2a 11 55 67 81 8 8 8 10 14 1c 12 ffffeffc 20 35095
FIXUPS: 49f14 e e c fffcaf4d 4f 10 9a 12 4a 9 cd ca e 7e 51 1f 31 2a 15
FIXUPS: 152fa 3f 13 19 a6 5f 137 57 12 fffff2b8 2e 36 2b 13 13 3a 13 13
FIXUPS: 14a11 13 13 57 14 2a c d 55 1f 30 1f 2d 59 28 c 2f 69 34 30 3b
FIXUPS: 14dc9 65 fffff5f2 7 7 7 7 7 7 7 d 33 e 5a 61 e 32 47 1e b 39 22
FIXUPS: 14694 22 42 46 35797 b b c fffca8af 47 47 47 fffff5e2 18 18 1d
FIXUPS: 13f8e 19 30 15 2b a5 1b 22 43 2f 1a 1c 13 2f 1a 1c 17 33 2c 31
FIXUPS: 142cd 4c 1e 1a 10 aa 7 7 fffff51a 19 18 2f 42 22 36 39 39 28 16
FIXUPS: 13af3 31 38 39 b8 16 10 4b 19 2a 1f 16 13 16 24 22 16 10 4b 18
FIXUPS: 13e46 ffffea5f 153 c1 15d 44 1f 31 2a 15f 157 160 168 154 c1 15c
FIXUPS: 13608 1f 31 2a 151 16 44 18 19 19 15 13 19 18 19 19 18 ffffe5ea
FIXUPS: 11f2f 2a 2e 2f 33 35 10 14 10 28f e e 19 33 e e ca 1f 1f 1f 1f
FIXUPS: 124ca 3f 19 11 10 38 17 12 43 155 fffff2de 42 5c 23 f 34 3b 2e
FIXUPS: 11ba9 4e 19 2f 7 31 7 41 38 f 16 19 f 10 3c 17 26 43 17 26 1c 38
FIXUPS: 11eb8 24 fffff2bd 3c 3d 39 159 b6 52 2c 14 1b 67 7 2f 31 8f 53
FIXUPS: 11790 28 19 35 7 26 25 7 7c 1e 14 31 8f f 16 19 fffff358 10 2e
FIXUPS: 10daf e e e e e e e 21 19 36 e e e e e e e e 21 19 10 1e 6b 38
FIXUPS: 110a8 68 62 d ffffed53 52 2c 50 2f f 13 16 f 4a 8 e 31 16 26b 6
FIXUPS: 10341 174 128 ab 45b 35 4c 2c 11 10 da a d 34 39 10 ffffebc2 88
FIXUPS: f98e 38 20 7 24 2e 27 7 26 f 29 a1 103 d 47 d 43 d 19 25 b b 14
FIXUPS: fe15 22 19 2c 7 26 22 fffff4a3 e e e e e e e e e 1c 10 10 21 63
FIXUPS: f4f1 32 30 60 47 28 2e 2b 28 2e 2e 41 8f 1c 1c 73 57 fffff8b1 e
FIXUPS: f19e e e e e e e e e e 19 2f e e e e e e e e e e e e e e e e e
FIXUPS: f360 fffffae2 18 6e 3c 3a 16 19 1f 42 16 19 18 19 19 1f 2e e e
FIXUPS: f0be e e e e e e e e e e e e e ffffe87a f 78 f 60 16 2cf 2f e9
FIXUPS: def2 10 42 1a 5f 1e 10 1ed 59 88 d 3d4 d 15e a6 a3 93 81 2f2 20
FIXUPS: edc6 33 d ffffd561 91 140 13 237 b1 12f d6 75 10 744 e e e 10 3c
FIXUPS: d285 e e 17 3e 44 25 43 1f 18 e 35 285 f c1 f ffffd7f3 7c 4d 1e
FIXUPS: b078 d 3e a1 3e 9e f9 34 96 16 34 93 e8 97 1ea 64 94 275 13 2be
FIXUPS: bfa6 13 32 171 6d 6e 72 6e ffffd558 66 19 25 4b 57 5d 5e 226 13
FIXUPS: 9d39 32 1a5 42 10b 1c 32 af af 32 af 1f 32 8f 27f 2d b6 10d 2d
FIXUPS: a917 416 7e ffffe180 3f 4e 1f 45 1c 62 1f 39 15f f1 8 10 40 10
FIXUPS: 93ce 1d 9 17 15 ba 1e 16 138 46 26 2d a 7 7 20 76 ffffee70 1f 3d
FIXUPS: 866e 16 16 16 16 e a4 24 1e b 24 24 23 64 8d 8d 72 77 52 1f bb
FIXUPS: 8be4 b 2f 2f 26 c3 9b 31 ffffe745 19d 33 a5 1db a5 c1 1f 144 1c
FIXUPS: 7cdd 1c d8 81 81 81 81 31 232 1f b0 1c 121 2e 59 13 13 13 13 13
FIXUPS: 8538 7c ffffeb63 1a 1a 1a 1a 29 15 a 15 a 15 c b 15 a 15 a 15 c
FIXUPS: 7292 a d 22 32 47 22 e 1c af 1f 96 1f fffff37d 32 68 23 4b 7 1f
FIXUPS: 69f7 10 a 22 31 10 1f 34 30 22 411 19 12 18 14 f 52 d 10 3b 43
FIXUPS: 709c 1f 1f 1f fffff043 d 1f 1f 45 1f 1f 3d d 10 49 1d 14 51 7 1f
FIXUPS: 6381 f9 3f 1c 37 1f 1f 66 1c 35 8 14e 45 28 1f 60 fffff1ae 1f 6
FIXUPS: 5a25 f 16 51 18 a 4f 56 31 29 13 13 5f 3e 13 13 23 33 1f 3c 15
FIXUPS: 5d81 16 23 5c 1f 32 10 1f fffff261 12 b 1c ac cb 4e 10 182 10 a9
FIXUPS: 555c b9 19 13 4b 1f 8c 1f 33 15 16 16 69 1f 60 15 2e 52 41 1f 30
FIXUPS: 4317 d 22 bb 63 25 1d 1d 35 a 22 371 1c 64 1c 8c 1c 64 1c be 1c
FIXUPS: 4b8d 1c 6c 1c 307 1c 51 1c cd 1f 37 ffffed63 8 f 19 19 14 29 42
FIXUPS: 3fc1 1f 67 8 8 37 13 99 14 10 a 7 d 33 19 1f 3c d 2d 1e 7 2a 1e
FIXUPS: 42d1 fffff420 6c 29 48 29 52 29 79 10 34 29 59 43 29 43 7 29 47
FIXUPS: 3b00 94 29 aa 10 6a 10 46 53 f 16 19 14 29 fffff1d4 d 34 11 24
FIXUPS: 305f 2a d 50 d 8f 3a d6 22 4e 22 34 22 25 22 1f a3 29 4e 29 42
FIXUPS: 358e 55 29 4e 29 45 252ff 2b 23 55 ec 49 1c 36 b b e e e e 10 fffda16a
FIXUPS: 2dc6 2c 11 25 23 1b 23 d 3b d 2b d 55 2e 11 d 253bb 43 72 20 46
FIXUPS: 28494 77 21d29 b fffde308 da 4b 15 e 53 5c 52 20 11 5b 21a38 b
FIXUPS: 28857 35 50 15 4a 1e 15 24 218e2 b fffdddc8 7 2e 3f 13 21 1b 27
FIXUPS: 28148 12 1a 22073 c b fffddfc5 15 17 2202b b fffddff4 5 d 33 10
FIXUPS: 282c2 15 e e e e c 20 fffff9d2 7 10 10 12 1a 22467 b fffddbfc 24
FIXUPS: 27e08 8 7 16 c b 8 35 7 32 c 15 12 21 25 15 68 7 7 7 74 7 2214a
FIXUPS: 279b1 d 30 21 15 19 16 1f 15 3f c 1f 3a 41 29 13 7 24 2b 17 f 12
FIXUPS: 27c50 22547 c c b fffddac4 21 21 22 22451 c c b fffdd53b d 30 21
FIXUPS: 27702 19 16 1b 15 4d c c 38 47 3f 5a 7 7 7 12 2b 17 f 12 1a 227e5
FIXUPS: 4a173 c fffdcfd3 22fa5 c c b fffdd064 21 13 19 16 26 49 15 1b 24
FIXUPS: 272b0 160 be 3e 28 30 3e 7 7 24 2b 17 f f 12 1a 22ac7 fffdccff
FIXUPS: 26e2d 12 2b 17 f 12 1a 2320b c c b fffdce04 24 13 19 16 2d c 1e
FIXUPS: 26fef 51 25 12 27 21 f 7 2b 17 f 12 fffff9ad 24 21 f 7 2b 17 f
FIXUPS: 26ba3 1a 234da c c b fffdcb37 d 30 24 15 19 16 1f 60 7 16 c c 3a
FIXUPS: 26db7 31 30 7 fffff8cc 13 1c 7 17 1a 23905 b fffdc71c 24 15 44
FIXUPS: 26839 24 15 2f 67 7 1b a c 6a 2a 14 1a 23675 b fffdc9ac 24 13 19
FIXUPS: 26aa7 2354b fffdc35c 15 18 3b 24 3b 7 7 17 1a 23bb3 b fffdc48c
FIXUPS: 264b3 16 3f 23 48 7 7 14 12 1a 23a66 c b fffdc5d0 15 16 2c 3b 62cb
FIXUPS: 2c99e 10 ffff95a7 22 a a 1c d0 15 28 3a 2b 28 7 17 1a 23e4e b fffdc1fc
FIXUPS: 261e3 1a 38 22 57 7 7 7 7 17 1a 23cec fffe248b 23 22 4c 16 1b 2e
FIXUPS: 2c579 1dddd fffe226b 17 1f c d 32 10 72 1a 76 10 c0 1f 30 1daf6
FIXUPS: 4a377 fffe2547 d 36 13 13 32 5 fffff639 7 c e b 10 e b 10 c c 27
FIXUPS: 2c104 10 2e 10 34 10 6e 10 30 1a 37 17 69 10 34 18 34 17 35 2b
FIXUPS: 2bb10 37 d 33 1d f 10 36 8 49 1d 15 10 39 10 74 10 68 a 18 17 21
FIXUPS: 2be35 13 24 15 2f c 25 f 62 10 fffff811 17 3b e 17 3e 17 39 17
FIXUPS: 2b8f1 c 12 b e 11 b 15 c 1b 17 3c c 11 11 f 35 17 f 1a 2e 20 25
FIXUPS: 2b3a1 a 8 31 e 17 11 9 19 16 8 e e 15 20 15 10 f 10 36 10 5d 10
FIXUPS: 2b5af 2e 10 82 17 28 11 3a 6c fffff86e f 21 66 f d 2c 10 3e 20
FIXUPS: 2b15f 1c f f b 10 31 f f f 21 2e 12 36 f d 30 f f d 3d d 1ef91
FIXUPS: 4a306 fffe09b6 18 19 8 f 15 c 1a 1f5d5 9 17 b fffe0a3e 10 40 14
FIXUPS: 2adf1 3c c 10 3a d 35 d 35 1e 3a 20 36 f fffff85e 1f 25 23 17 13
FIXUPS: 2a8cd 1f 29 1f 1f 21 1d 4b 13 1b 14 3f 16 d 4c 13 1b 14 3f 16 d
FIXUPS: 2abc6 13 15 1a 1f6dc fffdfea9 1e 19 21 31 1c 98 50 f 39 16 16 31
FIXUPS: 2a3d4 5a 1f 1e 19 20 3c 33 1c 98 50 f 39 16 16 2e 15 1f 11b fffff4a9
FIXUPS: 29cec 20 16 67 15 1f 16 10 35 1f 2b 8 15 1a 9 15 e 3b 29 1c 9f
FIXUPS: 2a034 f 30 16 21 23 18 1b 10 5e fffff52f 15 18 1b 16 15 ae 21 1c
FIXUPS: 2989a 50 19 20 2f 60 47 25 e 22 1c 14 e 37 34 34 37 37 50 25 41
FIXUPS: 29c61 3e fffff4c4 16 15 17 21125 b fffdef23 23 b 33 19 4d 1c 28
FIXUPS: 29322 1c 5c 90 28 22 52 3a 15 18 19 6f 22 25 61 13 f f fffff5f0
FIXUPS: 28cf8 17 1f d 29 63 e 11 9c 1d 28 f f d 2c 1b f 20 2132c c c b
FIXUPS: 28f9b 8a 1d 1d 40 10 57 1f 1f
